127.0.0.1 - - [29/Sep/2016:10:48:00 +0530] "GET / HTTP/1.1" 404 951
10.244.48.148 - - [29/Sep/2016:10:55:54 +0530] "POST /fidouaf_test/v1/public/appRegRequest HTTP/1.1" 200 44
10.244.0.10 - - [29/Sep/2016:10:55:54 +0530] "POST /fidouaf_test/v1/public/verifyQRContents HTTP/1.1" 200 38
10.244.0.10 - - [29/Sep/2016:10:55:56 +0530] "GET /fidouaf_test/v1/public/regRequest/138 HTTP/1.1" 200 5768
10.244.0.10 - - [29/Sep/2016:10:56:15 +0530] "POST /fidouaf_test/v1/public/regResponse HTTP/1.1" 200 4632
10.244.48.148 - - [29/Sep/2016:10:56:30 +0530] "POST /fidouaf_test/v1/public/notifyAuthenticators HTTP/1.1" 200 18
10.244.0.10 - - [29/Sep/2016:10:56:37 +0530] "GET /fidouaf_test/v1/public/authRequest/flexiblePolicy/138 HTTP/1.1" 200 695
10.244.48.148 - - [29/Sep/2016:10:59:15 +0530] "POST /fidouaf_test/v1/public/notifyAuthenticators HTTP/1.1" 200 18
10.244.0.10 - - [29/Sep/2016:10:59:20 +0530] "GET /fidouaf_test/v1/public/authRequest/flexiblePolicy/138 HTTP/1.1" 200 695
10.244.48.148 - - [29/Sep/2016:11:04:08 +0530] "POST /fidouaf_test/v1/public/notifyAuthenticators HTTP/1.1" 200 18
10.244.0.10 - - [29/Sep/2016:11:04:16 +0530] "GET /fidouaf_test/v1/public/authRequest/flexiblePolicy/138 HTTP/1.1" 200 695
10.244.48.148 - - [29/Sep/2016:11:08:27 +0530] "POST /fidouaf_test/v1/public/notifyAuthenticators HTTP/1.1" 200 18
10.244.0.10 - - [29/Sep/2016:11:08:40 +0530] "GET /fidouaf_test/v1/public/authRequest/flexiblePolicy/138 HTTP/1.1" 200 695
10.244.48.148 - - [29/Sep/2016:11:11:08 +0530] "POST /fidouaf_test/v1/public/notifyAuthenticators HTTP/1.1" 200 18
10.244.0.10 - - [29/Sep/2016:11:11:09 +0530] "GET /fidouaf_test/v1/public/authRequest/flexiblePolicy/138 HTTP/1.1" 200 695
10.244.48.148 - - [29/Sep/2016:11:17:50 +0530] "POST /fidouaf_test/v1/public/appRegRequest HTTP/1.1" 200 44
10.244.0.10 - - [29/Sep/2016:11:17:51 +0530] "POST /fidouaf_test/v1/public/verifyQRContents HTTP/1.1" 200 38
10.244.0.10 - - [29/Sep/2016:11:17:52 +0530] "GET /fidouaf_test/v1/public/regRequest/139 HTTP/1.1" 200 5768
10.244.0.10 - - [29/Sep/2016:11:18:12 +0530] "POST /fidouaf_test/v1/public/regResponse HTTP/1.1" 200 4633
10.244.48.148 - - [29/Sep/2016:11:22:18 +0530] "POST /fidouaf_test/v1/public/appRegRequest HTTP/1.1" 200 44
10.244.0.10 - - [29/Sep/2016:11:22:19 +0530] "POST /fidouaf_test/v1/public/verifyQRContents HTTP/1.1" 200 38
10.244.0.10 - - [29/Sep/2016:11:22:20 +0530] "GET /fidouaf_test/v1/public/regRequest/140 HTTP/1.1" 200 5768
10.244.48.148 - - [29/Sep/2016:11:24:44 +0530] "POST /fidouaf_test/v1/public/appRegRequest HTTP/1.1" 200 44
10.244.0.10 - - [29/Sep/2016:11:24:45 +0530] "POST /fidouaf_test/v1/public/verifyQRContents HTTP/1.1" 200 39
10.244.48.148 - - [29/Sep/2016:11:25:11 +0530] "POST /fidouaf_test/v1/public/appRegRequest HTTP/1.1" 200 44
10.244.0.10 - - [29/Sep/2016:11:25:11 +0530] "POST /fidouaf_test/v1/public/verifyQRContents HTTP/1.1" 200 38
10.244.0.10 - - [29/Sep/2016:11:25:12 +0530] "GET /fidouaf_test/v1/public/regRequest/141 HTTP/1.1" 200 5768
10.244.48.148 - - [29/Sep/2016:11:27:06 +0530] "POST /fidouaf_test/v1/public/appRegRequest HTTP/1.1" 200 44
10.244.0.10 - - [29/Sep/2016:11:27:07 +0530] "POST /fidouaf_test/v1/public/verifyQRContents HTTP/1.1" 200 38
10.244.0.10 - - [29/Sep/2016:11:27:08 +0530] "GET /fidouaf_test/v1/public/regRequest/142 HTTP/1.1" 200 5768
10.244.0.10 - - [29/Sep/2016:11:27:42 +0530] "POST /fidouaf_test/v1/public/regResponse HTTP/1.1" 200 4633
10.244.48.148 - - [29/Sep/2016:11:28:07 +0530] "POST /fidouaf_test/v1/public/notifyAuthenticators HTTP/1.1" 200 18
10.244.0.10 - - [29/Sep/2016:11:28:07 +0530] "GET /fidouaf_test/v1/public/authRequest/flexiblePolicy/142 HTTP/1.1" 200 695
10.244.48.148 - - [29/Sep/2016:11:30:05 +0530] "POST /fidouaf_test/v1/public/notifyAuthenticators HTTP/1.1" 200 18
10.244.0.10 - - [29/Sep/2016:11:30:05 +0530] "GET /fidouaf_test/v1/public/authRequest/flexiblePolicy/142 HTTP/1.1" 200 695
10.244.48.148 - - [29/Sep/2016:11:31:18 +0530] "POST /fidouaf_test/v1/public/notifyAuthenticators HTTP/1.1" 200 18
10.244.0.10 - - [29/Sep/2016:11:31:18 +0530] "GET /fidouaf_test/v1/public/authRequest/flexiblePolicy/142 HTTP/1.1" 200 695
10.244.0.10 - - [29/Sep/2016:11:31:48 +0530] "POST /fidouaf_test/v1/public/authResponse HTTP/1.1" 200 163
10.244.48.148 - - [29/Sep/2016:11:38:10 +0530] "POST /fidouaf_test/v1/public/notifyAuthenticators HTTP/1.1" 200 18
10.244.0.10 - - [29/Sep/2016:11:38:11 +0530] "GET /fidouaf_test/v1/public/authRequest/flexiblePolicy/142 HTTP/1.1" 200 695
10.244.0.10 - - [29/Sep/2016:11:38:30 +0530] "POST /fidouaf_test/v1/public/authResponse HTTP/1.1" 200 315
10.244.48.148 - - [29/Sep/2016:11:38:49 +0530] "POST /fidouaf_test/v1/public/notifyAuthenticators HTTP/1.1" 200 18
10.244.0.10 - - [29/Sep/2016:11:38:50 +0530] "GET /fidouaf_test/v1/public/authRequest/flexiblePolicy/142 HTTP/1.1" 200 695
10.244.0.10 - - [29/Sep/2016:11:39:06 +0530] "POST /fidouaf_test/v1/public/authResponse HTTP/1.1" 200 315
10.244.48.148 - - [29/Sep/2016:11:50:20 +0530] "POST /fidouaf_test/v1/public/notifyAuthenticators HTTP/1.1" 200 18
10.244.0.10 - - [29/Sep/2016:11:50:20 +0530] "GET /fidouaf_test/v1/public/authRequest/flexiblePolicy/142 HTTP/1.1" 200 695
10.244.48.148 - - [29/Sep/2016:11:51:56 +0530] "POST /fidouaf_test/v1/public/notifyAuthenticators HTTP/1.1" 200 18
10.244.0.10 - - [29/Sep/2016:11:51:57 +0530] "GET /fidouaf_test/v1/public/authRequest/flexiblePolicy/142 HTTP/1.1" 200 695
10.244.0.10 - - [29/Sep/2016:11:53:03 +0530] "POST /fidouaf_test/v1/public/authResponse HTTP/1.1" 200 315
10.244.48.148 - - [29/Sep/2016:11:55:38 +0530] "POST /fidouaf_test/v1/public/notifyAuthenticators HTTP/1.1" 200 18
10.244.0.10 - - [29/Sep/2016:11:55:39 +0530] "GET /fidouaf_test/v1/public/authRequest/flexiblePolicy/142 HTTP/1.1" 200 695
10.244.0.10 - - [29/Sep/2016:11:56:01 +0530] "POST /fidouaf_test/v1/public/authResponse HTTP/1.1" 200 315
10.244.48.148 - - [29/Sep/2016:11:58:40 +0530] "POST /fidouaf_test/v1/public/notifyAuthenticators HTTP/1.1" 200 18
10.244.0.10 - - [29/Sep/2016:11:58:41 +0530] "GET /fidouaf_test/v1/public/authRequest/flexiblePolicy/142 HTTP/1.1" 200 695
10.244.0.10 - - [29/Sep/2016:11:58:59 +0530] "POST /fidouaf_test/v1/public/authResponse HTTP/1.1" 200 315
10.244.48.148 - - [29/Sep/2016:12:35:45 +0530] "POST /fidouaf_test/v1/public/notifyAuthenticators HTTP/1.1" 200 18
10.244.0.10 - - [29/Sep/2016:12:35:46 +0530] "GET /fidouaf_test/v1/public/authRequest/flexiblePolicy/142 HTTP/1.1" 200 695
10.244.0.10 - - [29/Sep/2016:12:36:01 +0530] "POST /fidouaf_test/v1/public/authResponse HTTP/1.1" 200 315
10.244.48.148 - - [29/Sep/2016:12:37:55 +0530] "POST /fidouaf_test/v1/public/notifyAuthenticators HTTP/1.1" 200 18
10.244.0.10 - - [29/Sep/2016:12:37:55 +0530] "GET /fidouaf_test/v1/public/authRequest/flexiblePolicy/142 HTTP/1.1" 200 695
10.244.0.10 - - [29/Sep/2016:12:38:11 +0530] "POST /fidouaf_test/v1/public/authResponse HTTP/1.1" 200 315
10.244.48.148 - - [29/Sep/2016:12:39:03 +0530] "POST /fidouaf_test/v1/public/notifyAuthenticators HTTP/1.1" 200 18
10.244.0.10 - - [29/Sep/2016:12:39:03 +0530] "GET /fidouaf_test/v1/public/authRequest/flexiblePolicy/142 HTTP/1.1" 200 695
10.244.48.148 - - [29/Sep/2016:12:40:57 +0530] "POST /fidouaf_test/v1/public/notifyAuthenticators HTTP/1.1" 200 18
10.244.0.10 - - [29/Sep/2016:12:40:58 +0530] "GET /fidouaf_test/v1/public/authRequest/flexiblePolicy/142 HTTP/1.1" 200 695
10.244.0.10 - - [29/Sep/2016:12:41:27 +0530] "POST /fidouaf_test/v1/public/authResponse HTTP/1.1" 200 315
10.244.48.148 - - [29/Sep/2016:12:43:42 +0530] "POST /fidouaf_test/v1/public/notifyAuthenticators HTTP/1.1" 200 18
10.244.0.10 - - [29/Sep/2016:12:43:44 +0530] "GET /fidouaf_test/v1/public/authRequest/flexiblePolicy/142 HTTP/1.1" 200 695
10.244.0.10 - - [29/Sep/2016:12:44:02 +0530] "POST /fidouaf_test/v1/public/authResponse HTTP/1.1" 200 315
10.244.48.148 - - [29/Sep/2016:14:14:56 +0530] "POST /fidouaf_test/v1/public/notifyAuthenticators HTTP/1.1" 200 18
10.244.0.10 - - [29/Sep/2016:14:15:00 +0530] "GET /fidouaf_test/v1/public/authRequest/flexiblePolicy/142 HTTP/1.1" 200 695
10.244.0.10 - - [29/Sep/2016:14:15:14 +0530] "POST /fidouaf_test/v1/public/authResponse HTTP/1.1" 200 315
10.244.48.148 - - [29/Sep/2016:14:20:18 +0530] "POST /fidouaf_test/v1/public/notifyAuthenticators HTTP/1.1" 200 18
10.244.0.10 - - [29/Sep/2016:14:20:22 +0530] "GET /fidouaf_test/v1/public/authRequest/flexiblePolicy/142 HTTP/1.1" 200 695
10.244.0.10 - - [29/Sep/2016:14:20:36 +0530] "POST /fidouaf_test/v1/public/authResponse HTTP/1.1" 200 315
10.244.48.148 - - [29/Sep/2016:14:23:40 +0530] "POST /fidouaf_test/v1/public/notifyAuthenticators HTTP/1.1" 200 18
10.244.0.10 - - [29/Sep/2016:14:23:40 +0530] "GET /fidouaf_test/v1/public/authRequest/flexiblePolicy/142 HTTP/1.1" 200 695
10.244.0.10 - - [29/Sep/2016:14:23:54 +0530] "POST /fidouaf_test/v1/public/authResponse HTTP/1.1" 200 315
10.244.48.148 - - [29/Sep/2016:14:23:56 +0530] "POST /fidouaf_test/v1/public/validateContexts HTTP/1.1" 500 3351
127.0.0.1 - - [29/Sep/2016:14:28:16 +0530] "GET / HTTP/1.1" 404 951
10.244.48.148 - - [29/Sep/2016:14:32:55 +0530] "POST /fidouaf_test/v1/public/validateContexts HTTP/1.1" 500 3668
127.0.0.1 - - [29/Sep/2016:14:34:20 +0530] "GET / HTTP/1.1" 404 951
10.244.48.148 - - [29/Sep/2016:14:34:35 +0530] "POST /fidouaf_test/v1/public/notifyAuthenticators HTTP/1.1" 200 18
10.244.0.10 - - [29/Sep/2016:14:34:36 +0530] "GET /fidouaf_test/v1/public/authRequest/flexiblePolicy/142 HTTP/1.1" 200 695
10.244.0.10 - - [29/Sep/2016:14:34:51 +0530] "POST /fidouaf_test/v1/public/authResponse HTTP/1.1" 200 315
127.0.0.1 - - [29/Sep/2016:14:40:46 +0530] "GET / HTTP/1.1" 404 951
127.0.0.1 - - [29/Sep/2016:14:40:46 +0530] "GET /fidouaf_test/ HTTP/1.1" 404 967
10.244.48.148 - - [29/Sep/2016:14:42:50 +0530] "POST /fidouaf_test/v1/public/validateContexts HTTP/1.1" 500 3668
127.0.0.1 - - [29/Sep/2016:14:46:56 +0530] "GET / HTTP/1.1" 404 951
10.244.48.148 - - [29/Sep/2016:14:52:09 +0530] "POST /fidouaf_test/v1/public/validateContexts HTTP/1.1" 500 3668
10.244.48.148 - - [29/Sep/2016:14:53:42 +0530] "POST /fidouaf_test/v1/public/notifyAuthenticators HTTP/1.1" 200 18
10.244.0.10 - - [29/Sep/2016:14:53:47 +0530] "GET /fidouaf_test/v1/public/authRequest/flexiblePolicy/142 HTTP/1.1" 200 695
10.244.0.10 - - [29/Sep/2016:14:54:08 +0530] "POST /fidouaf_test/v1/public/authResponse HTTP/1.1" 200 315
10.244.48.148 - - [29/Sep/2016:14:54:20 +0530] "POST /fidouaf_test/v1/public/validateContexts HTTP/1.1" 500 3668
127.0.0.1 - - [29/Sep/2016:14:56:24 +0530] "GET / HTTP/1.1" 404 951
0:0:0:0:0:0:0:1 - - [29/Sep/2016:14:56:40 +0530] "POST /fidouaf_test/v1/public/authResponse HTTP/1.1" 200 315
127.0.0.1 - - [29/Sep/2016:14:57:15 +0530] "GET / HTTP/1.1" 404 951
127.0.0.1 - - [29/Sep/2016:15:02:37 +0530] "GET / HTTP/1.1" 404 951
127.0.0.1 - - [29/Sep/2016:15:02:56 +0530] "GET / HTTP/1.1" 404 951
0:0:0:0:0:0:0:1 - - [29/Sep/2016:15:05:26 +0530] "POST /fidouaf_test/v1/public/authResponse HTTP/1.1" 200 315
10.244.48.148 - - [29/Sep/2016:15:08:31 +0530] "POST /fidouaf_test/v1/public/notifyAuthenticators HTTP/1.1" 200 18
0:0:0:0:0:0:0:1 - - [29/Sep/2016:15:10:54 +0530] "POST /fidouaf_test/v1/public/validateContexts HTTP/1.1" 500 3668
10.244.0.10 - - [29/Sep/2016:15:11:01 +0530] "GET /fidouaf_test/v1/public/authRequest/flexiblePolicy/142 HTTP/1.1" 200 695
127.0.0.1 - - [29/Sep/2016:15:13:22 +0530] "GET / HTTP/1.1" 404 951
127.0.0.1 - - [29/Sep/2016:15:13:22 +0530] "GET /fidouaf_test/ HTTP/1.1" 404 967
0:0:0:0:0:0:0:1 - - [29/Sep/2016:15:14:26 +0530] "POST /fidouaf_test/v1/public/validateContexts HTTP/1.1" 500 3668
127.0.0.1 - - [29/Sep/2016:15:19:06 +0530] "GET / HTTP/1.1" 404 951
127.0.0.1 - - [29/Sep/2016:15:19:07 +0530] "GET /fidouaf_test/ HTTP/1.1" 404 967
0:0:0:0:0:0:0:1 - - [29/Sep/2016:15:19:48 +0530] "POST /fidouaf_test/v1/public/validateContexts HTTP/1.1" 500 3668
127.0.0.1 - - [29/Sep/2016:15:20:24 +0530] "GET / HTTP/1.1" 404 951
10.244.48.148 - - [29/Sep/2016:15:20:37 +0530] "POST /fidouaf_test/v1/public/notifyAuthenticators HTTP/1.1" 200 18
10.244.0.10 - - [29/Sep/2016:15:20:38 +0530] "GET /fidouaf_test/v1/public/authRequest/flexiblePolicy/142 HTTP/1.1" 200 695
10.244.0.10 - - [29/Sep/2016:15:20:53 +0530] "POST /fidouaf_test/v1/public/authResponse HTTP/1.1" 200 315
10.244.48.148 - - [29/Sep/2016:15:20:56 +0530] "POST /fidouaf_test/v1/public/validateContexts HTTP/1.1" 500 3668
0:0:0:0:0:0:0:1 - - [29/Sep/2016:15:23:18 +0530] "POST /fidouaf_test/v1/public/validateContexts HTTP/1.1" 500 3668
127.0.0.1 - - [29/Sep/2016:15:24:50 +0530] "GET / HTTP/1.1" 404 951
127.0.0.1 - - [29/Sep/2016:15:24:51 +0530] "GET /fidouaf_test/ HTTP/1.1" 404 967
10.244.48.148 - - [29/Sep/2016:15:38:33 +0530] "POST /fidouaf_test/v1/public/appRegRequest HTTP/1.1" 200 44
10.244.0.10 - - [29/Sep/2016:15:38:34 +0530] "POST /fidouaf_test/v1/public/verifyQRContents HTTP/1.1" 200 38
10.244.0.10 - - [29/Sep/2016:15:38:35 +0530] "GET /fidouaf_test/v1/public/regRequest/143 HTTP/1.1" 200 5768
10.244.0.10 - - [29/Sep/2016:15:38:50 +0530] "POST /fidouaf_test/v1/public/regResponse HTTP/1.1" 200 4630
10.244.48.148 - - [29/Sep/2016:15:39:03 +0530] "POST /fidouaf_test/v1/public/notifyAuthenticators HTTP/1.1" 200 18
10.244.0.10 - - [29/Sep/2016:15:39:03 +0530] "GET /fidouaf_test/v1/public/authRequest/flexiblePolicy/143 HTTP/1.1" 200 551
10.244.0.10 - - [29/Sep/2016:15:39:18 +0530] "POST /fidouaf_test/v1/public/authResponse HTTP/1.1" 200 163
10.244.48.148 - - [29/Sep/2016:15:40:20 +0530] "POST /fidouaf_test/v1/public/notifyAuthenticators HTTP/1.1" 200 18
10.244.0.10 - - [29/Sep/2016:15:40:20 +0530] "GET /fidouaf_test/v1/public/authRequest/flexiblePolicy/143 HTTP/1.1" 200 551
10.244.0.10 - - [29/Sep/2016:15:40:34 +0530] "POST /fidouaf_test/v1/public/authResponse HTTP/1.1" 200 163
10.244.48.148 - - [29/Sep/2016:15:42:47 +0530] "POST /fidouaf_test/v1/public/notifyAuthenticators HTTP/1.1" 200 18
10.244.0.10 - - [29/Sep/2016:15:42:47 +0530] "GET /fidouaf_test/v1/public/authRequest/flexiblePolicy/143 HTTP/1.1" 200 551
10.244.48.148 - - [29/Sep/2016:15:45:00 +0530] "POST /fidouaf_test/v1/public/appRegRequest HTTP/1.1" 200 44
10.244.0.10 - - [29/Sep/2016:15:45:00 +0530] "POST /fidouaf_test/v1/public/verifyQRContents HTTP/1.1" 200 38
10.244.0.10 - - [29/Sep/2016:15:45:01 +0530] "GET /fidouaf_test/v1/public/regRequest/144 HTTP/1.1" 200 5768
10.244.0.10 - - [29/Sep/2016:15:45:15 +0530] "POST /fidouaf_test/v1/public/regResponse HTTP/1.1" 200 4634
10.244.48.148 - - [29/Sep/2016:15:45:26 +0530] "POST /fidouaf_test/v1/public/notifyAuthenticators HTTP/1.1" 200 18
10.244.0.10 - - [29/Sep/2016:15:45:26 +0530] "GET /fidouaf_test/v1/public/authRequest/flexiblePolicy/144 HTTP/1.1" 200 551
10.244.48.148 - - [29/Sep/2016:15:48:52 +0530] "POST /fidouaf_test/v1/public/notifyAuthenticators HTTP/1.1" 200 18
10.244.0.10 - - [29/Sep/2016:15:48:52 +0530] "GET /fidouaf_test/v1/public/authRequest/flexiblePolicy/144 HTTP/1.1" 200 551
127.0.0.1 - - [29/Sep/2016:15:51:52 +0530] "GET /fidouaf_test2/ HTTP/1.1" 404 979
0:0:0:0:0:0:0:1 - - [29/Sep/2016:15:52:14 +0530] "POST /fidouaf_test/v1/public/validateContexts HTTP/1.1" 500 3393
0:0:0:0:0:0:0:1 - - [29/Sep/2016:15:52:21 +0530] "POST /fidouaf_test2/v1/public/validateContexts HTTP/1.1" 404 1031
0:0:0:0:0:0:0:1 - - [29/Sep/2016:15:52:52 +0530] "POST /fidouaf_test2/v1/public/validateContexts HTTP/1.1" 404 1031
127.0.0.1 - - [29/Sep/2016:15:53:13 +0530] "GET / HTTP/1.1" 404 951
0:0:0:0:0:0:0:1 - - [29/Sep/2016:15:54:52 +0530] "POST /fidouaf_test2/v1/public/validateContexts HTTP/1.1" 500 3393
127.0.0.1 - - [29/Sep/2016:15:56:56 +0530] "GET /fidouaf_test2/ HTTP/1.1" 404 979
0:0:0:0:0:0:0:1 - - [29/Sep/2016:15:57:52 +0530] "POST /fidouaf_test2/v1/public/validateContexts HTTP/1.1" 500 3802
127.0.0.1 - - [29/Sep/2016:16:00:09 +0530] "GET / HTTP/1.1" 404 951
127.0.0.1 - - [29/Sep/2016:16:02:20 +0530] "GET / HTTP/1.1" 404 951
127.0.0.1 - - [29/Sep/2016:16:02:21 +0530] "GET /fidouaf_test/ HTTP/1.1" 404 967
0:0:0:0:0:0:0:1 - - [29/Sep/2016:16:02:41 +0530] "POST /fidouaf_test2/v1/public/validateContexts HTTP/1.1" 404 1031
10.244.48.148 - - [29/Sep/2016:16:02:44 +0530] "POST /fidouaf_test/v1/public/notifyAuthenticators HTTP/1.1" 200 18
10.244.0.10 - - [29/Sep/2016:16:02:45 +0530] "GET /fidouaf_test/v1/public/authRequest/flexiblePolicy/144 HTTP/1.1" 200 551
0:0:0:0:0:0:0:1 - - [29/Sep/2016:16:02:48 +0530] "POST /fidouaf_test/v1/public/validateContexts HTTP/1.1" 500 3668
10.244.0.10 - - [29/Sep/2016:16:03:15 +0530] "POST /fidouaf_test/v1/public/authResponse HTTP/1.1" 200 163
10.244.48.148 - - [29/Sep/2016:16:05:12 +0530] "POST /fidouaf_test/v1/public/notifyAuthenticators HTTP/1.1" 200 18
10.244.0.10 - - [29/Sep/2016:16:05:12 +0530] "GET /fidouaf_test/v1/public/authRequest/flexiblePolicy/144 HTTP/1.1" 200 551
10.244.0.10 - - [29/Sep/2016:16:05:26 +0530] "POST /fidouaf_test/v1/public/authResponse HTTP/1.1" 200 163
10.244.48.148 - - [29/Sep/2016:16:07:11 +0530] "POST /fidouaf_test/v1/public/notifyAuthenticators HTTP/1.1" 200 18
10.244.0.10 - - [29/Sep/2016:16:07:12 +0530] "GET /fidouaf_test/v1/public/authRequest/flexiblePolicy/144 HTTP/1.1" 200 551
10.244.0.10 - - [29/Sep/2016:16:07:52 +0530] "POST /fidouaf_test/v1/public/authResponse HTTP/1.1" 200 163
10.244.48.148 - - [29/Sep/2016:16:08:15 +0530] "POST /fidouaf_test/v1/public/notifyAuthenticators HTTP/1.1" 200 18
10.244.0.10 - - [29/Sep/2016:16:08:16 +0530] "GET /fidouaf_test/v1/public/authRequest/flexiblePolicy/144 HTTP/1.1" 200 551
10.244.48.148 - - [29/Sep/2016:16:09:11 +0530] "POST /fidouaf_test/v1/public/notifyAuthenticators HTTP/1.1" 200 18
10.244.0.10 - - [29/Sep/2016:16:09:12 +0530] "GET /fidouaf_test/v1/public/authRequest/flexiblePolicy/144 HTTP/1.1" 200 551
10.244.0.10 - - [29/Sep/2016:16:09:23 +0530] "POST /fidouaf_test/v1/public/authResponse HTTP/1.1" 200 163
10.244.48.148 - - [29/Sep/2016:16:09:33 +0530] "POST /fidouaf_test/v1/public/notifyAuthenticators HTTP/1.1" 200 18
10.244.0.10 - - [29/Sep/2016:16:09:33 +0530] "GET /fidouaf_test/v1/public/authRequest/flexiblePolicy/144 HTTP/1.1" 200 551
10.244.0.10 - - [29/Sep/2016:16:09:42 +0530] "POST /fidouaf_test/v1/public/authResponse HTTP/1.1" 200 163
10.244.48.148 - - [29/Sep/2016:16:09:51 +0530] "POST /fidouaf_test/v1/public/notifyAuthenticators HTTP/1.1" 200 18
10.244.0.10 - - [29/Sep/2016:16:09:52 +0530] "GET /fidouaf_test/v1/public/authRequest/flexiblePolicy/144 HTTP/1.1" 200 695
10.244.0.10 - - [29/Sep/2016:16:10:06 +0530] "POST /fidouaf_test/v1/public/authResponse HTTP/1.1" 200 315
127.0.0.1 - - [29/Sep/2016:16:10:24 +0530] "GET / HTTP/1.1" 404 951
127.0.0.1 - - [29/Sep/2016:16:10:25 +0530] "GET /fidouaf_test2/ HTTP/1.1" 404 967
0:0:0:0:0:0:0:1 - - [29/Sep/2016:16:10:32 +0530] "POST /fidouaf_test2/v1/public/validateContexts HTTP/1.1" 500 3171
0:0:0:0:0:0:0:1 - - [29/Sep/2016:16:12:03 +0530] "POST /fidouaf_test2/v1/public/validateContexts HTTP/1.1" 500 3171
10.244.48.148 - - [29/Sep/2016:16:12:26 +0530] "POST /fidouaf_test/v1/public/appRegRequest HTTP/1.1" 200 44
10.244.0.10 - - [29/Sep/2016:16:12:27 +0530] "POST /fidouaf_test/v1/public/verifyQRContents HTTP/1.1" 200 38
10.244.0.10 - - [29/Sep/2016:16:12:29 +0530] "GET /fidouaf_test/v1/public/regRequest/145 HTTP/1.1" 200 5768
10.244.0.10 - - [29/Sep/2016:16:12:50 +0530] "POST /fidouaf_test/v1/public/regResponse HTTP/1.1" 200 4632
10.244.48.148 - - [29/Sep/2016:16:13:36 +0530] "POST /fidouaf_test/v1/public/notifyAuthenticators HTTP/1.1" 200 18
10.244.0.10 - - [29/Sep/2016:16:13:37 +0530] "GET /fidouaf_test/v1/public/authRequest/flexiblePolicy/145 HTTP/1.1" 200 551
10.244.0.10 - - [29/Sep/2016:16:13:45 +0530] "POST /fidouaf_test/v1/public/authResponse HTTP/1.1" 200 175
127.0.0.1 - - [29/Sep/2016:16:14:24 +0530] "GET / HTTP/1.1" 404 951
10.244.48.148 - - [29/Sep/2016:16:14:48 +0530] "POST /fidouaf_test/v1/public/notifyAuthenticators HTTP/1.1" 200 18
10.244.0.10 - - [29/Sep/2016:16:14:48 +0530] "GET /fidouaf_test/v1/public/authRequest/flexiblePolicy/145 HTTP/1.1" 200 551
10.244.0.10 - - [29/Sep/2016:16:14:56 +0530] "POST /fidouaf_test/v1/public/authResponse HTTP/1.1" 200 163
10.244.48.148 - - [29/Sep/2016:16:15:08 +0530] "POST /fidouaf_test/v1/public/notifyAuthenticators HTTP/1.1" 200 18
10.244.0.10 - - [29/Sep/2016:16:15:08 +0530] "GET /fidouaf_test/v1/public/authRequest/flexiblePolicy/145 HTTP/1.1" 200 551
10.244.0.10 - - [29/Sep/2016:16:15:18 +0530] "POST /fidouaf_test/v1/public/authResponse HTTP/1.1" 200 163
10.244.48.148 - - [29/Sep/2016:16:15:28 +0530] "POST /fidouaf_test/v1/public/notifyAuthenticators HTTP/1.1" 200 18
10.244.0.10 - - [29/Sep/2016:16:15:28 +0530] "GET /fidouaf_test/v1/public/authRequest/flexiblePolicy/145 HTTP/1.1" 200 695
10.244.0.10 - - [29/Sep/2016:16:15:45 +0530] "POST /fidouaf_test/v1/public/authResponse HTTP/1.1" 200 315
127.0.0.1 - - [29/Sep/2016:16:18:12 +0530] "GET / HTTP/1.1" 404 951
0:0:0:0:0:0:0:1 - - [29/Sep/2016:16:18:13 +0530] "POST /fidouaf_test2/v1/public/validateContexts HTTP/1.1" 404 1031
127.0.0.1 - - [29/Sep/2016:16:20:14 +0530] "GET / HTTP/1.1" 404 951
127.0.0.1 - - [29/Sep/2016:16:20:14 +0530] "GET /fidouaf_test/ HTTP/1.1" 404 967
0:0:0:0:0:0:0:1 - - [29/Sep/2016:16:23:36 +0530] "POST /fidouaf_test/v1/public/validateContexts HTTP/1.1" 500 3171
127.0.0.1 - - [29/Sep/2016:16:27:25 +0530] "GET / HTTP/1.1" 404 951
127.0.0.1 - - [29/Sep/2016:16:27:26 +0530] "GET /fidouaf_test/ HTTP/1.1" 404 967
0:0:0:0:0:0:0:1 - - [29/Sep/2016:16:28:25 +0530] "POST /fidouaf_test/v1/public/validateContexts HTTP/1.1" 200 22
127.0.0.1 - - [29/Sep/2016:16:29:45 +0530] "GET / HTTP/1.1" 404 951
127.0.0.1 - - [29/Sep/2016:16:29:45 +0530] "GET /fidouaf_test/ HTTP/1.1" 404 967
0:0:0:0:0:0:0:1 - - [29/Sep/2016:16:30:22 +0530] "POST /fidouaf_test/v1/public/validateContexts HTTP/1.1" 200 22
127.0.0.1 - - [29/Sep/2016:16:34:35 +0530] "GET / HTTP/1.1" 404 951
127.0.0.1 - - [29/Sep/2016:16:34:36 +0530] "GET /fidouaf_test/ HTTP/1.1" 404 967
0:0:0:0:0:0:0:1 - - [29/Sep/2016:16:34:55 +0530] "POST /fidouaf_test/v1/public/validateContexts HTTP/1.1" 500 3258
127.0.0.1 - - [29/Sep/2016:16:36:28 +0530] "GET / HTTP/1.1" 404 951
127.0.0.1 - - [29/Sep/2016:16:36:29 +0530] "GET /fidouaf_test/ HTTP/1.1" 404 967
0:0:0:0:0:0:0:1 - - [29/Sep/2016:16:37:03 +0530] "POST /fidouaf_test/v1/public/validateContexts HTTP/1.1" 200 22
127.0.0.1 - - [29/Sep/2016:16:41:25 +0530] "GET / HTTP/1.1" 404 951
10.244.48.148 - - [29/Sep/2016:17:09:22 +0530] "POST /fidouaf_test/v1/public/appRegRequest HTTP/1.1" 200 44
10.244.0.10 - - [29/Sep/2016:17:09:23 +0530] "POST /fidouaf_test/v1/public/verifyQRContents HTTP/1.1" 200 38
10.244.0.10 - - [29/Sep/2016:17:09:25 +0530] "GET /fidouaf_test/v1/public/regRequest/146 HTTP/1.1" 200 5768
10.244.0.10 - - [29/Sep/2016:17:10:16 +0530] "POST /fidouaf_test/v1/public/regResponse HTTP/1.1" 200 4630
10.244.48.148 - - [29/Sep/2016:17:11:47 +0530] "POST /fidouaf_test/v1/public/notifyAuthenticators HTTP/1.1" 200 18
10.244.0.10 - - [29/Sep/2016:17:11:47 +0530] "GET /fidouaf_test/v1/public/authRequest/flexiblePolicy/146 HTTP/1.1" 200 551
10.244.0.10 - - [29/Sep/2016:17:11:57 +0530] "POST /fidouaf_test/v1/public/authResponse HTTP/1.1" 200 163
10.244.48.148 - - [29/Sep/2016:17:12:10 +0530] "POST /fidouaf_test/v1/public/notifyAuthenticators HTTP/1.1" 200 18
10.244.0.10 - - [29/Sep/2016:17:12:10 +0530] "GET /fidouaf_test/v1/public/authRequest/flexiblePolicy/146 HTTP/1.1" 200 551
10.244.0.10 - - [29/Sep/2016:17:12:35 +0530] "POST /fidouaf_test/v1/public/authResponse HTTP/1.1" 200 163
10.244.48.148 - - [29/Sep/2016:17:13:11 +0530] "POST /fidouaf_test/v1/public/notifyAuthenticators HTTP/1.1" 200 18
10.244.0.10 - - [29/Sep/2016:17:13:11 +0530] "GET /fidouaf_test/v1/public/authRequest/flexiblePolicy/146 HTTP/1.1" 200 695
10.244.0.10 - - [29/Sep/2016:17:14:05 +0530] "POST /fidouaf_test/v1/public/authResponse HTTP/1.1" 200 315
10.244.48.148 - - [29/Sep/2016:17:58:33 +0530] "POST /fidouaf_test/v1/public/notifyAuthenticators HTTP/1.1" 200 18
10.244.0.10 - - [29/Sep/2016:17:58:34 +0530] "GET /fidouaf_test/v1/public/authRequest/flexiblePolicy/146 HTTP/1.1" 200 695
10.244.0.10 - - [29/Sep/2016:17:58:51 +0530] "POST /fidouaf_test/v1/public/authResponse HTTP/1.1" 200 315
10.244.48.148 - - [29/Sep/2016:19:25:15 +0530] "POST /fidouaf_test/v1/public/appRegRequest HTTP/1.1" 200 44
10.244.0.10 - - [29/Sep/2016:19:25:16 +0530] "POST /fidouaf_test/v1/public/verifyQRContents HTTP/1.1" 200 38
10.244.0.10 - - [29/Sep/2016:19:25:17 +0530] "GET /fidouaf_test/v1/public/regRequest/147 HTTP/1.1" 200 5768
10.244.48.148 - - [29/Sep/2016:19:25:54 +0530] "POST /fidouaf_test/v1/public/appRegRequest HTTP/1.1" 200 44
10.244.0.10 - - [29/Sep/2016:19:25:54 +0530] "POST /fidouaf_test/v1/public/verifyQRContents HTTP/1.1" 200 39
10.244.48.148 - - [29/Sep/2016:19:26:36 +0530] "POST /fidouaf_test/v1/public/appRegRequest HTTP/1.1" 200 44
10.244.0.10 - - [29/Sep/2016:19:26:37 +0530] "POST /fidouaf_test/v1/public/verifyQRContents HTTP/1.1" 200 38
10.244.0.10 - - [29/Sep/2016:19:26:38 +0530] "GET /fidouaf_test/v1/public/regRequest/148 HTTP/1.1" 200 5768
10.244.0.10 - - [29/Sep/2016:19:26:59 +0530] "POST /fidouaf_test/v1/public/verifyQRContents HTTP/1.1" 200 38
10.244.0.10 - - [29/Sep/2016:19:27:00 +0530] "GET /fidouaf_test/v1/public/regRequest/148 HTTP/1.1" 200 5768
10.244.48.148 - - [29/Sep/2016:19:27:53 +0530] "POST /fidouaf_test/v1/public/appRegRequest HTTP/1.1" 200 44
10.244.0.10 - - [29/Sep/2016:19:27:53 +0530] "POST /fidouaf_test/v1/public/verifyQRContents HTTP/1.1" 200 38
10.244.0.10 - - [29/Sep/2016:19:27:55 +0530] "GET /fidouaf_test/v1/public/regRequest/149 HTTP/1.1" 200 5768
10.244.0.10 - - [29/Sep/2016:19:28:09 +0530] "POST /fidouaf_test/v1/public/regResponse HTTP/1.1" 200 4633
10.244.48.148 - - [29/Sep/2016:19:28:18 +0530] "POST /fidouaf_test/v1/public/notifyAuthenticators HTTP/1.1" 200 18
10.244.0.10 - - [29/Sep/2016:19:28:18 +0530] "GET /fidouaf_test/v1/public/authRequest/flexiblePolicy/149 HTTP/1.1" 200 695
10.244.0.10 - - [29/Sep/2016:19:28:32 +0530] "POST /fidouaf_test/v1/public/authResponse HTTP/1.1" 200 315
10.244.48.148 - - [29/Sep/2016:19:34:37 +0530] "POST /fidouaf_test/v1/public/notifyAuthenticators HTTP/1.1" 200 18
10.244.0.10 - - [29/Sep/2016:19:34:38 +0530] "GET /fidouaf_test/v1/public/authRequest/flexiblePolicy/149 HTTP/1.1" 200 551
10.244.0.10 - - [29/Sep/2016:19:34:46 +0530] "POST /fidouaf_test/v1/public/authResponse HTTP/1.1" 200 163
10.244.48.148 - - [29/Sep/2016:19:35:23 +0530] "POST /fidouaf_test/v1/public/appRegRequest HTTP/1.1" 200 44
10.244.0.10 - - [29/Sep/2016:19:35:23 +0530] "POST /fidouaf_test/v1/public/verifyQRContents HTTP/1.1" 200 38
10.244.0.10 - - [29/Sep/2016:19:35:25 +0530] "GET /fidouaf_test/v1/public/regRequest/150 HTTP/1.1" 200 5768
10.244.0.10 - - [29/Sep/2016:19:35:43 +0530] "POST /fidouaf_test/v1/public/regResponse HTTP/1.1" 200 4631
10.244.48.148 - - [29/Sep/2016:19:38:51 +0530] "POST /fidouaf_test/v1/public/appRegRequest HTTP/1.1" 200 44
10.244.0.10 - - [29/Sep/2016:19:38:51 +0530] "POST /fidouaf_test/v1/public/verifyQRContents HTTP/1.1" 200 38
10.244.0.10 - - [29/Sep/2016:19:38:53 +0530] "GET /fidouaf_test/v1/public/regRequest/151 HTTP/1.1" 200 5768
10.244.0.10 - - [29/Sep/2016:19:39:15 +0530] "POST /fidouaf_test/v1/public/regResponse HTTP/1.1" 200 4632
10.244.48.148 - - [29/Sep/2016:19:39:28 +0530] "POST /fidouaf_test/v1/public/notifyAuthenticators HTTP/1.1" 200 18
10.244.0.10 - - [29/Sep/2016:19:39:28 +0530] "GET /fidouaf_test/v1/public/authRequest/flexiblePolicy/151 HTTP/1.1" 200 551
10.244.0.10 - - [29/Sep/2016:19:39:37 +0530] "POST /fidouaf_test/v1/public/authResponse HTTP/1.1" 200 163
10.244.48.148 - - [29/Sep/2016:19:39:46 +0530] "POST /fidouaf_test/v1/public/notifyAuthenticators HTTP/1.1" 200 18
10.244.0.10 - - [29/Sep/2016:19:39:47 +0530] "GET /fidouaf_test/v1/public/authRequest/flexiblePolicy/151 HTTP/1.1" 200 551
10.244.0.10 - - [29/Sep/2016:19:39:56 +0530] "POST /fidouaf_test/v1/public/authResponse HTTP/1.1" 200 163
10.244.48.148 - - [29/Sep/2016:19:40:05 +0530] "POST /fidouaf_test/v1/public/notifyAuthenticators HTTP/1.1" 200 18
10.244.0.10 - - [29/Sep/2016:19:40:06 +0530] "GET /fidouaf_test/v1/public/authRequest/flexiblePolicy/151 HTTP/1.1" 200 695
10.244.0.10 - - [29/Sep/2016:19:40:20 +0530] "POST /fidouaf_test/v1/public/authResponse HTTP/1.1" 200 315
10.244.48.148 - - [29/Sep/2016:19:40:57 +0530] "POST /fidouaf_test/v1/public/notifyAuthenticators HTTP/1.1" 200 18
10.244.0.10 - - [29/Sep/2016:19:40:57 +0530] "GET /fidouaf_test/v1/public/authRequest/flexiblePolicy/151 HTTP/1.1" 200 551
10.244.0.10 - - [29/Sep/2016:19:41:05 +0530] "POST /fidouaf_test/v1/public/authResponse HTTP/1.1" 200 163
127.0.0.1 - - [29/Sep/2016:21:42:20 +0530] "GET / HTTP/1.1" 404 951
127.0.0.1 - - [29/Sep/2016:21:42:22 +0530] "GET /fidouaf_test/ HTTP/1.1" 404 967
0:0:0:0:0:0:0:1 - - [29/Sep/2016:21:45:47 +0530] "POST /fidouaf_test/v1/public/getSignedContext HTTP/1.1" 500 7049
127.0.0.1 - - [29/Sep/2016:22:11:24 +0530] "GET / HTTP/1.1" 404 951
127.0.0.1 - - [29/Sep/2016:22:11:25 +0530] "GET /fidouaf_test/ HTTP/1.1" 404 967
127.0.0.1 - - [29/Sep/2016:22:18:22 +0530] "GET / HTTP/1.1" 404 951
127.0.0.1 - - [29/Sep/2016:22:18:22 +0530] "GET /fidouaf_test/ HTTP/1.1" 404 967
0:0:0:0:0:0:0:1 - - [29/Sep/2016:22:20:09 +0530] "POST /fidouaf_test/v1/public/getSignedContext HTTP/1.1" 500 7044
127.0.0.1 - - [29/Sep/2016:22:21:09 +0530] "GET / HTTP/1.1" 404 951
0:0:0:0:0:0:0:1 - - [29/Sep/2016:22:22:02 +0530] "POST /fidouaf_test/v1/public/getSignedContext HTTP/1.1" 500 7044
127.0.0.1 - - [29/Sep/2016:22:35:00 +0530] "GET / HTTP/1.1" 404 951
127.0.0.1 - - [29/Sep/2016:22:35:01 +0530] "GET /fidouaf_test/ HTTP/1.1" 404 967
0:0:0:0:0:0:0:1 - - [29/Sep/2016:22:37:04 +0530] "POST /fidouaf_test/v1/public/getSignedContext HTTP/1.1" 200 382
0:0:0:0:0:0:0:1 - - [29/Sep/2016:22:47:42 +0530] "POST /fidouaf_test/v1/public/getSignedContext HTTP/1.1" 200 382
