10.244.48.148 - - [21/Oct/2016:09:50:17 +0530] "POST /fidouaf_test/v1/public/appRegRequest HTTP/1.1" 200 44
10.244.0.10 - - [21/Oct/2016:09:50:17 +0530] "POST /fidouaf_test/v1/public/verifyQRContents HTTP/1.1" 200 38
10.244.0.10 - - [21/Oct/2016:09:50:18 +0530] "GET /fidouaf_test/v1/public/regRequest/272 HTTP/1.1" 200 6034
10.244.0.10 - - [21/Oct/2016:09:53:38 +0530] "POST /fidouaf_test/v1/public/enablePushNotifications HTTP/1.1" 200 42
10.244.48.148 - - [21/Oct/2016:09:54:17 +0530] "POST /fidouaf_test/v1/public/appRegRequest HTTP/1.1" 200 44
10.244.0.10 - - [21/Oct/2016:09:54:18 +0530] "POST /fidouaf_test/v1/public/verifyQRContents HTTP/1.1" 200 38
10.244.0.10 - - [21/Oct/2016:09:54:19 +0530] "GET /fidouaf_test/v1/public/regRequest/273 HTTP/1.1" 200 6034
10.244.48.148 - - [21/Oct/2016:10:12:38 +0530] "POST /fidouaf_test/v1/public/appRegRequest HTTP/1.1" 200 44
10.244.0.10 - - [21/Oct/2016:10:12:38 +0530] "POST /fidouaf_test/v1/public/verifyQRContents HTTP/1.1" 200 38
10.244.0.10 - - [21/Oct/2016:10:12:40 +0530] "GET /fidouaf_test/v1/public/regRequest/274 HTTP/1.1" 200 6034
10.244.48.148 - - [21/Oct/2016:10:15:37 +0530] "POST /fidouaf_test/v1/public/appRegRequest HTTP/1.1" 200 44
10.244.0.10 - - [21/Oct/2016:10:15:37 +0530] "POST /fidouaf_test/v1/public/verifyQRContents HTTP/1.1" 200 38
10.244.0.10 - - [21/Oct/2016:10:15:38 +0530] "GET /fidouaf_test/v1/public/regRequest/275 HTTP/1.1" 200 6034
10.244.0.10 - - [21/Oct/2016:10:15:44 +0530] "POST /fidouaf_test/v1/public/regResponse HTTP/1.1" 200 2322
10.244.48.148 - - [21/Oct/2016:10:16:06 +0530] "POST /fidouaf_test/v1/public/appRegRequest HTTP/1.1" 200 44
10.244.0.10 - - [21/Oct/2016:10:16:06 +0530] "POST /fidouaf_test/v1/public/verifyQRContents HTTP/1.1" 200 38
10.244.0.10 - - [21/Oct/2016:10:16:08 +0530] "GET /fidouaf_test/v1/public/regRequest/276 HTTP/1.1" 200 6034
10.244.0.10 - - [21/Oct/2016:10:16:16 +0530] "POST /fidouaf_test/v1/public/regResponse HTTP/1.1" 200 2322
10.244.48.148 - - [21/Oct/2016:10:16:38 +0530] "POST /fidouaf_test/v1/public/appRegRequest HTTP/1.1" 200 44
10.244.0.10 - - [21/Oct/2016:10:16:38 +0530] "POST /fidouaf_test/v1/public/verifyQRContents HTTP/1.1" 200 38
10.244.0.10 - - [21/Oct/2016:10:16:40 +0530] "GET /fidouaf_test/v1/public/regRequest/277 HTTP/1.1" 200 6034
10.244.0.10 - - [21/Oct/2016:10:17:12 +0530] "POST /fidouaf_test/v1/public/regResponse HTTP/1.1" 200 2321
10.244.48.148 - - [21/Oct/2016:10:17:41 +0530] "POST /fidouaf_test/v1/public/appRegRequest HTTP/1.1" 200 44
10.244.0.10 - - [21/Oct/2016:10:17:41 +0530] "POST /fidouaf_test/v1/public/verifyQRContents HTTP/1.1" 200 38
10.244.48.148 - - [21/Oct/2016:10:18:41 +0530] "POST /fidouaf_test/v1/public/appRegRequest HTTP/1.1" 200 44
10.244.0.10 - - [21/Oct/2016:10:18:58 +0530] "POST /fidouaf_test/v1/public/verifyQRContents HTTP/1.1" 200 38
10.244.0.10 - - [21/Oct/2016:10:19:11 +0530] "GET /fidouaf_test/v1/public/regRequest/279 HTTP/1.1" 200 6034
10.244.48.148 - - [21/Oct/2016:10:19:59 +0530] "POST /fidouaf_test/v1/public/appRegRequest HTTP/1.1" 200 44
10.244.0.10 - - [21/Oct/2016:10:20:05 +0530] "POST /fidouaf_test/v1/public/verifyQRContents HTTP/1.1" 200 38
10.244.0.10 - - [21/Oct/2016:10:20:13 +0530] "GET /fidouaf_test/v1/public/regRequest/280 HTTP/1.1" 200 6034
10.244.48.148 - - [21/Oct/2016:10:27:15 +0530] "POST /fidouaf_test/v1/public/appRegRequest HTTP/1.1" 200 44
10.244.0.10 - - [21/Oct/2016:10:27:21 +0530] "POST /fidouaf_test/v1/public/verifyQRContents HTTP/1.1" 200 38
10.244.0.10 - - [21/Oct/2016:10:27:24 +0530] "GET /fidouaf_test/v1/public/regRequest/281 HTTP/1.1" 200 6034
10.244.48.148 - - [21/Oct/2016:10:39:37 +0530] "POST /fidouaf_test/v1/public/appRegRequest HTTP/1.1" 200 44
10.244.0.10 - - [21/Oct/2016:10:39:37 +0530] "POST /fidouaf_test/v1/public/verifyQRContents HTTP/1.1" 200 38
10.244.0.10 - - [21/Oct/2016:10:39:38 +0530] "GET /fidouaf_test/v1/public/regRequest/282 HTTP/1.1" 200 6034
10.244.48.148 - - [21/Oct/2016:10:44:05 +0530] "POST /fidouaf_test/v1/public/appRegRequest HTTP/1.1" 200 44
10.244.0.10 - - [21/Oct/2016:10:44:05 +0530] "POST /fidouaf_test/v1/public/verifyQRContents HTTP/1.1" 200 38
10.244.0.10 - - [21/Oct/2016:10:44:07 +0530] "GET /fidouaf_test/v1/public/regRequest/283 HTTP/1.1" 200 6034
10.244.0.10 - - [21/Oct/2016:11:00:46 +0530] "POST /fidouaf_test/v1/public/enablePushNotifications HTTP/1.1" 200 42
10.244.48.148 - - [21/Oct/2016:11:01:10 +0530] "POST /fidouaf_test/v1/public/appRegRequest HTTP/1.1" 200 44
10.244.0.10 - - [21/Oct/2016:11:01:10 +0530] "POST /fidouaf_test/v1/public/verifyQRContents HTTP/1.1" 200 38
10.244.0.10 - - [21/Oct/2016:11:01:11 +0530] "GET /fidouaf_test/v1/public/regRequest/284 HTTP/1.1" 200 6034
10.244.48.148 - - [21/Oct/2016:11:20:56 +0530] "POST /fidouaf_test/v1/public/appRegRequest HTTP/1.1" 200 44
10.244.0.10 - - [21/Oct/2016:11:20:56 +0530] "POST /fidouaf_test/v1/public/verifyQRContents HTTP/1.1" 200 38
10.244.0.10 - - [21/Oct/2016:11:20:57 +0530] "GET /fidouaf_test/v1/public/regRequest/285 HTTP/1.1" 200 6034
10.244.0.10 - - [21/Oct/2016:11:30:03 +0530] "POST /fidouaf_test/v1/public/enablePushNotifications HTTP/1.1" 200 42
10.244.48.148 - - [21/Oct/2016:11:30:24 +0530] "POST /fidouaf_test/v1/public/appRegRequest HTTP/1.1" 200 44
10.244.0.10 - - [21/Oct/2016:11:30:25 +0530] "POST /fidouaf_test/v1/public/verifyQRContents HTTP/1.1" 200 38
10.244.0.10 - - [21/Oct/2016:11:30:26 +0530] "GET /fidouaf_test/v1/public/regRequest/286 HTTP/1.1" 200 6034
10.244.0.10 - - [21/Oct/2016:11:48:49 +0530] "POST /fidouaf_test/v1/public/enablePushNotifications HTTP/1.1" 200 42
10.244.48.148 - - [21/Oct/2016:11:49:24 +0530] "POST /fidouaf_test/v1/public/appRegRequest HTTP/1.1" 200 44
10.244.0.10 - - [21/Oct/2016:11:49:25 +0530] "POST /fidouaf_test/v1/public/verifyQRContents HTTP/1.1" 200 38
10.244.0.10 - - [21/Oct/2016:11:49:26 +0530] "GET /fidouaf_test/v1/public/regRequest/287 HTTP/1.1" 200 6034
10.244.0.10 - - [21/Oct/2016:11:49:44 +0530] "POST /fidouaf_test/v1/public/regResponse HTTP/1.1" 200 2322
10.244.48.148 - - [21/Oct/2016:11:49:52 +0530] "POST /fidouaf_test/v1/public/notifyAuthenticators HTTP/1.1" 200 18
10.244.0.10 - - [21/Oct/2016:11:49:52 +0530] "GET /fidouaf_test/v1/public/authRequest/flexiblePolicy/287 HTTP/1.1" 200 551
10.244.0.10 - - [21/Oct/2016:11:50:03 +0530] "POST /fidouaf_test/v1/public/authResponse HTTP/1.1" 200 163
10.244.0.10 - - [21/Oct/2016:11:50:03 +0530] "POST /fidouaf_test/v1/public/getSignedContext HTTP/1.1" 200 383
10.244.48.148 - - [21/Oct/2016:11:50:12 +0530] "POST /fidouaf_test/v1/public/notifyAuthenticators HTTP/1.1" 200 18
10.244.0.10 - - [21/Oct/2016:11:50:12 +0530] "GET /fidouaf_test/v1/public/authRequest/flexiblePolicy/287 HTTP/1.1" 200 551
10.244.0.10 - - [21/Oct/2016:11:50:19 +0530] "POST /fidouaf_test/v1/public/authResponse HTTP/1.1" 200 163
10.244.0.10 - - [21/Oct/2016:11:50:20 +0530] "POST /fidouaf_test/v1/public/getSignedContext HTTP/1.1" 200 383
10.244.48.148 - - [21/Oct/2016:11:51:56 +0530] "POST /fidouaf_test/v1/public/appRegRequest HTTP/1.1" 200 44
10.244.0.10 - - [21/Oct/2016:11:51:57 +0530] "POST /fidouaf_test/v1/public/verifyQRContents HTTP/1.1" 200 38
10.244.0.10 - - [21/Oct/2016:11:51:59 +0530] "GET /fidouaf_test/v1/public/regRequest/288 HTTP/1.1" 200 6034
10.244.0.10 - - [21/Oct/2016:12:00:32 +0530] "POST /fidouaf_test/v1/public/enablePushNotifications HTTP/1.1" 200 42
10.244.48.148 - - [21/Oct/2016:12:01:40 +0530] "POST /fidouaf_test/v1/public/appRegRequest HTTP/1.1" 200 44
10.244.0.10 - - [21/Oct/2016:12:01:40 +0530] "POST /fidouaf_test/v1/public/verifyQRContents HTTP/1.1" 200 38
10.244.0.10 - - [21/Oct/2016:12:01:41 +0530] "GET /fidouaf_test/v1/public/regRequest/289 HTTP/1.1" 200 6034
10.244.48.148 - - [21/Oct/2016:13:08:38 +0530] "POST /fidouaf_test/v1/public/appRegRequest HTTP/1.1" 200 44
10.244.0.10 - - [21/Oct/2016:13:08:38 +0530] "POST /fidouaf_test/v1/public/verifyQRContents HTTP/1.1" 200 38
10.244.0.10 - - [21/Oct/2016:13:08:39 +0530] "GET /fidouaf_test/v1/public/regRequest/290 HTTP/1.1" 200 6034
10.244.0.10 - - [21/Oct/2016:13:08:40 +0530] "POST /fidouaf_test/v1/public/enablePushNotifications HTTP/1.1" 200 42
10.244.0.10 - - [21/Oct/2016:14:50:05 +0530] "POST /fidouaf_test/v1/public/enablePushNotifications HTTP/1.1" 200 42
10.244.48.148 - - [21/Oct/2016:15:02:39 +0530] "POST /fidouaf_test/v1/public/appRegRequest HTTP/1.1" 200 44
10.244.0.10 - - [21/Oct/2016:15:02:40 +0530] "POST /fidouaf_test/v1/public/verifyQRContents HTTP/1.1" 200 38
10.244.0.10 - - [21/Oct/2016:15:02:41 +0530] "GET /fidouaf_test/v1/public/regRequest/291 HTTP/1.1" 200 6034
10.244.0.10 - - [21/Oct/2016:15:02:53 +0530] "POST /fidouaf_test/v1/public/regResponse HTTP/1.1" 200 4632
10.244.48.148 - - [21/Oct/2016:15:03:31 +0530] "POST /fidouaf_test/v1/public/appRegRequest HTTP/1.1" 200 44
10.244.0.10 - - [21/Oct/2016:15:03:31 +0530] "POST /fidouaf_test/v1/public/verifyQRContents HTTP/1.1" 200 38
10.244.0.10 - - [21/Oct/2016:15:03:33 +0530] "GET /fidouaf_test/v1/public/regRequest/292 HTTP/1.1" 200 6034
10.244.0.10 - - [21/Oct/2016:15:03:43 +0530] "POST /fidouaf_test/v1/public/regResponse HTTP/1.1" 200 4632
10.244.0.10 - - [21/Oct/2016:15:03:58 +0530] "GET /fidouaf_test/v1/public/authRequest/ZDNkM0xtWnBaRzl3WlhKemFYTjBaVzUwTG5CemJHSmhibXN1YVc5emJXOWlhV3hsTG1OdmJRPT0=/VUd4bFlYTmxJSEJ5YjNacFpHVWdZWEJ3Y205MllXd2dabTl5SUhSeVlXNXpZV04wYVc5dUlHOW1JRkp6TGpFd01EQWdkRzkzWVhKa2N5QlhZWFJsY2lCQ2FXeHNJRkJoZVcxbGJuUT0= HTTP/1.1" 200 3629
10.244.0.10 - - [21/Oct/2016:15:04:01 +0530] "POST /fidouaf_test/v1/public/authResponse HTTP/1.1" 200 163
10.244.48.148 - - [21/Oct/2016:15:06:19 +0530] "POST /fidouaf_test/v1/public/notifyAuthenticators HTTP/1.1" 200 18
10.244.0.10 - - [21/Oct/2016:15:06:19 +0530] "GET /fidouaf_test/v1/public/authRequest/flexiblePolicy/292 HTTP/1.1" 200 551
10.244.0.10 - - [21/Oct/2016:15:06:24 +0530] "POST /fidouaf_test/v1/public/authResponse HTTP/1.1" 200 163
10.244.0.10 - - [21/Oct/2016:15:06:24 +0530] "POST /fidouaf_test/v1/public/getSignedContext HTTP/1.1" 200 382
10.244.48.148 - - [21/Oct/2016:15:06:32 +0530] "POST /fidouaf_test/v1/public/notifyAuthenticators HTTP/1.1" 200 18
10.244.0.10 - - [21/Oct/2016:15:06:33 +0530] "GET /fidouaf_test/v1/public/authRequest/flexiblePolicy/292 HTTP/1.1" 200 695
10.244.0.10 - - [21/Oct/2016:15:06:40 +0530] "POST /fidouaf_test/v1/public/authResponse HTTP/1.1" 200 315
10.244.0.10 - - [21/Oct/2016:15:06:41 +0530] "POST /fidouaf_test/v1/public/getSignedContext HTTP/1.1" 200 378
10.244.48.148 - - [21/Oct/2016:15:24:44 +0530] "POST /fidouaf_test/v1/public/appRegRequest HTTP/1.1" 200 44
10.244.0.10 - - [21/Oct/2016:15:24:44 +0530] "POST /fidouaf_test/v1/public/verifyQRContents HTTP/1.1" 200 38
10.244.0.10 - - [21/Oct/2016:15:24:46 +0530] "GET /fidouaf_test/v1/public/regRequest/293 HTTP/1.1" 200 6034
10.244.48.148 - - [21/Oct/2016:15:52:38 +0530] "POST /fidouaf_test/v1/public/appRegRequest HTTP/1.1" 200 44
10.244.0.10 - - [21/Oct/2016:15:52:38 +0530] "POST /fidouaf_test/v1/public/verifyQRContents HTTP/1.1" 200 38
10.244.0.10 - - [21/Oct/2016:15:52:39 +0530] "GET /fidouaf_test/v1/public/regRequest/294 HTTP/1.1" 200 6034
10.244.48.148 - - [21/Oct/2016:15:56:30 +0530] "POST /fidouaf_test/v1/public/appRegRequest HTTP/1.1" 200 44
10.244.0.10 - - [21/Oct/2016:15:56:30 +0530] "POST /fidouaf_test/v1/public/verifyQRContents HTTP/1.1" 500 3197
127.0.0.1 - - [21/Oct/2016:17:18:25 +0530] "GET / HTTP/1.1" 404 951
10.244.48.148 - - [21/Oct/2016:17:30:13 +0530] "POST /fidouaf_test/v1/public/appRegRequest HTTP/1.1" 200 44
10.244.0.10 - - [21/Oct/2016:17:30:13 +0530] "POST /fidouaf_test/v1/public/verifyQRContents HTTP/1.1" 200 38
10.244.0.10 - - [21/Oct/2016:17:30:15 +0530] "GET /fidouaf_test/v1/public/regRequest/296 HTTP/1.1" 200 6034
10.244.0.10 - - [21/Oct/2016:17:32:24 +0530] "POST /fidouaf_test/v1/public/regResponse HTTP/1.1" 200 4633
10.244.48.148 - - [21/Oct/2016:17:33:24 +0530] "POST /fidouaf_test/v1/public/appRegRequest HTTP/1.1" 200 44
10.244.0.10 - - [21/Oct/2016:17:33:27 +0530] "POST /fidouaf_test/v1/public/verifyQRContents HTTP/1.1" 200 38
10.244.0.10 - - [21/Oct/2016:17:33:30 +0530] "GET /fidouaf_test/v1/public/regRequest/297 HTTP/1.1" 200 6034
10.244.0.10 - - [21/Oct/2016:17:35:09 +0530] "POST /fidouaf_test/v1/public/regResponse HTTP/1.1" 200 4632
10.244.48.148 - - [21/Oct/2016:17:35:38 +0530] "POST /fidouaf_test/v1/public/appRegRequest HTTP/1.1" 200 44
10.244.0.10 - - [21/Oct/2016:17:35:38 +0530] "POST /fidouaf_test/v1/public/verifyQRContents HTTP/1.1" 200 38
10.244.0.10 - - [21/Oct/2016:17:35:39 +0530] "GET /fidouaf_test/v1/public/regRequest/298 HTTP/1.1" 200 6034
10.244.48.148 - - [21/Oct/2016:17:37:22 +0530] "POST /fidouaf_test/v1/public/appRegRequest HTTP/1.1" 200 44
10.244.0.10 - - [21/Oct/2016:17:37:27 +0530] "POST /fidouaf_test/v1/public/verifyQRContents HTTP/1.1" 200 38
10.244.0.10 - - [21/Oct/2016:17:37:29 +0530] "GET /fidouaf_test/v1/public/regRequest/299 HTTP/1.1" 200 6034
10.244.0.10 - - [21/Oct/2016:17:39:19 +0530] "POST /fidouaf_test/v1/public/regResponse HTTP/1.1" 200 4633
10.244.48.148 - - [21/Oct/2016:17:40:02 +0530] "POST /fidouaf_test/v1/public/appRegRequest HTTP/1.1" 200 44
10.244.0.10 - - [21/Oct/2016:17:40:06 +0530] "POST /fidouaf_test/v1/public/verifyQRContents HTTP/1.1" 200 38
10.244.0.10 - - [21/Oct/2016:17:40:18 +0530] "GET /fidouaf_test/v1/public/regRequest/300 HTTP/1.1" 200 6034
10.244.48.148 - - [21/Oct/2016:17:46:49 +0530] "POST /fidouaf_test/v1/public/appRegRequest HTTP/1.1" 200 44
10.244.0.10 - - [21/Oct/2016:17:46:50 +0530] "POST /fidouaf_test/v1/public/verifyQRContents HTTP/1.1" 200 38
10.244.0.10 - - [21/Oct/2016:17:46:51 +0530] "GET /fidouaf_test/v1/public/regRequest/301 HTTP/1.1" 200 6034
10.244.0.10 - - [21/Oct/2016:17:47:05 +0530] "POST /fidouaf_test/v1/public/regResponse HTTP/1.1" 200 4634
10.244.48.148 - - [21/Oct/2016:17:47:12 +0530] "POST /fidouaf_test/v1/public/notifyAuthenticators HTTP/1.1" 200 18
10.244.0.10 - - [21/Oct/2016:17:47:13 +0530] "GET /fidouaf_test/v1/public/authRequest/flexiblePolicy/301 HTTP/1.1" 200 551
10.244.0.10 - - [21/Oct/2016:17:47:19 +0530] "POST /fidouaf_test/v1/public/authResponse HTTP/1.1" 200 163
10.244.0.10 - - [21/Oct/2016:17:47:19 +0530] "POST /fidouaf_test/v1/public/getSignedContext HTTP/1.1" 200 383
10.244.48.148 - - [21/Oct/2016:17:47:29 +0530] "POST /fidouaf_test/v1/public/notifyAuthenticators HTTP/1.1" 200 18
10.244.0.10 - - [21/Oct/2016:17:47:29 +0530] "GET /fidouaf_test/v1/public/authRequest/flexiblePolicy/301 HTTP/1.1" 200 551
10.244.0.10 - - [21/Oct/2016:17:47:35 +0530] "POST /fidouaf_test/v1/public/authResponse HTTP/1.1" 200 163
10.244.0.10 - - [21/Oct/2016:17:47:35 +0530] "POST /fidouaf_test/v1/public/getSignedContext HTTP/1.1" 200 383
10.244.48.148 - - [21/Oct/2016:17:47:43 +0530] "POST /fidouaf_test/v1/public/notifyAuthenticators HTTP/1.1" 200 18
10.244.0.10 - - [21/Oct/2016:17:47:43 +0530] "GET /fidouaf_test/v1/public/authRequest/flexiblePolicy/301 HTTP/1.1" 200 551
10.244.0.10 - - [21/Oct/2016:17:47:50 +0530] "POST /fidouaf_test/v1/public/authResponse HTTP/1.1" 200 163
10.244.0.10 - - [21/Oct/2016:17:47:50 +0530] "POST /fidouaf_test/v1/public/getSignedContext HTTP/1.1" 200 383
10.244.48.148 - - [21/Oct/2016:17:47:57 +0530] "POST /fidouaf_test/v1/public/notifyAuthenticators HTTP/1.1" 200 18
10.244.0.10 - - [21/Oct/2016:17:47:57 +0530] "GET /fidouaf_test/v1/public/authRequest/flexiblePolicy/301 HTTP/1.1" 200 551
10.244.0.10 - - [21/Oct/2016:17:48:05 +0530] "POST /fidouaf_test/v1/public/authResponse HTTP/1.1" 200 163
10.244.0.10 - - [21/Oct/2016:17:48:06 +0530] "POST /fidouaf_test/v1/public/getSignedContext HTTP/1.1" 200 383
10.244.48.148 - - [21/Oct/2016:17:48:13 +0530] "POST /fidouaf_test/v1/public/notifyAuthenticators HTTP/1.1" 200 18
10.244.0.10 - - [21/Oct/2016:17:48:13 +0530] "GET /fidouaf_test/v1/public/authRequest/flexiblePolicy/301 HTTP/1.1" 200 551
10.244.0.10 - - [21/Oct/2016:17:48:19 +0530] "POST /fidouaf_test/v1/public/authResponse HTTP/1.1" 200 163
10.244.0.10 - - [21/Oct/2016:17:48:19 +0530] "POST /fidouaf_test/v1/public/getSignedContext HTTP/1.1" 200 383
10.244.48.148 - - [21/Oct/2016:17:48:26 +0530] "POST /fidouaf_test/v1/public/notifyAuthenticators HTTP/1.1" 200 18
10.244.0.10 - - [21/Oct/2016:17:48:26 +0530] "GET /fidouaf_test/v1/public/authRequest/flexiblePolicy/301 HTTP/1.1" 200 551
10.244.0.10 - - [21/Oct/2016:17:48:32 +0530] "POST /fidouaf_test/v1/public/authResponse HTTP/1.1" 200 163
10.244.0.10 - - [21/Oct/2016:17:48:32 +0530] "POST /fidouaf_test/v1/public/getSignedContext HTTP/1.1" 200 383
10.244.48.148 - - [21/Oct/2016:17:49:12 +0530] "POST /fidouaf_test/v1/public/notifyAuthenticators HTTP/1.1" 200 18
10.244.0.10 - - [21/Oct/2016:17:49:12 +0530] "GET /fidouaf_test/v1/public/authRequest/flexiblePolicy/301 HTTP/1.1" 200 551
10.244.0.10 - - [21/Oct/2016:17:49:18 +0530] "POST /fidouaf_test/v1/public/authResponse HTTP/1.1" 200 163
10.244.0.10 - - [21/Oct/2016:17:49:18 +0530] "POST /fidouaf_test/v1/public/getSignedContext HTTP/1.1" 200 383
10.244.48.148 - - [21/Oct/2016:17:49:25 +0530] "POST /fidouaf_test/v1/public/notifyAuthenticators HTTP/1.1" 200 18
10.244.0.10 - - [21/Oct/2016:17:49:26 +0530] "GET /fidouaf_test/v1/public/authRequest/flexiblePolicy/301 HTTP/1.1" 200 551
10.244.0.10 - - [21/Oct/2016:17:49:32 +0530] "POST /fidouaf_test/v1/public/authResponse HTTP/1.1" 200 163
10.244.0.10 - - [21/Oct/2016:17:49:32 +0530] "POST /fidouaf_test/v1/public/getSignedContext HTTP/1.1" 200 383
10.244.48.148 - - [21/Oct/2016:17:50:10 +0530] "POST /fidouaf_test/v1/public/notifyAuthenticators HTTP/1.1" 200 18
10.244.0.10 - - [21/Oct/2016:17:50:10 +0530] "GET /fidouaf_test/v1/public/authRequest/flexiblePolicy/301 HTTP/1.1" 200 551
10.244.0.10 - - [21/Oct/2016:17:50:17 +0530] "POST /fidouaf_test/v1/public/authResponse HTTP/1.1" 200 163
10.244.0.10 - - [21/Oct/2016:17:50:17 +0530] "POST /fidouaf_test/v1/public/getSignedContext HTTP/1.1" 200 383
10.244.0.10 - - [21/Oct/2016:17:50:30 +0530] "GET /fidouaf_test/v1/public/authRequest/ZDNkM0xtWnBaRzl3WlhKemFYTjBaVzUwTG5CemJHSmhibXN1YVc5emJXOWlhV3hsTG1OdmJRPT0=/VUd4bFlYTmxJSEJ5YjNacFpHVWdZWEJ3Y205MllXd2dabTl5SUhSeVlXNXpZV04wYVc5dUlHOW1JRkp6TGpVd01EQWdkRzkzWVhKa2N5QlhZWFJsY2lCQ2FXeHNJRkJoZVcxbGJuUT0= HTTP/1.1" 200 3629
10.244.0.10 - - [21/Oct/2016:17:50:39 +0530] "POST /fidouaf_test/v1/public/authResponse HTTP/1.1" 200 163
10.244.0.10 - - [21/Oct/2016:17:50:53 +0530] "GET /fidouaf_test/v1/public/authRequest/ZDNkM0xtWnBaRzl3WlhKemFYTjBaVzUwTG5CemJHSmhibXN1YVc5emJXOWlhV3hsTG1OdmJRPT0=/VUd4bFlYTmxJSEJ5YjNacFpHVWdZWEJ3Y205MllXd2dabTl5SUhSeVlXNXpZV04wYVc5dUlHOW1JRkp6TGpVd01EQWdkRzkzWVhKa2N5QlhZWFJsY2lCQ2FXeHNJRkJoZVcxbGJuUT0= HTTP/1.1" 200 3629
10.244.0.10 - - [21/Oct/2016:17:50:55 +0530] "POST /fidouaf_test/v1/public/authResponse HTTP/1.1" 200 163
10.244.48.148 - - [21/Oct/2016:17:51:45 +0530] "POST /fidouaf_test/v1/public/appRegRequest HTTP/1.1" 200 44
10.244.0.10 - - [21/Oct/2016:17:51:46 +0530] "POST /fidouaf_test/v1/public/verifyQRContents HTTP/1.1" 200 38
10.244.0.10 - - [21/Oct/2016:17:51:50 +0530] "GET /fidouaf_test/v1/public/authRequest/ZDNkM0xtWnBaRzl3WlhKemFYTjBaVzUwTG5CemJHSmhibXN1YVc5emJXOWlhV3hsTG1OdmJRPT0=/VUd4bFlYTmxJSEJ5YjNacFpHVWdZWEJ3Y205MllXd2dabTl5SUhSeVlXNXpZV04wYVc5dUlHOW1JRkp6TGpVd01EQWdkRzkzWVhKa2N5QlhZWFJsY2lCQ2FXeHNJRkJoZVcxbGJuUT0= HTTP/1.1" 200 3629
10.244.0.10 - - [21/Oct/2016:17:51:52 +0530] "POST /fidouaf_test/v1/public/authResponse HTTP/1.1" 200 163
10.244.48.148 - - [21/Oct/2016:17:52:30 +0530] "POST /fidouaf_test/v1/public/appRegRequest HTTP/1.1" 200 44
10.244.0.10 - - [21/Oct/2016:17:52:30 +0530] "POST /fidouaf_test/v1/public/verifyQRContents HTTP/1.1" 200 38
10.244.0.10 - - [21/Oct/2016:17:52:32 +0530] "GET /fidouaf_test/v1/public/regRequest/303 HTTP/1.1" 200 6034
10.244.0.10 - - [21/Oct/2016:17:52:44 +0530] "POST /fidouaf_test/v1/public/regResponse HTTP/1.1" 200 4632
10.244.48.148 - - [21/Oct/2016:17:52:53 +0530] "POST /fidouaf_test/v1/public/notifyAuthenticators HTTP/1.1" 200 18
10.244.0.10 - - [21/Oct/2016:17:52:53 +0530] "GET /fidouaf_test/v1/public/authRequest/flexiblePolicy/303 HTTP/1.1" 200 551
10.244.0.10 - - [21/Oct/2016:17:53:00 +0530] "POST /fidouaf_test/v1/public/authResponse HTTP/1.1" 200 163
10.244.0.10 - - [21/Oct/2016:17:53:01 +0530] "POST /fidouaf_test/v1/public/getSignedContext HTTP/1.1" 200 383
10.244.48.148 - - [21/Oct/2016:17:56:40 +0530] "POST /fidouaf_test/v1/public/appRegRequest HTTP/1.1" 200 44
10.244.0.10 - - [21/Oct/2016:17:56:41 +0530] "POST /fidouaf_test/v1/public/verifyQRContents HTTP/1.1" 200 38
10.244.0.10 - - [21/Oct/2016:17:56:42 +0530] "GET /fidouaf_test/v1/public/regRequest/304 HTTP/1.1" 200 6034
10.244.0.10 - - [21/Oct/2016:17:56:54 +0530] "POST /fidouaf_test/v1/public/regResponse HTTP/1.1" 500 3256
10.244.0.10 - - [21/Oct/2016:17:56:58 +0530] "POST /fidouaf_test/v1/public/regResponse HTTP/1.1" 500 3259
10.244.0.10 - - [21/Oct/2016:17:57:05 +0530] "POST /fidouaf_test/v1/public/regResponse HTTP/1.1" 500 3259
10.244.0.10 - - [21/Oct/2016:17:57:23 +0530] "POST /fidouaf_test/v1/public/regResponse HTTP/1.1" 500 3259
10.244.0.10 - - [21/Oct/2016:17:57:23 +0530] "POST /fidouaf_test/v1/public/regResponse HTTP/1.1" 500 3259
10.244.0.10 - - [21/Oct/2016:17:57:29 +0530] "POST /fidouaf_test/v1/public/regResponse HTTP/1.1" 500 3259
10.244.0.10 - - [21/Oct/2016:17:57:31 +0530] "POST /fidouaf_test/v1/public/verifyQRContents HTTP/1.1" 500 3259
127.0.0.1 - - [21/Oct/2016:18:03:00 +0530] "GET / HTTP/1.1" 404 951
10.244.48.148 - - [21/Oct/2016:18:04:02 +0530] "POST /fidouaf_test/v1/public/appRegRequest HTTP/1.1" 200 44
10.244.0.10 - - [21/Oct/2016:18:04:03 +0530] "POST /fidouaf_test/v1/public/verifyQRContents HTTP/1.1" 200 38
10.244.0.10 - - [21/Oct/2016:18:04:04 +0530] "GET /fidouaf_test/v1/public/regRequest/305 HTTP/1.1" 200 6034
10.244.0.10 - - [21/Oct/2016:18:04:26 +0530] "POST /fidouaf_test/v1/public/regResponse HTTP/1.1" 200 4632
10.244.48.148 - - [21/Oct/2016:18:04:35 +0530] "POST /fidouaf_test/v1/public/notifyAuthenticators HTTP/1.1" 200 18
10.244.0.10 - - [21/Oct/2016:18:04:35 +0530] "GET /fidouaf_test/v1/public/authRequest/flexiblePolicy/305 HTTP/1.1" 200 551
10.244.0.10 - - [21/Oct/2016:18:04:45 +0530] "POST /fidouaf_test/v1/public/authResponse HTTP/1.1" 200 163
10.244.0.10 - - [21/Oct/2016:18:04:45 +0530] "POST /fidouaf_test/v1/public/getSignedContext HTTP/1.1" 200 383
10.244.48.148 - - [21/Oct/2016:18:04:53 +0530] "POST /fidouaf_test/v1/public/notifyAuthenticators HTTP/1.1" 200 18
10.244.0.10 - - [21/Oct/2016:18:04:54 +0530] "GET /fidouaf_test/v1/public/authRequest/flexiblePolicy/305 HTTP/1.1" 200 551
10.244.0.10 - - [21/Oct/2016:18:04:58 +0530] "POST /fidouaf_test/v1/public/authResponse HTTP/1.1" 200 163
10.244.0.10 - - [21/Oct/2016:18:04:58 +0530] "POST /fidouaf_test/v1/public/getSignedContext HTTP/1.1" 200 382
10.244.48.148 - - [21/Oct/2016:18:05:06 +0530] "POST /fidouaf_test/v1/public/notifyAuthenticators HTTP/1.1" 200 18
10.244.0.10 - - [21/Oct/2016:18:05:06 +0530] "GET /fidouaf_test/v1/public/authRequest/flexiblePolicy/305 HTTP/1.1" 200 695
10.244.48.148 - - [21/Oct/2016:18:05:20 +0530] "POST /fidouaf_test/v1/public/notifyAuthenticators HTTP/1.1" 200 18
10.244.0.10 - - [21/Oct/2016:18:05:21 +0530] "GET /fidouaf_test/v1/public/authRequest/flexiblePolicy/305 HTTP/1.1" 200 551
10.244.0.10 - - [21/Oct/2016:18:05:28 +0530] "POST /fidouaf_test/v1/public/authResponse HTTP/1.1" 200 163
10.244.0.10 - - [21/Oct/2016:18:05:28 +0530] "POST /fidouaf_test/v1/public/getSignedContext HTTP/1.1" 200 383
10.244.48.148 - - [21/Oct/2016:18:05:36 +0530] "POST /fidouaf_test/v1/public/notifyAuthenticators HTTP/1.1" 200 18
10.244.0.10 - - [21/Oct/2016:18:05:37 +0530] "GET /fidouaf_test/v1/public/authRequest/flexiblePolicy/305 HTTP/1.1" 200 551
10.244.0.10 - - [21/Oct/2016:18:05:40 +0530] "POST /fidouaf_test/v1/public/authResponse HTTP/1.1" 200 163
10.244.0.10 - - [21/Oct/2016:18:05:40 +0530] "POST /fidouaf_test/v1/public/getSignedContext HTTP/1.1" 200 382
10.244.0.10 - - [21/Oct/2016:18:05:57 +0530] "GET /fidouaf_test/v1/public/authRequest/ZDNkM0xtWnBaRzl3WlhKemFYTjBaVzUwTG5CemJHSmhibXN1YVc5emJXOWlhV3hsTG1OdmJRPT0=/VUd4bFlYTmxJSEJ5YjNacFpHVWdZWEJ3Y205MllXd2dabTl5SUhSeVlXNXpZV04wYVc5dUlHOW1JRkp6TGpVd01EQWdkRzkzWVhKa2N5QlhZWFJsY2lCQ2FXeHNJRkJoZVcxbGJuUT0= HTTP/1.1" 200 3629
10.244.0.10 - - [21/Oct/2016:18:06:01 +0530] "POST /fidouaf_test/v1/public/authResponse HTTP/1.1" 200 163
10.244.48.148 - - [21/Oct/2016:18:06:36 +0530] "POST /fidouaf_test/v1/public/rpRegRequest HTTP/1.1" 200 44
10.244.48.148 - - [21/Oct/2016:18:06:39 +0530] "POST /fidouaf_test/v1/public/regResponseStatus HTTP/1.1" 200 17
10.244.48.148 - - [21/Oct/2016:18:06:41 +0530] "POST /fidouaf_test/v1/public/regResponseStatus HTTP/1.1" 200 17
10.244.48.148 - - [21/Oct/2016:18:06:43 +0530] "POST /fidouaf_test/v1/public/regResponseStatus HTTP/1.1" 200 17
10.244.48.148 - - [21/Oct/2016:18:06:45 +0530] "POST /fidouaf_test/v1/public/regResponseStatus HTTP/1.1" 200 17
10.244.48.148 - - [21/Oct/2016:18:07:54 +0530] "POST /fidouaf_test/v1/public/rpRegRequest HTTP/1.1" 200 44
10.244.48.148 - - [21/Oct/2016:18:07:56 +0530] "POST /fidouaf_test/v1/public/regResponseStatus HTTP/1.1" 200 17
10.244.48.148 - - [21/Oct/2016:18:07:58 +0530] "POST /fidouaf_test/v1/public/regResponseStatus HTTP/1.1" 200 17
10.244.48.148 - - [21/Oct/2016:18:08:00 +0530] "POST /fidouaf_test/v1/public/regResponseStatus HTTP/1.1" 200 17
10.244.0.10 - - [21/Oct/2016:18:08:02 +0530] "POST /fidouaf_test/v1/public/verifyQRContents HTTP/1.1" 200 39
10.244.48.148 - - [21/Oct/2016:18:08:02 +0530] "POST /fidouaf_test/v1/public/regResponseStatus HTTP/1.1" 200 17
10.244.48.148 - - [21/Oct/2016:18:08:04 +0530] "POST /fidouaf_test/v1/public/regResponseStatus HTTP/1.1" 200 17
10.244.48.148 - - [21/Oct/2016:18:08:06 +0530] "POST /fidouaf_test/v1/public/regResponseStatus HTTP/1.1" 200 17
10.244.48.148 - - [21/Oct/2016:18:08:08 +0530] "POST /fidouaf_test/v1/public/regResponseStatus HTTP/1.1" 200 17
10.244.48.148 - - [21/Oct/2016:18:08:10 +0530] "POST /fidouaf_test/v1/public/regResponseStatus HTTP/1.1" 200 17
10.244.48.148 - - [21/Oct/2016:18:08:12 +0530] "POST /fidouaf_test/v1/public/regResponseStatus HTTP/1.1" 200 17
10.244.48.148 - - [21/Oct/2016:18:08:31 +0530] "POST /fidouaf_test/v1/public/rpRegRequest HTTP/1.1" 200 44
10.244.48.148 - - [21/Oct/2016:18:08:33 +0530] "POST /fidouaf_test/v1/public/regResponseStatus HTTP/1.1" 200 17
10.244.0.10 - - [21/Oct/2016:18:08:34 +0530] "POST /fidouaf_test/v1/public/verifyQRContents HTTP/1.1" 200 38
10.244.0.10 - - [21/Oct/2016:18:08:35 +0530] "GET /fidouaf_test/v1/public/regRequest/307 HTTP/1.1" 200 6034
10.244.48.148 - - [21/Oct/2016:18:08:35 +0530] "POST /fidouaf_test/v1/public/regResponseStatus HTTP/1.1" 200 17
10.244.48.148 - - [21/Oct/2016:18:08:37 +0530] "POST /fidouaf_test/v1/public/regResponseStatus HTTP/1.1" 200 17
10.244.48.148 - - [21/Oct/2016:18:08:39 +0530] "POST /fidouaf_test/v1/public/regResponseStatus HTTP/1.1" 200 17
10.244.48.148 - - [21/Oct/2016:18:08:41 +0530] "POST /fidouaf_test/v1/public/regResponseStatus HTTP/1.1" 200 17
10.244.48.148 - - [21/Oct/2016:18:08:43 +0530] "POST /fidouaf_test/v1/public/regResponseStatus HTTP/1.1" 200 17
10.244.48.148 - - [21/Oct/2016:18:08:45 +0530] "POST /fidouaf_test/v1/public/regResponseStatus HTTP/1.1" 200 17
10.244.48.148 - - [21/Oct/2016:18:08:47 +0530] "POST /fidouaf_test/v1/public/regResponseStatus HTTP/1.1" 200 17
10.244.48.148 - - [21/Oct/2016:18:08:49 +0530] "POST /fidouaf_test/v1/public/regResponseStatus HTTP/1.1" 200 17
10.244.0.10 - - [21/Oct/2016:18:08:50 +0530] "POST /fidouaf_test/v1/public/regResponse HTTP/1.1" 200 4633
10.244.48.148 - - [21/Oct/2016:18:08:51 +0530] "POST /fidouaf_test/v1/public/regResponseStatus HTTP/1.1" 200 17
10.244.48.148 - - [21/Oct/2016:18:09:04 +0530] "POST /fidouaf_test/v1/public/notifyAuthenticators HTTP/1.1" 200 25
10.244.48.148 - - [21/Oct/2016:18:09:07 +0530] "POST /fidouaf_test/v1/public/pushNotifyAuthentication HTTP/1.1" 500 3169
10.244.48.148 - - [21/Oct/2016:18:09:09 +0530] "POST /fidouaf_test/v1/public/getAuthResponseStatus HTTP/1.1" 500 3164
10.244.48.148 - - [21/Oct/2016:18:09:11 +0530] "POST /fidouaf_test/v1/public/getAuthResponseStatus HTTP/1.1" 500 3164
10.244.48.148 - - [21/Oct/2016:18:09:13 +0530] "POST /fidouaf_test/v1/public/getAuthResponseStatus HTTP/1.1" 500 3164
10.244.48.148 - - [21/Oct/2016:18:09:15 +0530] "POST /fidouaf_test/v1/public/getAuthResponseStatus HTTP/1.1" 500 3164
10.244.48.148 - - [21/Oct/2016:18:09:17 +0530] "POST /fidouaf_test/v1/public/getAuthResponseStatus HTTP/1.1" 500 3164
10.244.48.148 - - [21/Oct/2016:18:09:19 +0530] "POST /fidouaf_test/v1/public/getAuthResponseStatus HTTP/1.1" 500 3164
10.244.48.148 - - [21/Oct/2016:18:09:21 +0530] "POST /fidouaf_test/v1/public/getAuthResponseStatus HTTP/1.1" 500 3164
10.244.48.148 - - [21/Oct/2016:18:09:23 +0530] "POST /fidouaf_test/v1/public/getAuthResponseStatus HTTP/1.1" 500 3164
10.244.48.148 - - [21/Oct/2016:18:09:25 +0530] "POST /fidouaf_test/v1/public/getAuthResponseStatus HTTP/1.1" 500 3164
10.244.48.148 - - [21/Oct/2016:18:09:27 +0530] "POST /fidouaf_test/v1/public/getAuthResponseStatus HTTP/1.1" 500 3164
10.244.48.148 - - [21/Oct/2016:18:09:29 +0530] "POST /fidouaf_test/v1/public/getAuthResponseStatus HTTP/1.1" 500 3164
10.244.48.148 - - [21/Oct/2016:18:09:31 +0530] "POST /fidouaf_test/v1/public/getAuthResponseStatus HTTP/1.1" 500 3164
127.0.0.1 - - [21/Oct/2016:18:11:24 +0530] "GET / HTTP/1.1" 404 951
10.244.48.148 - - [21/Oct/2016:18:11:32 +0530] "POST /fidouaf_test/v1/public/notifyAuthenticators HTTP/1.1" 200 18
10.244.48.148 - - [21/Oct/2016:18:11:34 +0530] "POST /fidouaf_test/v1/public/pushNotifyAuthentication HTTP/1.1" 200 17
10.244.48.148 - - [21/Oct/2016:18:11:36 +0530] "POST /fidouaf_test/v1/public/getAuthResponseStatus HTTP/1.1" 200 17
10.244.48.148 - - [21/Oct/2016:18:11:38 +0530] "POST /fidouaf_test/v1/public/getAuthResponseStatus HTTP/1.1" 200 17
10.244.48.148 - - [21/Oct/2016:18:11:40 +0530] "POST /fidouaf_test/v1/public/getAuthResponseStatus HTTP/1.1" 200 17
10.244.48.148 - - [21/Oct/2016:18:11:42 +0530] "POST /fidouaf_test/v1/public/getAuthResponseStatus HTTP/1.1" 200 17
10.244.48.148 - - [21/Oct/2016:18:11:44 +0530] "POST /fidouaf_test/v1/public/getAuthResponseStatus HTTP/1.1" 200 17
10.244.48.148 - - [21/Oct/2016:18:11:46 +0530] "POST /fidouaf_test/v1/public/getAuthResponseStatus HTTP/1.1" 200 17
10.244.48.148 - - [21/Oct/2016:18:11:48 +0530] "POST /fidouaf_test/v1/public/getAuthResponseStatus HTTP/1.1" 200 17
10.244.48.148 - - [21/Oct/2016:18:11:56 +0530] "POST /fidouaf_test/v1/public/notifyAuthenticators HTTP/1.1" 200 18
10.244.48.148 - - [21/Oct/2016:18:11:57 +0530] "POST /fidouaf_test/v1/public/pushNotifyAuthentication HTTP/1.1" 200 17
10.244.48.148 - - [21/Oct/2016:18:11:59 +0530] "POST /fidouaf_test/v1/public/getAuthResponseStatus HTTP/1.1" 200 17
10.244.48.148 - - [21/Oct/2016:18:12:01 +0530] "POST /fidouaf_test/v1/public/getAuthResponseStatus HTTP/1.1" 200 17
10.244.48.148 - - [21/Oct/2016:18:12:04 +0530] "POST /fidouaf_test/v1/public/getAuthResponseStatus HTTP/1.1" 200 17
127.0.0.1 - - [21/Oct/2016:18:12:23 +0530] "GET / HTTP/1.1" 404 951
10.244.48.148 - - [21/Oct/2016:18:12:45 +0530] "POST /fidouaf_test/v1/public/rpRegRequest HTTP/1.1" 200 44
10.244.48.148 - - [21/Oct/2016:18:12:47 +0530] "POST /fidouaf_test/v1/public/regResponseStatus HTTP/1.1" 200 17
10.244.48.148 - - [21/Oct/2016:18:12:49 +0530] "POST /fidouaf_test/v1/public/regResponseStatus HTTP/1.1" 200 17
10.244.48.148 - - [21/Oct/2016:18:12:51 +0530] "POST /fidouaf_test/v1/public/regResponseStatus HTTP/1.1" 200 17
10.244.0.10 - - [21/Oct/2016:18:12:51 +0530] "POST /fidouaf_test/v1/public/verifyQRContents HTTP/1.1" 200 38
10.244.0.10 - - [21/Oct/2016:18:12:52 +0530] "GET /fidouaf_test/v1/public/regRequest/308 HTTP/1.1" 200 6034
10.244.48.148 - - [21/Oct/2016:18:12:53 +0530] "POST /fidouaf_test/v1/public/regResponseStatus HTTP/1.1" 200 17
10.244.48.148 - - [21/Oct/2016:18:12:55 +0530] "POST /fidouaf_test/v1/public/regResponseStatus HTTP/1.1" 200 17
10.244.48.148 - - [21/Oct/2016:18:12:57 +0530] "POST /fidouaf_test/v1/public/regResponseStatus HTTP/1.1" 200 17
10.244.48.148 - - [21/Oct/2016:18:12:59 +0530] "POST /fidouaf_test/v1/public/regResponseStatus HTTP/1.1" 200 17
10.244.48.148 - - [21/Oct/2016:18:13:01 +0530] "POST /fidouaf_test/v1/public/regResponseStatus HTTP/1.1" 200 17
10.244.48.148 - - [21/Oct/2016:18:13:03 +0530] "POST /fidouaf_test/v1/public/regResponseStatus HTTP/1.1" 200 17
10.244.48.148 - - [21/Oct/2016:18:13:05 +0530] "POST /fidouaf_test/v1/public/regResponseStatus HTTP/1.1" 200 17
10.244.0.10 - - [21/Oct/2016:18:13:07 +0530] "POST /fidouaf_test/v1/public/regResponse HTTP/1.1" 200 4631
10.244.48.148 - - [21/Oct/2016:18:13:07 +0530] "POST /fidouaf_test/v1/public/regResponseStatus HTTP/1.1" 200 17
10.244.48.148 - - [21/Oct/2016:18:13:17 +0530] "POST /fidouaf_test/v1/public/notifyAuthenticators HTTP/1.1" 200 18
10.244.48.148 - - [21/Oct/2016:18:13:19 +0530] "POST /fidouaf_test/v1/public/pushNotifyAuthentication HTTP/1.1" 200 17
10.244.48.148 - - [21/Oct/2016:18:13:21 +0530] "POST /fidouaf_test/v1/public/getAuthResponseStatus HTTP/1.1" 200 17
10.244.48.148 - - [21/Oct/2016:18:13:23 +0530] "POST /fidouaf_test/v1/public/getAuthResponseStatus HTTP/1.1" 200 17
10.244.48.148 - - [21/Oct/2016:18:13:25 +0530] "POST /fidouaf_test/v1/public/getAuthResponseStatus HTTP/1.1" 200 17
10.244.48.148 - - [21/Oct/2016:18:13:27 +0530] "POST /fidouaf_test/v1/public/getAuthResponseStatus HTTP/1.1" 200 17
10.244.48.148 - - [21/Oct/2016:18:13:29 +0530] "POST /fidouaf_test/v1/public/getAuthResponseStatus HTTP/1.1" 200 17
10.244.48.148 - - [21/Oct/2016:18:13:31 +0530] "POST /fidouaf_test/v1/public/getAuthResponseStatus HTTP/1.1" 200 17
10.244.48.148 - - [21/Oct/2016:18:13:33 +0530] "POST /fidouaf_test/v1/public/getAuthResponseStatus HTTP/1.1" 200 17
127.0.0.1 - - [21/Oct/2016:18:16:41 +0530] "GET / HTTP/1.1" 404 951
10.244.0.10 - - [21/Oct/2016:18:16:42 +0530] "POST /fidouaf_test/v1/public/enablePushNotifications HTTP/1.1" 200 42
10.244.48.148 - - [21/Oct/2016:18:17:53 +0530] "POST /fidouaf_test/v1/public/rpRegRequest HTTP/1.1" 200 44
10.244.48.148 - - [21/Oct/2016:18:17:55 +0530] "POST /fidouaf_test/v1/public/regResponseStatus HTTP/1.1" 200 17
10.244.0.10 - - [21/Oct/2016:18:17:55 +0530] "POST /fidouaf_test/v1/public/verifyQRContents HTTP/1.1" 200 38
10.244.0.10 - - [21/Oct/2016:18:17:56 +0530] "GET /fidouaf_test/v1/public/regRequest/310 HTTP/1.1" 200 6034
10.244.48.148 - - [21/Oct/2016:18:17:57 +0530] "POST /fidouaf_test/v1/public/regResponseStatus HTTP/1.1" 200 17
10.244.48.148 - - [21/Oct/2016:18:17:59 +0530] "POST /fidouaf_test/v1/public/regResponseStatus HTTP/1.1" 200 17
10.244.48.148 - - [21/Oct/2016:18:18:01 +0530] "POST /fidouaf_test/v1/public/regResponseStatus HTTP/1.1" 200 17
10.244.48.148 - - [21/Oct/2016:18:18:03 +0530] "POST /fidouaf_test/v1/public/regResponseStatus HTTP/1.1" 200 17
10.244.48.148 - - [21/Oct/2016:18:18:05 +0530] "POST /fidouaf_test/v1/public/regResponseStatus HTTP/1.1" 200 17
10.244.48.148 - - [21/Oct/2016:18:18:07 +0530] "POST /fidouaf_test/v1/public/regResponseStatus HTTP/1.1" 200 17
10.244.48.148 - - [21/Oct/2016:18:18:09 +0530] "POST /fidouaf_test/v1/public/regResponseStatus HTTP/1.1" 200 17
10.244.48.148 - - [21/Oct/2016:18:18:11 +0530] "POST /fidouaf_test/v1/public/regResponseStatus HTTP/1.1" 200 17
10.244.48.148 - - [21/Oct/2016:18:18:13 +0530] "POST /fidouaf_test/v1/public/regResponseStatus HTTP/1.1" 200 17
10.244.48.148 - - [21/Oct/2016:18:18:15 +0530] "POST /fidouaf_test/v1/public/regResponseStatus HTTP/1.1" 200 17
10.244.0.10 - - [21/Oct/2016:18:18:16 +0530] "POST /fidouaf_test/v1/public/regResponse HTTP/1.1" 200 4633
10.244.48.148 - - [21/Oct/2016:18:18:17 +0530] "POST /fidouaf_test/v1/public/regResponseStatus HTTP/1.1" 200 17
10.244.48.148 - - [21/Oct/2016:18:18:28 +0530] "POST /fidouaf_test/v1/public/notifyAuthenticators HTTP/1.1" 200 18
10.244.48.148 - - [21/Oct/2016:18:18:32 +0530] "POST /fidouaf_test/v1/public/pushNotifyAuthentication HTTP/1.1" 200 17
10.244.48.148 - - [21/Oct/2016:18:18:34 +0530] "POST /fidouaf_test/v1/public/getAuthResponseStatus HTTP/1.1" 200 17
10.244.48.148 - - [21/Oct/2016:18:18:36 +0530] "POST /fidouaf_test/v1/public/getAuthResponseStatus HTTP/1.1" 200 17
10.244.48.148 - - [21/Oct/2016:18:18:38 +0530] "POST /fidouaf_test/v1/public/getAuthResponseStatus HTTP/1.1" 200 17
10.244.48.148 - - [21/Oct/2016:18:18:40 +0530] "POST /fidouaf_test/v1/public/getAuthResponseStatus HTTP/1.1" 200 17
10.244.48.148 - - [21/Oct/2016:18:18:42 +0530] "POST /fidouaf_test/v1/public/getAuthResponseStatus HTTP/1.1" 200 17
10.244.48.148 - - [21/Oct/2016:18:18:44 +0530] "POST /fidouaf_test/v1/public/getAuthResponseStatus HTTP/1.1" 200 17
10.244.48.148 - - [21/Oct/2016:18:18:46 +0530] "POST /fidouaf_test/v1/public/getAuthResponseStatus HTTP/1.1" 200 17
10.244.48.148 - - [21/Oct/2016:18:18:48 +0530] "POST /fidouaf_test/v1/public/getAuthResponseStatus HTTP/1.1" 200 17
10.244.48.148 - - [21/Oct/2016:18:18:50 +0530] "POST /fidouaf_test/v1/public/getAuthResponseStatus HTTP/1.1" 200 17
10.244.48.148 - - [21/Oct/2016:18:18:52 +0530] "POST /fidouaf_test/v1/public/getAuthResponseStatus HTTP/1.1" 200 17
10.244.48.148 - - [21/Oct/2016:18:18:54 +0530] "POST /fidouaf_test/v1/public/getAuthResponseStatus HTTP/1.1" 200 17
10.244.48.148 - - [21/Oct/2016:18:18:56 +0530] "POST /fidouaf_test/v1/public/getAuthResponseStatus HTTP/1.1" 200 17
10.244.48.148 - - [21/Oct/2016:18:18:58 +0530] "POST /fidouaf_test/v1/public/getAuthResponseStatus HTTP/1.1" 200 17
10.244.48.148 - - [21/Oct/2016:18:19:00 +0530] "POST /fidouaf_test/v1/public/getAuthResponseStatus HTTP/1.1" 200 17
10.244.48.148 - - [21/Oct/2016:18:19:02 +0530] "POST /fidouaf_test/v1/public/getAuthResponseStatus HTTP/1.1" 200 17
10.244.48.148 - - [21/Oct/2016:18:19:04 +0530] "POST /fidouaf_test/v1/public/getAuthResponseStatus HTTP/1.1" 200 17
10.244.48.148 - - [21/Oct/2016:18:19:06 +0530] "POST /fidouaf_test/v1/public/getAuthResponseStatus HTTP/1.1" 200 17
10.244.48.148 - - [21/Oct/2016:18:19:08 +0530] "POST /fidouaf_test/v1/public/getAuthResponseStatus HTTP/1.1" 200 17
10.244.48.148 - - [21/Oct/2016:18:19:10 +0530] "POST /fidouaf_test/v1/public/getAuthResponseStatus HTTP/1.1" 200 17
10.244.48.148 - - [21/Oct/2016:18:19:12 +0530] "POST /fidouaf_test/v1/public/getAuthResponseStatus HTTP/1.1" 200 17
10.244.48.148 - - [21/Oct/2016:18:19:23 +0530] "POST /fidouaf_test/v1/public/notifyAuthenticators HTTP/1.1" 200 18
10.244.48.148 - - [21/Oct/2016:18:19:28 +0530] "POST /fidouaf_test/v1/public/pushNotifyAuthentication HTTP/1.1" 200 17
10.244.48.148 - - [21/Oct/2016:18:19:30 +0530] "POST /fidouaf_test/v1/public/getAuthResponseStatus HTTP/1.1" 200 17
10.244.48.148 - - [21/Oct/2016:18:19:32 +0530] "POST /fidouaf_test/v1/public/getAuthResponseStatus HTTP/1.1" 200 17
10.244.48.148 - - [21/Oct/2016:18:19:34 +0530] "POST /fidouaf_test/v1/public/getAuthResponseStatus HTTP/1.1" 200 17
10.244.48.148 - - [21/Oct/2016:18:19:36 +0530] "POST /fidouaf_test/v1/public/getAuthResponseStatus HTTP/1.1" 200 17
10.244.48.148 - - [21/Oct/2016:18:19:38 +0530] "POST /fidouaf_test/v1/public/getAuthResponseStatus HTTP/1.1" 200 17
10.244.48.148 - - [21/Oct/2016:18:19:40 +0530] "POST /fidouaf_test/v1/public/getAuthResponseStatus HTTP/1.1" 200 17
10.244.48.148 - - [21/Oct/2016:18:19:42 +0530] "POST /fidouaf_test/v1/public/getAuthResponseStatus HTTP/1.1" 200 17
10.244.48.148 - - [21/Oct/2016:18:19:44 +0530] "POST /fidouaf_test/v1/public/getAuthResponseStatus HTTP/1.1" 200 17
10.244.48.148 - - [21/Oct/2016:18:19:46 +0530] "POST /fidouaf_test/v1/public/getAuthResponseStatus HTTP/1.1" 200 17
10.244.48.148 - - [21/Oct/2016:18:19:48 +0530] "POST /fidouaf_test/v1/public/getAuthResponseStatus HTTP/1.1" 200 17
10.244.48.148 - - [21/Oct/2016:18:19:50 +0530] "POST /fidouaf_test/v1/public/getAuthResponseStatus HTTP/1.1" 200 17
10.244.48.148 - - [21/Oct/2016:18:19:52 +0530] "POST /fidouaf_test/v1/public/getAuthResponseStatus HTTP/1.1" 200 17
127.0.0.1 - - [21/Oct/2016:18:20:12 +0530] "GET / HTTP/1.1" 404 951
10.244.48.148 - - [21/Oct/2016:18:22:21 +0530] "POST /fidouaf_test/v1/public/notifyAuthenticators HTTP/1.1" 200 25
10.244.48.148 - - [21/Oct/2016:18:22:22 +0530] "POST /fidouaf_test/v1/public/pushNotifyAuthentication HTTP/1.1" 500 3169
10.244.48.148 - - [21/Oct/2016:18:22:24 +0530] "POST /fidouaf_test/v1/public/getAuthResponseStatus HTTP/1.1" 500 3164
10.244.48.148 - - [21/Oct/2016:18:22:35 +0530] "POST /fidouaf_test/v1/public/notifyAuthenticators HTTP/1.1" 200 18
10.244.48.148 - - [21/Oct/2016:18:22:35 +0530] "POST /fidouaf_test/v1/public/pushNotifyAuthentication HTTP/1.1" 200 17
10.244.48.148 - - [21/Oct/2016:18:22:37 +0530] "POST /fidouaf_test/v1/public/getAuthResponseStatus HTTP/1.1" 200 17
10.244.48.148 - - [21/Oct/2016:18:22:39 +0530] "POST /fidouaf_test/v1/public/getAuthResponseStatus HTTP/1.1" 200 17
10.244.48.148 - - [21/Oct/2016:18:22:41 +0530] "POST /fidouaf_test/v1/public/getAuthResponseStatus HTTP/1.1" 200 17
10.244.48.148 - - [21/Oct/2016:18:22:43 +0530] "POST /fidouaf_test/v1/public/getAuthResponseStatus HTTP/1.1" 200 17
10.244.48.148 - - [21/Oct/2016:18:22:45 +0530] "POST /fidouaf_test/v1/public/getAuthResponseStatus HTTP/1.1" 200 17
10.244.48.148 - - [21/Oct/2016:18:22:47 +0530] "POST /fidouaf_test/v1/public/getAuthResponseStatus HTTP/1.1" 200 17
10.244.48.148 - - [21/Oct/2016:18:22:49 +0530] "POST /fidouaf_test/v1/public/getAuthResponseStatus HTTP/1.1" 200 17
10.244.48.148 - - [21/Oct/2016:18:22:51 +0530] "POST /fidouaf_test/v1/public/getAuthResponseStatus HTTP/1.1" 200 17
10.244.48.148 - - [21/Oct/2016:18:22:53 +0530] "POST /fidouaf_test/v1/public/getAuthResponseStatus HTTP/1.1" 200 17
10.244.48.148 - - [21/Oct/2016:18:22:55 +0530] "POST /fidouaf_test/v1/public/getAuthResponseStatus HTTP/1.1" 200 17
10.244.48.148 - - [21/Oct/2016:18:22:57 +0530] "POST /fidouaf_test/v1/public/getAuthResponseStatus HTTP/1.1" 200 17
10.244.48.148 - - [21/Oct/2016:18:22:59 +0530] "POST /fidouaf_test/v1/public/getAuthResponseStatus HTTP/1.1" 200 17
10.244.48.148 - - [21/Oct/2016:18:23:01 +0530] "POST /fidouaf_test/v1/public/getAuthResponseStatus HTTP/1.1" 200 17
10.244.48.148 - - [21/Oct/2016:18:23:03 +0530] "POST /fidouaf_test/v1/public/getAuthResponseStatus HTTP/1.1" 200 17
10.244.48.148 - - [21/Oct/2016:18:23:05 +0530] "POST /fidouaf_test/v1/public/getAuthResponseStatus HTTP/1.1" 200 17
10.244.48.148 - - [21/Oct/2016:18:23:07 +0530] "POST /fidouaf_test/v1/public/getAuthResponseStatus HTTP/1.1" 200 17
10.244.48.148 - - [21/Oct/2016:18:23:09 +0530] "POST /fidouaf_test/v1/public/getAuthResponseStatus HTTP/1.1" 200 17
10.244.48.148 - - [21/Oct/2016:18:23:11 +0530] "POST /fidouaf_test/v1/public/getAuthResponseStatus HTTP/1.1" 200 17
10.244.48.148 - - [21/Oct/2016:18:23:13 +0530] "POST /fidouaf_test/v1/public/getAuthResponseStatus HTTP/1.1" 200 17
10.244.48.148 - - [21/Oct/2016:18:23:15 +0530] "POST /fidouaf_test/v1/public/getAuthResponseStatus HTTP/1.1" 200 17
10.244.48.148 - - [21/Oct/2016:18:23:17 +0530] "POST /fidouaf_test/v1/public/getAuthResponseStatus HTTP/1.1" 200 17
10.244.48.148 - - [21/Oct/2016:18:23:20 +0530] "POST /fidouaf_test/v1/public/getAuthResponseStatus HTTP/1.1" 200 17
10.244.48.148 - - [21/Oct/2016:18:23:21 +0530] "POST /fidouaf_test/v1/public/getAuthResponseStatus HTTP/1.1" 200 17
10.244.0.10 - - [21/Oct/2016:18:23:57 +0530] "POST /fidouaf_test/v1/public/enablePushNotifications HTTP/1.1" 200 42
10.244.48.148 - - [21/Oct/2016:18:24:32 +0530] "POST /fidouaf_test/v1/public/rpRegRequest HTTP/1.1" 200 44
10.244.48.148 - - [21/Oct/2016:18:24:34 +0530] "POST /fidouaf_test/v1/public/regResponseStatus HTTP/1.1" 200 17
10.244.48.148 - - [21/Oct/2016:18:24:36 +0530] "POST /fidouaf_test/v1/public/regResponseStatus HTTP/1.1" 200 17
10.244.0.10 - - [21/Oct/2016:18:24:37 +0530] "POST /fidouaf_test/v1/public/verifyQRContents HTTP/1.1" 200 38
10.244.0.10 - - [21/Oct/2016:18:24:38 +0530] "GET /fidouaf_test/v1/public/regRequest/311 HTTP/1.1" 200 6034
10.244.48.148 - - [21/Oct/2016:18:24:38 +0530] "POST /fidouaf_test/v1/public/regResponseStatus HTTP/1.1" 200 17
10.244.48.148 - - [21/Oct/2016:18:24:40 +0530] "POST /fidouaf_test/v1/public/regResponseStatus HTTP/1.1" 200 17
10.244.48.148 - - [21/Oct/2016:18:24:42 +0530] "POST /fidouaf_test/v1/public/regResponseStatus HTTP/1.1" 200 17
10.244.48.148 - - [21/Oct/2016:18:24:44 +0530] "POST /fidouaf_test/v1/public/regResponseStatus HTTP/1.1" 200 17
10.244.48.148 - - [21/Oct/2016:18:24:46 +0530] "POST /fidouaf_test/v1/public/regResponseStatus HTTP/1.1" 200 17
10.244.48.148 - - [21/Oct/2016:18:24:48 +0530] "POST /fidouaf_test/v1/public/regResponseStatus HTTP/1.1" 200 17
10.244.48.148 - - [21/Oct/2016:18:24:50 +0530] "POST /fidouaf_test/v1/public/regResponseStatus HTTP/1.1" 200 17
10.244.48.148 - - [21/Oct/2016:18:24:52 +0530] "POST /fidouaf_test/v1/public/regResponseStatus HTTP/1.1" 200 17
10.244.48.148 - - [21/Oct/2016:18:24:54 +0530] "POST /fidouaf_test/v1/public/regResponseStatus HTTP/1.1" 200 17
10.244.0.10 - - [21/Oct/2016:18:24:55 +0530] "POST /fidouaf_test/v1/public/regResponse HTTP/1.1" 200 4631
10.244.48.148 - - [21/Oct/2016:18:24:56 +0530] "POST /fidouaf_test/v1/public/regResponseStatus HTTP/1.1" 200 17
10.244.48.148 - - [21/Oct/2016:18:25:08 +0530] "POST /fidouaf_test/v1/public/notifyAuthenticators HTTP/1.1" 200 18
10.244.48.148 - - [21/Oct/2016:18:25:11 +0530] "POST /fidouaf_test/v1/public/pushNotifyAuthentication HTTP/1.1" 200 17
10.244.48.148 - - [21/Oct/2016:18:25:13 +0530] "POST /fidouaf_test/v1/public/getAuthResponseStatus HTTP/1.1" 200 17
10.244.0.10 - - [21/Oct/2016:18:25:13 +0530] "GET /fidouaf_test/v1/public/authRequest/flexiblePolicy/311 HTTP/1.1" 200 551
10.244.48.148 - - [21/Oct/2016:18:25:15 +0530] "POST /fidouaf_test/v1/public/getAuthResponseStatus HTTP/1.1" 200 17
10.244.48.148 - - [21/Oct/2016:18:25:17 +0530] "POST /fidouaf_test/v1/public/getAuthResponseStatus HTTP/1.1" 200 17
10.244.48.148 - - [21/Oct/2016:18:25:19 +0530] "POST /fidouaf_test/v1/public/getAuthResponseStatus HTTP/1.1" 200 17
10.244.48.148 - - [21/Oct/2016:18:25:21 +0530] "POST /fidouaf_test/v1/public/getAuthResponseStatus HTTP/1.1" 200 17
10.244.48.148 - - [21/Oct/2016:18:25:23 +0530] "POST /fidouaf_test/v1/public/getAuthResponseStatus HTTP/1.1" 200 17
10.244.48.148 - - [21/Oct/2016:18:25:25 +0530] "POST /fidouaf_test/v1/public/getAuthResponseStatus HTTP/1.1" 200 17
10.244.48.148 - - [21/Oct/2016:18:25:27 +0530] "POST /fidouaf_test/v1/public/getAuthResponseStatus HTTP/1.1" 200 17
10.244.48.148 - - [21/Oct/2016:18:25:29 +0530] "POST /fidouaf_test/v1/public/getAuthResponseStatus HTTP/1.1" 200 17
10.244.48.148 - - [21/Oct/2016:18:25:31 +0530] "POST /fidouaf_test/v1/public/getAuthResponseStatus HTTP/1.1" 200 17
10.244.48.148 - - [21/Oct/2016:18:25:33 +0530] "POST /fidouaf_test/v1/public/getAuthResponseStatus HTTP/1.1" 200 17
10.244.48.148 - - [21/Oct/2016:18:25:35 +0530] "POST /fidouaf_test/v1/public/getAuthResponseStatus HTTP/1.1" 200 17
10.244.48.148 - - [21/Oct/2016:18:29:19 +0530] "POST /fidouaf_test/v1/public/notifyAuthenticators HTTP/1.1" 200 18
10.244.48.148 - - [21/Oct/2016:18:29:19 +0530] "POST /fidouaf_test/v1/public/pushNotifyAuthentication HTTP/1.1" 200 17
10.244.48.148 - - [21/Oct/2016:18:29:21 +0530] "POST /fidouaf_test/v1/public/getAuthResponseStatus HTTP/1.1" 200 17
10.244.48.148 - - [21/Oct/2016:18:29:23 +0530] "POST /fidouaf_test/v1/public/getAuthResponseStatus HTTP/1.1" 200 17
10.244.48.148 - - [21/Oct/2016:18:29:25 +0530] "POST /fidouaf_test/v1/public/getAuthResponseStatus HTTP/1.1" 200 17
10.244.48.148 - - [21/Oct/2016:18:29:27 +0530] "POST /fidouaf_test/v1/public/getAuthResponseStatus HTTP/1.1" 200 17
10.244.48.148 - - [21/Oct/2016:18:29:29 +0530] "POST /fidouaf_test/v1/public/getAuthResponseStatus HTTP/1.1" 200 17
10.244.48.148 - - [21/Oct/2016:18:29:31 +0530] "POST /fidouaf_test/v1/public/getAuthResponseStatus HTTP/1.1" 200 17
10.244.48.148 - - [21/Oct/2016:18:29:33 +0530] "POST /fidouaf_test/v1/public/getAuthResponseStatus HTTP/1.1" 200 17
10.244.48.148 - - [21/Oct/2016:18:29:43 +0530] "POST /fidouaf_test/v1/public/notifyAuthenticators HTTP/1.1" 200 18
10.244.48.148 - - [21/Oct/2016:18:29:45 +0530] "POST /fidouaf_test/v1/public/pushNotifyAuthentication HTTP/1.1" 200 17
10.244.0.10 - - [21/Oct/2016:18:29:47 +0530] "GET /fidouaf_test/v1/public/authRequest/flexiblePolicy/311 HTTP/1.1" 200 551
10.244.48.148 - - [21/Oct/2016:18:29:47 +0530] "POST /fidouaf_test/v1/public/getAuthResponseStatus HTTP/1.1" 200 17
10.244.48.148 - - [21/Oct/2016:18:29:49 +0530] "POST /fidouaf_test/v1/public/getAuthResponseStatus HTTP/1.1" 200 17
10.244.48.148 - - [21/Oct/2016:18:29:51 +0530] "POST /fidouaf_test/v1/public/getAuthResponseStatus HTTP/1.1" 200 17
10.244.48.148 - - [21/Oct/2016:18:29:53 +0530] "POST /fidouaf_test/v1/public/getAuthResponseStatus HTTP/1.1" 200 17
10.244.48.148 - - [21/Oct/2016:18:29:55 +0530] "POST /fidouaf_test/v1/public/getAuthResponseStatus HTTP/1.1" 200 17
10.244.48.148 - - [21/Oct/2016:18:29:57 +0530] "POST /fidouaf_test/v1/public/getAuthResponseStatus HTTP/1.1" 200 17
10.244.48.148 - - [21/Oct/2016:18:29:59 +0530] "POST /fidouaf_test/v1/public/getAuthResponseStatus HTTP/1.1" 200 17
10.244.48.148 - - [21/Oct/2016:18:30:01 +0530] "POST /fidouaf_test/v1/public/getAuthResponseStatus HTTP/1.1" 200 17
10.244.48.148 - - [21/Oct/2016:18:30:03 +0530] "POST /fidouaf_test/v1/public/getAuthResponseStatus HTTP/1.1" 200 17
10.244.48.148 - - [21/Oct/2016:18:30:05 +0530] "POST /fidouaf_test/v1/public/getAuthResponseStatus HTTP/1.1" 200 17
10.244.48.148 - - [21/Oct/2016:18:30:07 +0530] "POST /fidouaf_test/v1/public/getAuthResponseStatus HTTP/1.1" 200 17
10.244.48.148 - - [21/Oct/2016:18:30:09 +0530] "POST /fidouaf_test/v1/public/getAuthResponseStatus HTTP/1.1" 200 17
10.244.48.148 - - [21/Oct/2016:18:30:11 +0530] "POST /fidouaf_test/v1/public/getAuthResponseStatus HTTP/1.1" 200 17
10.244.48.148 - - [21/Oct/2016:18:30:13 +0530] "POST /fidouaf_test/v1/public/getAuthResponseStatus HTTP/1.1" 200 17
10.244.48.148 - - [21/Oct/2016:18:30:15 +0530] "POST /fidouaf_test/v1/public/getAuthResponseStatus HTTP/1.1" 200 17
