127.0.0.1 - - [30/Sep/2016:10:32:13 +0530] "GET / HTTP/1.1" 404 951
10.244.48.148 - - [30/Sep/2016:10:58:29 +0530] "POST /fidouaf_test/v1/public/appRegRequest HTTP/1.1" 200 44
10.244.0.10 - - [30/Sep/2016:10:58:30 +0530] "POST /fidouaf_test/v1/public/verifyQRContents HTTP/1.1" 200 38
10.244.0.10 - - [30/Sep/2016:10:58:31 +0530] "GET /fidouaf_test/v1/public/regRequest/152 HTTP/1.1" 200 5768
10.244.0.10 - - [30/Sep/2016:10:58:47 +0530] "POST /fidouaf_test/v1/public/regResponse HTTP/1.1" 200 4632
10.244.48.148 - - [30/Sep/2016:10:58:58 +0530] "POST /fidouaf_test/v1/public/notifyAuthenticators HTTP/1.1" 200 18
10.244.0.10 - - [30/Sep/2016:10:58:59 +0530] "GET /fidouaf_test/v1/public/authRequest/flexiblePolicy/152 HTTP/1.1" 200 551
10.244.0.10 - - [30/Sep/2016:10:59:06 +0530] "POST /fidouaf_test/v1/public/authResponse HTTP/1.1" 200 163
10.244.0.10 - - [30/Sep/2016:10:59:06 +0530] "POST /fidouaf_test/v1/public/getSignedContext HTTP/1.1" 200 383
127.0.0.1 - - [30/Sep/2016:11:00:27 +0530] "GET / HTTP/1.1" 404 951
10.244.48.148 - - [30/Sep/2016:11:01:57 +0530] "POST /fidouaf_test/v1/public/notifyAuthenticators HTTP/1.1" 200 25
10.244.0.10 - - [30/Sep/2016:11:01:57 +0530] "GET /fidouaf_test/v1/public/authRequest/flexiblePolicy/152 HTTP/1.1" 500 3441
10.244.48.148 - - [30/Sep/2016:11:02:17 +0530] "POST /fidouaf_test/v1/public/notifyAuthenticators HTTP/1.1" 200 25
10.244.0.10 - - [30/Sep/2016:11:02:18 +0530] "GET /fidouaf_test/v1/public/authRequest/flexiblePolicy/152 HTTP/1.1" 500 3441
127.0.0.1 - - [30/Sep/2016:11:02:49 +0530] "GET / HTTP/1.1" 404 951
10.244.48.148 - - [30/Sep/2016:11:02:49 +0530] "POST /fidouaf_test/v1/public/notifyAuthenticators HTTP/1.1" 200 25
10.244.0.10 - - [30/Sep/2016:11:02:49 +0530] "GET /fidouaf_test/v1/public/authRequest/flexiblePolicy/152 HTTP/1.1" 500 3441
127.0.0.1 - - [30/Sep/2016:11:03:07 +0530] "GET / HTTP/1.1" 404 951
10.244.48.148 - - [30/Sep/2016:11:04:03 +0530] "POST /fidouaf_test/v1/public/notifyAuthenticators HTTP/1.1" 200 25
10.244.0.10 - - [30/Sep/2016:11:04:04 +0530] "GET /fidouaf_test/v1/public/authRequest/flexiblePolicy/152 HTTP/1.1" 500 3441
10.244.48.148 - - [30/Sep/2016:11:04:38 +0530] "POST /fidouaf_test/v1/public/appRegRequest HTTP/1.1" 200 44
10.244.0.10 - - [30/Sep/2016:11:04:39 +0530] "POST /fidouaf_test/v1/public/verifyQRContents HTTP/1.1" 200 38
10.244.0.10 - - [30/Sep/2016:11:04:40 +0530] "GET /fidouaf_test/v1/public/regRequest/153 HTTP/1.1" 200 5768
10.244.0.10 - - [30/Sep/2016:11:04:57 +0530] "POST /fidouaf_test/v1/public/regResponse HTTP/1.1" 200 4632
10.244.48.148 - - [30/Sep/2016:11:05:23 +0530] "POST /fidouaf_test/v1/public/notifyAuthenticators HTTP/1.1" 200 18
10.244.0.10 - - [30/Sep/2016:11:05:23 +0530] "GET /fidouaf_test/v1/public/authRequest/flexiblePolicy/153 HTTP/1.1" 200 551
10.244.0.10 - - [30/Sep/2016:11:05:31 +0530] "POST /fidouaf_test/v1/public/authResponse HTTP/1.1" 200 163
10.244.48.148 - - [30/Sep/2016:11:19:22 +0530] "POST /fidouaf_test/v1/public/notifyAuthenticators HTTP/1.1" 200 18
10.244.0.10 - - [30/Sep/2016:11:19:23 +0530] "GET /fidouaf_test/v1/public/authRequest/flexiblePolicy/153 HTTP/1.1" 200 551
10.244.0.10 - - [30/Sep/2016:11:19:30 +0530] "POST /fidouaf_test/v1/public/authResponse HTTP/1.1" 200 163
10.244.0.10 - - [30/Sep/2016:11:19:31 +0530] "POST /fidouaf_test/v1/public/getSignedContext HTTP/1.1" 200 382
10.244.48.148 - - [30/Sep/2016:11:21:50 +0530] "POST /fidouaf_test/v1/public/notifyAuthenticators HTTP/1.1" 200 18
10.244.0.10 - - [30/Sep/2016:11:21:50 +0530] "GET /fidouaf_test/v1/public/authRequest/flexiblePolicy/153 HTTP/1.1" 200 551
10.244.0.10 - - [30/Sep/2016:11:21:58 +0530] "POST /fidouaf_test/v1/public/authResponse HTTP/1.1" 200 163
10.244.0.10 - - [30/Sep/2016:11:21:58 +0530] "POST /fidouaf_test/v1/public/getSignedContext HTTP/1.1" 200 382
10.244.48.148 - - [30/Sep/2016:11:25:37 +0530] "POST /fidouaf_test/v1/public/notifyAuthenticators HTTP/1.1" 200 18
10.244.0.10 - - [30/Sep/2016:11:25:38 +0530] "GET /fidouaf_test/v1/public/authRequest/flexiblePolicy/153 HTTP/1.1" 200 551
10.244.0.10 - - [30/Sep/2016:11:25:45 +0530] "POST /fidouaf_test/v1/public/authResponse HTTP/1.1" 200 163
10.244.0.10 - - [30/Sep/2016:11:25:45 +0530] "POST /fidouaf_test/v1/public/getSignedContext HTTP/1.1" 200 382
10.244.48.148 - - [30/Sep/2016:11:26:26 +0530] "POST /fidouaf_test/v1/public/notifyAuthenticators HTTP/1.1" 200 18
10.244.0.10 - - [30/Sep/2016:11:26:27 +0530] "GET /fidouaf_test/v1/public/authRequest/flexiblePolicy/153 HTTP/1.1" 200 551
10.244.0.10 - - [30/Sep/2016:11:26:35 +0530] "POST /fidouaf_test/v1/public/authResponse HTTP/1.1" 200 163
10.244.0.10 - - [30/Sep/2016:11:26:35 +0530] "POST /fidouaf_test/v1/public/getSignedContext HTTP/1.1" 200 382
10.244.48.148 - - [30/Sep/2016:11:28:12 +0530] "POST /fidouaf_test/v1/public/notifyAuthenticators HTTP/1.1" 200 18
10.244.0.10 - - [30/Sep/2016:11:28:13 +0530] "GET /fidouaf_test/v1/public/authRequest/flexiblePolicy/153 HTTP/1.1" 200 551
10.244.0.10 - - [30/Sep/2016:11:28:20 +0530] "POST /fidouaf_test/v1/public/authResponse HTTP/1.1" 200 163
10.244.0.10 - - [30/Sep/2016:11:28:20 +0530] "POST /fidouaf_test/v1/public/getSignedContext HTTP/1.1" 200 382
10.244.48.148 - - [30/Sep/2016:11:28:59 +0530] "POST /fidouaf_test/v1/public/notifyAuthenticators HTTP/1.1" 200 18
10.244.0.10 - - [30/Sep/2016:11:28:59 +0530] "GET /fidouaf_test/v1/public/authRequest/flexiblePolicy/153 HTTP/1.1" 200 551
10.244.0.10 - - [30/Sep/2016:11:29:07 +0530] "POST /fidouaf_test/v1/public/authResponse HTTP/1.1" 200 163
10.244.0.10 - - [30/Sep/2016:11:29:07 +0530] "POST /fidouaf_test/v1/public/getSignedContext HTTP/1.1" 200 382
10.244.48.148 - - [30/Sep/2016:11:30:43 +0530] "POST /fidouaf_test/v1/public/notifyAuthenticators HTTP/1.1" 200 18
10.244.0.10 - - [30/Sep/2016:11:30:43 +0530] "GET /fidouaf_test/v1/public/authRequest/flexiblePolicy/153 HTTP/1.1" 200 551
10.244.0.10 - - [30/Sep/2016:11:30:52 +0530] "POST /fidouaf_test/v1/public/authResponse HTTP/1.1" 200 163
10.244.0.10 - - [30/Sep/2016:11:30:52 +0530] "POST /fidouaf_test/v1/public/getSignedContext HTTP/1.1" 200 382
10.244.48.148 - - [30/Sep/2016:11:31:30 +0530] "POST /fidouaf_test/v1/public/notifyAuthenticators HTTP/1.1" 200 18
10.244.0.10 - - [30/Sep/2016:11:31:31 +0530] "GET /fidouaf_test/v1/public/authRequest/flexiblePolicy/153 HTTP/1.1" 200 551
10.244.0.10 - - [30/Sep/2016:11:32:01 +0530] "POST /fidouaf_test/v1/public/authResponse HTTP/1.1" 200 163
10.244.0.10 - - [30/Sep/2016:11:32:01 +0530] "POST /fidouaf_test/v1/public/getSignedContext HTTP/1.1" 200 382
10.244.48.148 - - [30/Sep/2016:11:35:54 +0530] "POST /fidouaf_test/v1/public/notifyAuthenticators HTTP/1.1" 200 18
10.244.0.10 - - [30/Sep/2016:11:35:55 +0530] "GET /fidouaf_test/v1/public/authRequest/flexiblePolicy/153 HTTP/1.1" 200 551
10.244.0.10 - - [30/Sep/2016:11:36:14 +0530] "POST /fidouaf_test/v1/public/authResponse HTTP/1.1" 200 163
10.244.0.10 - - [30/Sep/2016:11:36:14 +0530] "POST /fidouaf_test/v1/public/getSignedContext HTTP/1.1" 200 382
10.244.48.148 - - [30/Sep/2016:11:40:41 +0530] "POST /fidouaf_test/v1/public/notifyAuthenticators HTTP/1.1" 200 18
10.244.0.10 - - [30/Sep/2016:11:40:41 +0530] "GET /fidouaf_test/v1/public/authRequest/flexiblePolicy/153 HTTP/1.1" 200 551
10.244.0.10 - - [30/Sep/2016:11:40:48 +0530] "POST /fidouaf_test/v1/public/authResponse HTTP/1.1" 200 163
10.244.0.10 - - [30/Sep/2016:11:40:49 +0530] "POST /fidouaf_test/v1/public/getSignedContext HTTP/1.1" 200 383
10.244.48.148 - - [30/Sep/2016:11:42:21 +0530] "POST /fidouaf_test/v1/public/notifyAuthenticators HTTP/1.1" 200 18
10.244.0.10 - - [30/Sep/2016:11:42:22 +0530] "GET /fidouaf_test/v1/public/authRequest/flexiblePolicy/153 HTTP/1.1" 200 551
10.244.0.10 - - [30/Sep/2016:11:42:29 +0530] "POST /fidouaf_test/v1/public/authResponse HTTP/1.1" 200 163
10.244.0.10 - - [30/Sep/2016:11:42:29 +0530] "POST /fidouaf_test/v1/public/getSignedContext HTTP/1.1" 200 383
10.244.48.148 - - [30/Sep/2016:11:43:40 +0530] "POST /fidouaf_test/v1/public/appRegRequest HTTP/1.1" 200 44
10.244.0.10 - - [30/Sep/2016:11:43:41 +0530] "POST /fidouaf_test/v1/public/verifyQRContents HTTP/1.1" 200 38
10.244.0.10 - - [30/Sep/2016:11:43:42 +0530] "GET /fidouaf_test/v1/public/regRequest/154 HTTP/1.1" 200 5768
10.244.0.10 - - [30/Sep/2016:11:43:55 +0530] "POST /fidouaf_test/v1/public/regResponse HTTP/1.1" 200 4634
10.244.48.148 - - [30/Sep/2016:11:44:05 +0530] "POST /fidouaf_test/v1/public/notifyAuthenticators HTTP/1.1" 200 18
10.244.0.10 - - [30/Sep/2016:11:44:06 +0530] "GET /fidouaf_test/v1/public/authRequest/flexiblePolicy/154 HTTP/1.1" 200 551
10.244.0.10 - - [30/Sep/2016:11:44:12 +0530] "POST /fidouaf_test/v1/public/authResponse HTTP/1.1" 200 163
10.244.0.10 - - [30/Sep/2016:11:44:13 +0530] "POST /fidouaf_test/v1/public/getSignedContext HTTP/1.1" 200 383
10.244.48.148 - - [30/Sep/2016:11:44:22 +0530] "POST /fidouaf_test/v1/public/notifyAuthenticators HTTP/1.1" 200 18
10.244.0.10 - - [30/Sep/2016:11:44:22 +0530] "GET /fidouaf_test/v1/public/authRequest/flexiblePolicy/154 HTTP/1.1" 200 551
10.244.0.10 - - [30/Sep/2016:11:44:34 +0530] "POST /fidouaf_test/v1/public/authResponse HTTP/1.1" 200 163
10.244.0.10 - - [30/Sep/2016:11:44:34 +0530] "POST /fidouaf_test/v1/public/getSignedContext HTTP/1.1" 200 382
10.244.48.148 - - [30/Sep/2016:11:44:42 +0530] "POST /fidouaf_test/v1/public/notifyAuthenticators HTTP/1.1" 200 18
10.244.0.10 - - [30/Sep/2016:11:44:43 +0530] "GET /fidouaf_test/v1/public/authRequest/flexiblePolicy/154 HTTP/1.1" 200 695
10.244.0.10 - - [30/Sep/2016:11:44:58 +0530] "POST /fidouaf_test/v1/public/authResponse HTTP/1.1" 200 315
10.244.0.10 - - [30/Sep/2016:11:44:58 +0530] "POST /fidouaf_test/v1/public/getSignedContext HTTP/1.1" 200 378
10.244.48.148 - - [30/Sep/2016:12:43:09 +0530] "POST /fidouaf_test/v1/public/appRegRequest HTTP/1.1" 200 44
10.244.0.10 - - [30/Sep/2016:12:45:00 +0530] "POST /fidouaf_test/v1/public/enablePushNotifications HTTP/1.1" 200 42
10.244.48.148 - - [30/Sep/2016:12:45:08 +0530] "POST /fidouaf_test/v1/public/appRegRequest HTTP/1.1" 200 44
10.244.0.10 - - [30/Sep/2016:12:45:08 +0530] "POST /fidouaf_test/v1/public/verifyQRContents HTTP/1.1" 200 39
10.244.48.148 - - [30/Sep/2016:12:45:52 +0530] "POST /fidouaf_test/v1/public/appRegRequest HTTP/1.1" 200 44
10.244.0.10 - - [30/Sep/2016:12:45:53 +0530] "POST /fidouaf_test/v1/public/verifyQRContents HTTP/1.1" 200 38
10.244.0.10 - - [30/Sep/2016:12:45:54 +0530] "GET /fidouaf_test/v1/public/regRequest/156 HTTP/1.1" 200 5768
10.244.0.10 - - [30/Sep/2016:12:46:05 +0530] "POST /fidouaf_test/v1/public/regResponse HTTP/1.1" 200 4630
10.244.48.148 - - [30/Sep/2016:12:46:15 +0530] "POST /fidouaf_test/v1/public/notifyAuthenticators HTTP/1.1" 200 18
10.244.0.10 - - [30/Sep/2016:12:46:23 +0530] "GET /fidouaf_test/v1/public/authRequest/flexiblePolicy/156 HTTP/1.1" 200 695
10.244.0.10 - - [30/Sep/2016:12:46:40 +0530] "POST /fidouaf_test/v1/public/authResponse HTTP/1.1" 200 315
10.244.0.10 - - [30/Sep/2016:12:47:59 +0530] "GET /fidouaf_test/v1/public/authRequest/flexiblePolicy/156 HTTP/1.1" 200 695
10.244.48.148 - - [30/Sep/2016:12:48:00 +0530] "POST /fidouaf_test/v1/public/notifyAuthenticators HTTP/1.1" 200 18
10.244.0.10 - - [30/Sep/2016:12:48:01 +0530] "GET /fidouaf_test/v1/public/authRequest/flexiblePolicy/156 HTTP/1.1" 200 695
10.244.0.10 - - [30/Sep/2016:12:48:20 +0530] "POST /fidouaf_test/v1/public/authResponse HTTP/1.1" 200 315
10.244.48.148 - - [30/Sep/2016:12:51:49 +0530] "POST /fidouaf_test/v1/public/notifyAuthenticators HTTP/1.1" 200 18
10.244.0.10 - - [30/Sep/2016:12:51:49 +0530] "GET /fidouaf_test/v1/public/authRequest/flexiblePolicy/156 HTTP/1.1" 200 695
10.244.0.10 - - [30/Sep/2016:12:52:04 +0530] "POST /fidouaf_test/v1/public/authResponse HTTP/1.1" 200 315
10.244.0.10 - - [30/Sep/2016:12:52:29 +0530] "POST /fidouaf_test/v1/public/getSignedContext HTTP/1.1" 200 378
10.244.48.148 - - [30/Sep/2016:12:52:49 +0530] "POST /fidouaf_test/v1/public/notifyAuthenticators HTTP/1.1" 200 18
10.244.0.10 - - [30/Sep/2016:12:52:50 +0530] "GET /fidouaf_test/v1/public/authRequest/flexiblePolicy/156 HTTP/1.1" 200 551
10.244.0.10 - - [30/Sep/2016:12:52:57 +0530] "POST /fidouaf_test/v1/public/authResponse HTTP/1.1" 200 163
10.244.0.10 - - [30/Sep/2016:12:52:57 +0530] "POST /fidouaf_test/v1/public/getSignedContext HTTP/1.1" 200 383
127.0.0.1 - - [30/Sep/2016:14:59:00 +0530] "GET / HTTP/1.1" 404 951
10.244.0.10 - - [30/Sep/2016:15:02:46 +0530] "POST /fidouaf_test/v1/public/enablePushNotifications HTTP/1.1" 200 42
10.244.48.148 - - [30/Sep/2016:15:04:10 +0530] "POST /fidouaf_test/v1/public/appRegRequest HTTP/1.1" 200 44
10.244.0.10 - - [30/Sep/2016:15:04:10 +0530] "POST /fidouaf_test/v1/public/verifyQRContents HTTP/1.1" 200 38
10.244.0.10 - - [30/Sep/2016:15:04:14 +0530] "GET /fidouaf_test/v1/public/regRequest/157 HTTP/1.1" 200 5768
10.244.0.10 - - [30/Sep/2016:15:04:30 +0530] "POST /fidouaf_test/v1/public/regResponse HTTP/1.1" 200 4630
10.244.48.148 - - [30/Sep/2016:15:04:38 +0530] "POST /fidouaf_test/v1/public/notifyAuthenticators HTTP/1.1" 200 18
10.244.0.10 - - [30/Sep/2016:15:04:39 +0530] "GET /fidouaf_test/v1/public/authRequest/flexiblePolicy/157 HTTP/1.1" 200 551
10.244.0.10 - - [30/Sep/2016:15:04:45 +0530] "POST /fidouaf_test/v1/public/authResponse HTTP/1.1" 200 163
10.244.0.10 - - [30/Sep/2016:15:04:45 +0530] "POST /fidouaf_test/v1/public/getSignedContext HTTP/1.1" 200 383
10.244.48.148 - - [30/Sep/2016:15:04:55 +0530] "POST /fidouaf_test/v1/public/notifyAuthenticators HTTP/1.1" 200 18
10.244.0.10 - - [30/Sep/2016:15:04:55 +0530] "GET /fidouaf_test/v1/public/authRequest/flexiblePolicy/157 HTTP/1.1" 200 551
10.244.0.10 - - [30/Sep/2016:15:05:03 +0530] "POST /fidouaf_test/v1/public/authResponse HTTP/1.1" 200 163
10.244.0.10 - - [30/Sep/2016:15:05:03 +0530] "POST /fidouaf_test/v1/public/getSignedContext HTTP/1.1" 200 382
10.244.48.148 - - [30/Sep/2016:15:05:11 +0530] "POST /fidouaf_test/v1/public/notifyAuthenticators HTTP/1.1" 200 18
10.244.0.10 - - [30/Sep/2016:15:05:11 +0530] "GET /fidouaf_test/v1/public/authRequest/flexiblePolicy/157 HTTP/1.1" 200 695
10.244.0.10 - - [30/Sep/2016:15:05:25 +0530] "POST /fidouaf_test/v1/public/authResponse HTTP/1.1" 200 315
10.244.0.10 - - [30/Sep/2016:15:05:25 +0530] "POST /fidouaf_test/v1/public/getSignedContext HTTP/1.1" 200 378
