10.244.48.148 - - [10/Oct/2016:12:35:32 +0530] "POST /fidouaf_test/v1/public/appRegRequest HTTP/1.1" 200 44
10.244.0.10 - - [10/Oct/2016:12:35:34 +0530] "POST /fidouaf_test/v1/public/verifyQRContents HTTP/1.1" 200 38
10.244.0.10 - - [10/Oct/2016:12:35:35 +0530] "GET /fidouaf_test/v1/public/regRequest/186 HTTP/1.1" 200 5768
10.244.0.10 - - [10/Oct/2016:12:35:42 +0530] "POST /fidouaf_test/v1/public/regResponse HTTP/1.1" 200 2321
10.244.0.10 - - [10/Oct/2016:12:36:12 +0530] "GET /fidouaf_test/v1/public/authRequest/ZDNkM0xtWnBaRzl3WlhKemFYTjBaVzUwTG5CemJHSmhibXN1YVc5emJXOWlhV3hsTG1OdmJRPT0=/VUd4bFlYTmxJSEJ5YjNacFpHVWdZWEJ3Y205MllXd2dabTl5SUhSeVlXNXpZV04wYVc5dUlHOW1JRkp6TGpVd01EQWdkRzkzWVhKa2N5QlhZWFJsY2lCQ2FXeHNJRkJoZVcxbGJuUT0= HTTP/1.1" 200 3485
10.244.0.10 - - [10/Oct/2016:12:36:15 +0530] "POST /fidouaf_test/v1/public/authResponse HTTP/1.1" 200 163
10.244.48.148 - - [10/Oct/2016:12:40:18 +0530] "POST /fidouaf_test/v1/public/notifyAuthenticators HTTP/1.1" 200 18
10.244.0.10 - - [10/Oct/2016:12:40:20 +0530] "GET /fidouaf_test/v1/public/authRequest/flexiblePolicy/186 HTTP/1.1" 200 551
10.244.0.10 - - [10/Oct/2016:12:40:27 +0530] "POST /fidouaf_test/v1/public/authResponse HTTP/1.1" 200 163
10.244.0.10 - - [10/Oct/2016:12:40:27 +0530] "POST /fidouaf_test/v1/public/getSignedContext HTTP/1.1" 200 382
10.244.48.148 - - [10/Oct/2016:12:40:58 +0530] "POST /fidouaf_test/v1/public/appRegRequest HTTP/1.1" 200 44
10.244.0.10 - - [10/Oct/2016:12:40:58 +0530] "POST /fidouaf_test/v1/public/verifyQRContents HTTP/1.1" 200 38
10.244.0.10 - - [10/Oct/2016:12:40:59 +0530] "GET /fidouaf_test/v1/public/regRequest/187 HTTP/1.1" 200 5768
10.244.0.10 - - [10/Oct/2016:12:41:13 +0530] "POST /fidouaf_test/v1/public/regResponse HTTP/1.1" 200 4633
10.244.48.148 - - [10/Oct/2016:12:41:21 +0530] "POST /fidouaf_test/v1/public/notifyAuthenticators HTTP/1.1" 200 18
10.244.0.10 - - [10/Oct/2016:12:41:21 +0530] "GET /fidouaf_test/v1/public/authRequest/flexiblePolicy/187 HTTP/1.1" 200 551
10.244.0.10 - - [10/Oct/2016:12:41:30 +0530] "POST /fidouaf_test/v1/public/authResponse HTTP/1.1" 200 163
10.244.0.10 - - [10/Oct/2016:12:41:30 +0530] "POST /fidouaf_test/v1/public/getSignedContext HTTP/1.1" 200 383
10.244.0.10 - - [10/Oct/2016:12:41:43 +0530] "GET /fidouaf_test/v1/public/authRequest/ZDNkM0xtWnBaRzl3WlhKemFYTjBaVzUwTG5CemJHSmhibXN1YVc5emJXOWlhV3hsTG1OdmJRPT0=/VUd4bFlYTmxJSEJ5YjNacFpHVWdZWEJ3Y205MllXd2dabTl5SUhSeVlXNXpZV04wYVc5dUlHOW1JRkp6TGpVd01EQWdkRzkzWVhKa2N5QlhZWFJsY2lCQ2FXeHNJRkJoZVcxbGJuUT0= HTTP/1.1" 200 3485
10.244.0.10 - - [10/Oct/2016:12:41:45 +0530] "POST /fidouaf_test/v1/public/authResponse HTTP/1.1" 200 163
10.244.0.10 - - [10/Oct/2016:12:52:08 +0530] "GET /fidouaf_test/v1/public/authRequest/ZDNkM0xtWnBaRzl3WlhKemFYTjBaVzUwTG5CemJHSmhibXN1YVc5emJXOWlhV3hsTG1OdmJRPT0=/VUd4bFlYTmxJSEJ5YjNacFpHVWdZWEJ3Y205MllXd2dabTl5SUhSeVlXNXpZV04wYVc5dUlHOW1JRkp6TGpVd01EQWdkRzkzWVhKa2N5QlhZWFJsY2lCQ2FXeHNJRkJoZVcxbGJuUT0= HTTP/1.1" 200 3485
10.244.0.10 - - [10/Oct/2016:12:52:09 +0530] "POST /fidouaf_test/v1/public/authResponse HTTP/1.1" 200 163
127.0.0.1 - - [10/Oct/2016:13:14:51 +0530] "GET / HTTP/1.1" 404 951
127.0.0.1 - - [10/Oct/2016:13:14:52 +0530] "GET /fidouaf_test/ HTTP/1.1" 404 967
10.244.0.10 - - [10/Oct/2016:15:04:30 +0530] "POST /fidouaf_test/v1/public/enablePushNotifications HTTP/1.1" 200 42
10.244.48.148 - - [10/Oct/2016:15:05:12 +0530] "POST /fidouaf_test/v1/public/appRegRequest HTTP/1.1" 200 44
10.244.0.10 - - [10/Oct/2016:15:05:12 +0530] "POST /fidouaf_test/v1/public/verifyQRContents HTTP/1.1" 200 38
10.244.0.10 - - [10/Oct/2016:15:05:14 +0530] "GET /fidouaf_test/v1/public/regRequest/189 HTTP/1.1" 200 6034
10.244.48.148 - - [10/Oct/2016:15:17:54 +0530] "POST /fidouaf_test/v1/public/appRegRequest HTTP/1.1" 200 44
10.244.0.10 - - [10/Oct/2016:15:17:54 +0530] "POST /fidouaf_test/v1/public/verifyQRContents HTTP/1.1" 200 38
10.244.0.10 - - [10/Oct/2016:15:17:56 +0530] "GET /fidouaf_test/v1/public/regRequest/191 HTTP/1.1" 200 6034
127.0.0.1 - - [10/Oct/2016:15:27:00 +0530] "GET / HTTP/1.1" 404 951
10.244.0.10 - - [10/Oct/2016:15:52:47 +0530] "POST /fidouaf_test/v1/public/enablePushNotifications HTTP/1.1" 200 42
10.244.48.148 - - [10/Oct/2016:15:59:38 +0530] "POST /fidouaf_test/v1/public/rpRegRequest HTTP/1.1" 200 44
10.244.48.148 - - [10/Oct/2016:15:59:45 +0530] "POST /fidouaf_test/v1/public/regResponseStatus HTTP/1.1" 200 17
10.244.48.148 - - [10/Oct/2016:15:59:47 +0530] "POST /fidouaf_test/v1/public/regResponseStatus HTTP/1.1" 200 17
10.244.48.148 - - [10/Oct/2016:15:59:49 +0530] "POST /fidouaf_test/v1/public/regResponseStatus HTTP/1.1" 200 17
10.244.48.148 - - [10/Oct/2016:15:59:51 +0530] "POST /fidouaf_test/v1/public/regResponseStatus HTTP/1.1" 200 17
10.244.48.148 - - [10/Oct/2016:15:59:53 +0530] "POST /fidouaf_test/v1/public/regResponseStatus HTTP/1.1" 200 17
10.244.48.148 - - [10/Oct/2016:15:59:55 +0530] "POST /fidouaf_test/v1/public/regResponseStatus HTTP/1.1" 200 17
10.244.48.148 - - [10/Oct/2016:15:59:57 +0530] "POST /fidouaf_test/v1/public/regResponseStatus HTTP/1.1" 200 17
10.244.48.148 - - [10/Oct/2016:15:59:59 +0530] "POST /fidouaf_test/v1/public/regResponseStatus HTTP/1.1" 200 17
10.244.48.148 - - [10/Oct/2016:16:00:01 +0530] "POST /fidouaf_test/v1/public/regResponseStatus HTTP/1.1" 200 17
10.244.48.148 - - [10/Oct/2016:16:00:03 +0530] "POST /fidouaf_test/v1/public/regResponseStatus HTTP/1.1" 200 17
10.244.48.148 - - [10/Oct/2016:16:00:05 +0530] "POST /fidouaf_test/v1/public/regResponseStatus HTTP/1.1" 200 17
10.244.48.148 - - [10/Oct/2016:16:00:06 +0530] "POST /fidouaf_test/v1/public/rpRegRequest HTTP/1.1" 200 44
10.244.48.148 - - [10/Oct/2016:16:00:08 +0530] "POST /fidouaf_test/v1/public/regResponseStatus HTTP/1.1" 200 17
10.244.48.148 - - [10/Oct/2016:16:00:10 +0530] "POST /fidouaf_test/v1/public/regResponseStatus HTTP/1.1" 200 17
10.244.48.148 - - [10/Oct/2016:16:00:12 +0530] "POST /fidouaf_test/v1/public/regResponseStatus HTTP/1.1" 200 17
10.244.48.148 - - [10/Oct/2016:16:00:14 +0530] "POST /fidouaf_test/v1/public/regResponseStatus HTTP/1.1" 200 17
10.244.48.148 - - [10/Oct/2016:16:00:16 +0530] "POST /fidouaf_test/v1/public/regResponseStatus HTTP/1.1" 200 17
10.244.48.148 - - [10/Oct/2016:16:00:18 +0530] "POST /fidouaf_test/v1/public/regResponseStatus HTTP/1.1" 200 17
10.244.0.10 - - [10/Oct/2016:16:00:20 +0530] "POST /fidouaf_test/v1/public/verifyQRContents HTTP/1.1" 200 39
10.244.48.148 - - [10/Oct/2016:16:01:25 +0530] "POST /fidouaf_test/v1/public/regResponseStatus HTTP/1.1" 200 17
10.244.48.148 - - [10/Oct/2016:16:02:47 +0530] "POST /fidouaf_test/v1/public/rpRegRequest HTTP/1.1" 200 44
10.244.48.148 - - [10/Oct/2016:16:02:49 +0530] "POST /fidouaf_test/v1/public/regResponseStatus HTTP/1.1" 200 17
10.244.48.148 - - [10/Oct/2016:16:02:51 +0530] "POST /fidouaf_test/v1/public/regResponseStatus HTTP/1.1" 200 17
10.244.0.10 - - [10/Oct/2016:16:02:53 +0530] "POST /fidouaf_test/v1/public/verifyQRContents HTTP/1.1" 200 38
10.244.48.148 - - [10/Oct/2016:16:02:53 +0530] "POST /fidouaf_test/v1/public/regResponseStatus HTTP/1.1" 200 17
10.244.0.10 - - [10/Oct/2016:16:02:55 +0530] "GET /fidouaf_test/v1/public/regRequest/193 HTTP/1.1" 200 6034
10.244.48.148 - - [10/Oct/2016:16:02:55 +0530] "POST /fidouaf_test/v1/public/regResponseStatus HTTP/1.1" 200 17
10.244.48.148 - - [10/Oct/2016:16:02:57 +0530] "POST /fidouaf_test/v1/public/regResponseStatus HTTP/1.1" 200 17
10.244.48.148 - - [10/Oct/2016:16:02:59 +0530] "POST /fidouaf_test/v1/public/regResponseStatus HTTP/1.1" 200 17
10.244.48.148 - - [10/Oct/2016:16:03:01 +0530] "POST /fidouaf_test/v1/public/regResponseStatus HTTP/1.1" 200 17
10.244.48.148 - - [10/Oct/2016:16:03:03 +0530] "POST /fidouaf_test/v1/public/regResponseStatus HTTP/1.1" 200 17
10.244.48.148 - - [10/Oct/2016:16:03:05 +0530] "POST /fidouaf_test/v1/public/regResponseStatus HTTP/1.1" 200 17
10.244.48.148 - - [10/Oct/2016:16:03:07 +0530] "POST /fidouaf_test/v1/public/regResponseStatus HTTP/1.1" 200 17
10.244.48.148 - - [10/Oct/2016:16:03:09 +0530] "POST /fidouaf_test/v1/public/regResponseStatus HTTP/1.1" 200 17
10.244.48.148 - - [10/Oct/2016:16:03:11 +0530] "POST /fidouaf_test/v1/public/regResponseStatus HTTP/1.1" 200 17
10.244.0.10 - - [10/Oct/2016:16:03:12 +0530] "POST /fidouaf_test/v1/public/regResponse HTTP/1.1" 200 4632
10.244.48.148 - - [10/Oct/2016:16:03:13 +0530] "POST /fidouaf_test/v1/public/regResponseStatus HTTP/1.1" 200 17
10.244.48.148 - - [10/Oct/2016:16:03:58 +0530] "POST /fidouaf_test/v1/public/notifyAuthenticators HTTP/1.1" 200 18
10.244.48.148 - - [10/Oct/2016:16:04:04 +0530] "POST /fidouaf_test/v1/public/pushNotifyAuthentication HTTP/1.1" 200 17
10.244.48.148 - - [10/Oct/2016:16:10:58 +0530] "POST /fidouaf_test/v1/public/sendTransactions HTTP/1.1" 200 17
10.244.48.148 - - [10/Oct/2016:16:11:00 +0530] "POST /fidouaf_test/v1/public/getAuthResponseStatus HTTP/1.1" 200 17
10.244.0.10 - - [10/Oct/2016:16:11:02 +0530] "POST /fidouaf_test/v1/public/processPushNotificationAck HTTP/1.1" 200 159
10.244.0.10 - - [10/Oct/2016:16:11:02 +0530] "GET /fidouaf_test/v1/public/authRequest/d3d3LmZpZG9wZXJzaXN0ZW50LnBzbGJhbmsuY29t/QXBwcm92ZSBUcmFuc2FjdGlvbiBvZiBScy4gMTAwMCBmcm9tIGFjY291bnQgd2l0aCB1c2VybmFtZTogYW1vbDIgdG86IFJlbGlhbmNlIENvbW11bmljYXRpb25z HTTP/1.1" 200 3589
10.244.48.148 - - [10/Oct/2016:16:11:02 +0530] "POST /fidouaf_test/v1/public/getAuthResponseStatus HTTP/1.1" 200 17
10.244.48.148 - - [10/Oct/2016:16:11:04 +0530] "POST /fidouaf_test/v1/public/getAuthResponseStatus HTTP/1.1" 200 17
10.244.0.10 - - [10/Oct/2016:16:11:04 +0530] "POST /fidouaf_test/v1/public/authResponse HTTP/1.1" 200 163
10.244.48.148 - - [10/Oct/2016:16:11:06 +0530] "POST /fidouaf_test/v1/public/getAuthResponseStatus HTTP/1.1" 200 17
10.244.48.148 - - [10/Oct/2016:16:11:48 +0530] "POST /fidouaf_test/v1/public/notifyAuthenticators HTTP/1.1" 200 18
10.244.48.148 - - [10/Oct/2016:16:11:50 +0530] "POST /fidouaf_test/v1/public/pushNotifyAuthentication HTTP/1.1" 200 17
10.244.0.10 - - [10/Oct/2016:16:11:52 +0530] "GET /fidouaf_test/v1/public/authRequest/flexiblePolicy/193 HTTP/1.1" 200 551
10.244.0.10 - - [10/Oct/2016:16:12:02 +0530] "POST /fidouaf_test/v1/public/authResponse HTTP/1.1" 200 163
10.244.48.148 - - [10/Oct/2016:16:14:03 +0530] "POST /fidouaf_test/v1/public/notifyAuthenticators HTTP/1.1" 200 25
10.244.48.148 - - [10/Oct/2016:16:14:06 +0530] "POST /fidouaf_test/v1/public/pushNotifyAuthentication HTTP/1.1" 500 3169
10.244.48.148 - - [10/Oct/2016:16:14:38 +0530] "POST /fidouaf_test/v1/public/notifyAuthenticators HTTP/1.1" 200 25
10.244.48.148 - - [10/Oct/2016:16:14:39 +0530] "POST /fidouaf_test/v1/public/pushNotifyAuthentication HTTP/1.1" 500 3169
10.244.48.148 - - [10/Oct/2016:16:14:46 +0530] "POST /fidouaf_test/v1/public/getAuthResponseStatus HTTP/1.1" 500 3164
10.244.48.148 - - [10/Oct/2016:16:14:48 +0530] "POST /fidouaf_test/v1/public/getAuthResponseStatus HTTP/1.1" 500 3164
10.244.48.148 - - [10/Oct/2016:16:14:50 +0530] "POST /fidouaf_test/v1/public/getAuthResponseStatus HTTP/1.1" 500 3164
10.244.48.148 - - [10/Oct/2016:16:14:53 +0530] "POST /fidouaf_test/v1/public/getAuthResponseStatus HTTP/1.1" 500 3164
10.244.48.148 - - [10/Oct/2016:16:14:54 +0530] "POST /fidouaf_test/v1/public/getAuthResponseStatus HTTP/1.1" 500 3164
10.244.48.148 - - [10/Oct/2016:16:14:56 +0530] "POST /fidouaf_test/v1/public/getAuthResponseStatus HTTP/1.1" 500 3164
10.244.48.148 - - [10/Oct/2016:16:14:58 +0530] "POST /fidouaf_test/v1/public/getAuthResponseStatus HTTP/1.1" 500 3164
10.244.48.148 - - [10/Oct/2016:16:15:00 +0530] "POST /fidouaf_test/v1/public/getAuthResponseStatus HTTP/1.1" 500 3164
10.244.48.148 - - [10/Oct/2016:16:15:02 +0530] "POST /fidouaf_test/v1/public/getAuthResponseStatus HTTP/1.1" 500 3164
10.244.48.148 - - [10/Oct/2016:16:15:04 +0530] "POST /fidouaf_test/v1/public/getAuthResponseStatus HTTP/1.1" 500 3164
10.244.48.148 - - [10/Oct/2016:16:15:06 +0530] "POST /fidouaf_test/v1/public/getAuthResponseStatus HTTP/1.1" 500 3164
10.244.48.148 - - [10/Oct/2016:16:15:08 +0530] "POST /fidouaf_test/v1/public/getAuthResponseStatus HTTP/1.1" 500 3164
10.244.48.148 - - [10/Oct/2016:16:15:10 +0530] "POST /fidouaf_test/v1/public/getAuthResponseStatus HTTP/1.1" 500 3104
10.244.48.148 - - [10/Oct/2016:16:15:12 +0530] "POST /fidouaf_test/v1/public/getAuthResponseStatus HTTP/1.1" 500 3104
10.244.48.148 - - [10/Oct/2016:16:15:15 +0530] "POST /fidouaf_test/v1/public/getAuthResponseStatus HTTP/1.1" 500 3104
10.244.48.148 - - [10/Oct/2016:16:15:16 +0530] "POST /fidouaf_test/v1/public/getAuthResponseStatus HTTP/1.1" 500 3104
10.244.48.148 - - [10/Oct/2016:16:15:18 +0530] "POST /fidouaf_test/v1/public/getAuthResponseStatus HTTP/1.1" 500 3104
10.244.48.148 - - [10/Oct/2016:16:15:20 +0530] "POST /fidouaf_test/v1/public/getAuthResponseStatus HTTP/1.1" 500 3104
10.244.48.148 - - [10/Oct/2016:16:15:22 +0530] "POST /fidouaf_test/v1/public/getAuthResponseStatus HTTP/1.1" 500 3104
10.244.48.148 - - [10/Oct/2016:16:15:24 +0530] "POST /fidouaf_test/v1/public/getAuthResponseStatus HTTP/1.1" 500 3104
10.244.48.148 - - [10/Oct/2016:16:15:26 +0530] "POST /fidouaf_test/v1/public/getAuthResponseStatus HTTP/1.1" 500 3104
10.244.48.148 - - [10/Oct/2016:16:15:28 +0530] "POST /fidouaf_test/v1/public/getAuthResponseStatus HTTP/1.1" 500 3104
10.244.48.148 - - [10/Oct/2016:16:15:30 +0530] "POST /fidouaf_test/v1/public/getAuthResponseStatus HTTP/1.1" 500 3104
10.244.48.148 - - [10/Oct/2016:16:15:32 +0530] "POST /fidouaf_test/v1/public/getAuthResponseStatus HTTP/1.1" 500 3104
10.244.48.148 - - [10/Oct/2016:16:15:34 +0530] "POST /fidouaf_test/v1/public/getAuthResponseStatus HTTP/1.1" 500 3104
10.244.48.148 - - [10/Oct/2016:16:15:36 +0530] "POST /fidouaf_test/v1/public/getAuthResponseStatus HTTP/1.1" 500 3104
10.244.48.148 - - [10/Oct/2016:16:15:38 +0530] "POST /fidouaf_test/v1/public/getAuthResponseStatus HTTP/1.1" 500 3104
10.244.48.148 - - [10/Oct/2016:16:15:40 +0530] "POST /fidouaf_test/v1/public/getAuthResponseStatus HTTP/1.1" 500 3104
10.244.48.148 - - [10/Oct/2016:16:15:42 +0530] "POST /fidouaf_test/v1/public/getAuthResponseStatus HTTP/1.1" 500 3104
127.0.0.1 - - [10/Oct/2016:16:16:13 +0530] "GET / HTTP/1.1" 404 951
10.244.48.148 - - [10/Oct/2016:16:21:58 +0530] "POST /fidouaf_test/v1/public/notifyAuthenticators HTTP/1.1" 200 18
10.244.48.148 - - [10/Oct/2016:16:22:01 +0530] "POST /fidouaf_test/v1/public/pushNotifyAuthentication HTTP/1.1" 200 17
10.244.0.10 - - [10/Oct/2016:16:22:02 +0530] "GET /fidouaf_test/v1/public/authRequest/flexiblePolicy/193 HTTP/1.1" 200 551
10.244.0.10 - - [10/Oct/2016:16:22:12 +0530] "POST /fidouaf_test/v1/public/authResponse HTTP/1.1" 200 163
10.244.48.148 - - [10/Oct/2016:16:22:13 +0530] "POST /fidouaf_test/v1/public/getAuthResponseStatus HTTP/1.1" 200 17
10.244.48.148 - - [10/Oct/2016:16:28:33 +0530] "POST /fidouaf_test/v1/public/notifyAuthenticators HTTP/1.1" 200 18
10.244.48.148 - - [10/Oct/2016:16:28:35 +0530] "POST /fidouaf_test/v1/public/pushNotifyAuthentication HTTP/1.1" 200 17
10.244.0.10 - - [10/Oct/2016:16:28:39 +0530] "GET /fidouaf_test/v1/public/authRequest/flexiblePolicy/193 HTTP/1.1" 200 551
10.244.0.10 - - [10/Oct/2016:16:28:47 +0530] "POST /fidouaf_test/v1/public/authResponse HTTP/1.1" 200 163
10.244.48.148 - - [10/Oct/2016:16:30:30 +0530] "POST /fidouaf_test/v1/public/sendTransactions HTTP/1.1" 200 17
10.244.48.148 - - [10/Oct/2016:16:30:32 +0530] "POST /fidouaf_test/v1/public/getAuthResponseStatus HTTP/1.1" 200 17
10.244.0.10 - - [10/Oct/2016:16:30:32 +0530] "POST /fidouaf_test/v1/public/processPushNotificationAck HTTP/1.1" 200 155
10.244.0.10 - - [10/Oct/2016:16:30:32 +0530] "GET /fidouaf_test/v1/public/authRequest/d3d3LmZpZG9wZXJzaXN0ZW50LnBzbGJhbmsuY29t/QXBwcm92ZSBUcmFuc2FjdGlvbiBvZiBScy4gNTAwMCBmcm9tIGFjY291bnQgd2l0aCB1c2VybmFtZTogYW1vbDIgdG86IEhpbmR1c3RhbiBQZXRyb2xldW0= HTTP/1.1" 200 3585
10.244.0.10 - - [10/Oct/2016:16:30:35 +0530] "POST /fidouaf_test/v1/public/authResponse HTTP/1.1" 200 163
10.244.48.148 - - [10/Oct/2016:16:34:57 +0530] "POST /fidouaf_test/v1/public/notifyAuthenticators HTTP/1.1" 200 18
127.0.0.1 - - [10/Oct/2016:16:35:16 +0530] "GET / HTTP/1.1" 404 951
10.244.48.148 - - [10/Oct/2016:16:35:29 +0530] "POST /fidouaf_test/v1/public/notifyAuthenticators HTTP/1.1" 200 18
10.244.48.148 - - [10/Oct/2016:16:35:33 +0530] "POST /fidouaf_test/v1/public/pushNotifyAuthentication HTTP/1.1" 200 17
10.244.0.10 - - [10/Oct/2016:16:35:34 +0530] "GET /fidouaf_test/v1/public/authRequest/flexiblePolicy/193 HTTP/1.1" 200 551
10.244.0.10 - - [10/Oct/2016:16:35:41 +0530] "POST /fidouaf_test/v1/public/authResponse HTTP/1.1" 200 163
10.244.48.148 - - [10/Oct/2016:16:35:51 +0530] "POST /fidouaf_test/v1/public/notifyAuthenticators HTTP/1.1" 200 18
10.244.48.148 - - [10/Oct/2016:16:35:54 +0530] "POST /fidouaf_test/v1/public/pushNotifyAuthentication HTTP/1.1" 200 17
10.244.0.10 - - [10/Oct/2016:16:35:55 +0530] "GET /fidouaf_test/v1/public/authRequest/flexiblePolicy/193 HTTP/1.1" 200 551
10.244.48.148 - - [10/Oct/2016:16:35:56 +0530] "POST /fidouaf_test/v1/public/getAuthResponseStatus HTTP/1.1" 200 17
10.244.0.10 - - [10/Oct/2016:16:36:02 +0530] "POST /fidouaf_test/v1/public/authResponse HTTP/1.1" 200 163
10.244.0.10 - - [10/Oct/2016:18:06:14 +0530] "POST /fidouaf_test/v1/public/enablePushNotifications HTTP/1.1" 200 42
10.244.48.148 - - [10/Oct/2016:18:07:30 +0530] "POST /fidouaf_test/v1/public/appRegRequest HTTP/1.1" 200 44
10.244.0.10 - - [10/Oct/2016:18:07:31 +0530] "POST /fidouaf_test/v1/public/verifyQRContents HTTP/1.1" 200 38
10.244.0.10 - - [10/Oct/2016:18:07:32 +0530] "GET /fidouaf_test/v1/public/regRequest/194 HTTP/1.1" 200 6034
10.244.0.10 - - [10/Oct/2016:18:08:08 +0530] "POST /fidouaf_test/v1/public/regResponse HTTP/1.1" 200 2321
10.244.48.148 - - [10/Oct/2016:18:29:39 +0530] "POST /fidouaf_test/v1/public/notifyAuthenticators HTTP/1.1" 200 18
10.244.0.10 - - [10/Oct/2016:18:29:40 +0530] "GET /fidouaf_test/v1/public/authRequest/flexiblePolicy/194 HTTP/1.1" 200 551
10.244.48.148 - - [10/Oct/2016:18:33:52 +0530] "POST /fidouaf_test/v1/public/appRegRequest HTTP/1.1" 200 44
10.244.0.10 - - [10/Oct/2016:18:33:53 +0530] "POST /fidouaf_test/v1/public/verifyQRContents HTTP/1.1" 200 38
10.244.0.10 - - [10/Oct/2016:18:33:54 +0530] "GET /fidouaf_test/v1/public/regRequest/195 HTTP/1.1" 200 6034
10.244.0.10 - - [10/Oct/2016:18:34:37 +0530] "POST /fidouaf_test/v1/public/regResponse HTTP/1.1" 200 6941
10.244.48.148 - - [10/Oct/2016:18:35:07 +0530] "POST /fidouaf_test/v1/public/notifyAuthenticators HTTP/1.1" 200 18
10.244.0.10 - - [10/Oct/2016:18:35:07 +0530] "GET /fidouaf_test/v1/public/authRequest/flexiblePolicy/195 HTTP/1.1" 200 551
10.244.48.148 - - [10/Oct/2016:18:39:10 +0530] "POST /fidouaf_test/v1/public/appRegRequest HTTP/1.1" 200 44
10.244.0.10 - - [10/Oct/2016:18:39:11 +0530] "POST /fidouaf_test/v1/public/verifyQRContents HTTP/1.1" 200 38
10.244.0.10 - - [10/Oct/2016:18:39:12 +0530] "GET /fidouaf_test/v1/public/regRequest/196 HTTP/1.1" 200 6034
10.244.0.10 - - [10/Oct/2016:18:39:43 +0530] "POST /fidouaf_test/v1/public/regResponse HTTP/1.1" 200 4632
10.244.48.148 - - [10/Oct/2016:18:40:50 +0530] "POST /fidouaf_test/v1/public/notifyAuthenticators HTTP/1.1" 200 18
10.244.0.10 - - [10/Oct/2016:18:40:51 +0530] "GET /fidouaf_test/v1/public/authRequest/flexiblePolicy/196 HTTP/1.1" 200 551
10.244.48.148 - - [10/Oct/2016:18:44:37 +0530] "POST /fidouaf_test/v1/public/notifyAuthenticators HTTP/1.1" 200 18
10.244.48.148 - - [10/Oct/2016:18:49:05 +0530] "POST /fidouaf_test/v1/public/notifyAuthenticators HTTP/1.1" 200 18
10.244.0.10 - - [10/Oct/2016:18:49:48 +0530] "GET /fidouaf_test/v1/public/authRequest/flexiblePolicy/196 HTTP/1.1" 200 551
10.51.237.214 - - [10/Oct/2016:18:50:32 +0530] "POST /fidouaf_test/v1/public/rpRegRequest HTTP/1.1" 200 44
10.51.237.214 - - [10/Oct/2016:18:50:35 +0530] "POST /fidouaf_test/v1/public/regResponseStatus HTTP/1.1" 200 17
10.51.237.214 - - [10/Oct/2016:18:50:36 +0530] "POST /fidouaf_test/v1/public/regResponseStatus HTTP/1.1" 200 17
10.51.237.214 - - [10/Oct/2016:18:50:39 +0530] "POST /fidouaf_test/v1/public/regResponseStatus HTTP/1.1" 200 17
10.244.48.148 - - [10/Oct/2016:18:51:42 +0530] "POST /fidouaf_test/v1/public/appRegRequest HTTP/1.1" 200 44
10.244.0.10 - - [10/Oct/2016:18:51:43 +0530] "POST /fidouaf_test/v1/public/verifyQRContents HTTP/1.1" 200 38
10.244.0.10 - - [10/Oct/2016:18:51:44 +0530] "GET /fidouaf_test/v1/public/regRequest/197 HTTP/1.1" 200 6034
10.244.0.10 - - [10/Oct/2016:18:52:00 +0530] "POST /fidouaf_test/v1/public/regResponse HTTP/1.1" 200 2321
10.244.48.148 - - [10/Oct/2016:18:52:11 +0530] "POST /fidouaf_test/v1/public/notifyAuthenticators HTTP/1.1" 200 18
10.244.0.10 - - [10/Oct/2016:18:52:23 +0530] "GET /fidouaf_test/v1/public/authRequest/flexiblePolicy/197 HTTP/1.1" 200 551
10.244.48.148 - - [10/Oct/2016:18:56:47 +0530] "POST /fidouaf_test/v1/public/notifyAuthenticators HTTP/1.1" 200 18
10.244.0.10 - - [10/Oct/2016:18:57:05 +0530] "GET /fidouaf_test/v1/public/authRequest/flexiblePolicy/197 HTTP/1.1" 200 551
10.244.0.10 - - [10/Oct/2016:18:58:40 +0530] "GET /fidouaf_test/v1/public/dologout/c2NndzmZaUM HTTP/1.1" 200 60
10.244.0.10 - - [10/Oct/2016:18:58:40 +0530] "POST /fidouaf_test/v1/public/enablePushNotifications HTTP/1.1" 200 43
10.244.0.10 - - [10/Oct/2016:18:59:12 +0530] "POST /fidouaf_test/v1/public/enablePushNotifications HTTP/1.1" 200 42
10.244.48.148 - - [10/Oct/2016:19:00:03 +0530] "POST /fidouaf_test/v1/public/appRegRequest HTTP/1.1" 200 44
10.244.0.10 - - [10/Oct/2016:19:00:04 +0530] "POST /fidouaf_test/v1/public/verifyQRContents HTTP/1.1" 200 38
10.244.0.10 - - [10/Oct/2016:19:00:05 +0530] "GET /fidouaf_test/v1/public/regRequest/198 HTTP/1.1" 200 6034
10.244.0.10 - - [10/Oct/2016:19:00:27 +0530] "POST /fidouaf_test/v1/public/regResponse HTTP/1.1" 200 2322
10.244.48.148 - - [10/Oct/2016:19:01:30 +0530] "POST /fidouaf_test/v1/public/notifyAuthenticators HTTP/1.1" 200 18
10.244.52.232 - - [10/Oct/2016:19:03:26 +0530] "GET /fidouaf_test/v1/public/dologout/e2TGB0jlSx8 HTTP/1.1" 200 60
10.244.52.232 - - [10/Oct/2016:19:03:26 +0530] "POST /fidouaf_test/v1/public/enablePushNotifications HTTP/1.1" 200 43
10.244.0.10 - - [10/Oct/2016:19:05:33 +0530] "POST /fidouaf_test/v1/public/enablePushNotifications HTTP/1.1" 200 42
10.244.48.148 - - [10/Oct/2016:19:06:02 +0530] "POST /fidouaf_test/v1/public/appRegRequest HTTP/1.1" 200 44
10.244.0.10 - - [10/Oct/2016:19:06:02 +0530] "POST /fidouaf_test/v1/public/verifyQRContents HTTP/1.1" 200 38
10.244.0.10 - - [10/Oct/2016:19:06:04 +0530] "GET /fidouaf_test/v1/public/regRequest/199 HTTP/1.1" 200 6034
10.244.0.10 - - [10/Oct/2016:19:06:23 +0530] "POST /fidouaf_test/v1/public/regResponse HTTP/1.1" 200 2323
10.244.48.148 - - [10/Oct/2016:19:06:34 +0530] "POST /fidouaf_test/v1/public/notifyAuthenticators HTTP/1.1" 200 18
10.244.0.10 - - [10/Oct/2016:19:06:34 +0530] "GET /fidouaf_test/v1/public/authRequest/flexiblePolicy/199 HTTP/1.1" 200 551
10.244.48.148 - - [10/Oct/2016:19:09:30 +0530] "POST /fidouaf_test/v1/public/notifyAuthenticators HTTP/1.1" 200 18
10.244.0.10 - - [10/Oct/2016:19:09:32 +0530] "GET /fidouaf_test/v1/public/authRequest/flexiblePolicy/199 HTTP/1.1" 200 551
127.0.0.1 - - [10/Oct/2016:19:19:51 +0530] "GET / HTTP/1.1" 404 951
10.244.48.148 - - [10/Oct/2016:19:26:00 +0530] "POST /fidouaf_test/v1/public/notifyAuthenticators HTTP/1.1" 200 18
10.244.0.10 - - [10/Oct/2016:19:26:01 +0530] "GET /fidouaf_test/v1/public/authRequest/flexiblePolicy/199 HTTP/1.1" 200 551
10.244.48.148 - - [10/Oct/2016:19:26:25 +0530] "POST /fidouaf_test/v1/public/notifyAuthenticators HTTP/1.1" 200 18
10.244.0.10 - - [10/Oct/2016:19:26:26 +0530] "GET /fidouaf_test/v1/public/authRequest/flexiblePolicy/199 HTTP/1.1" 200 551
10.244.48.148 - - [10/Oct/2016:19:31:10 +0530] "POST /fidouaf_test/v1/public/notifyAuthenticators HTTP/1.1" 200 18
10.244.0.10 - - [10/Oct/2016:19:31:11 +0530] "GET /fidouaf_test/v1/public/authRequest/flexiblePolicy/199 HTTP/1.1" 200 551
10.244.48.148 - - [10/Oct/2016:19:32:40 +0530] "POST /fidouaf_test/v1/public/notifyAuthenticators HTTP/1.1" 200 18
10.244.0.10 - - [10/Oct/2016:19:32:40 +0530] "GET /fidouaf_test/v1/public/authRequest/flexiblePolicy/199 HTTP/1.1" 200 551
10.244.48.148 - - [10/Oct/2016:19:41:08 +0530] "POST /fidouaf_test/v1/public/notifyAuthenticators HTTP/1.1" 200 18
10.244.0.10 - - [10/Oct/2016:19:41:09 +0530] "GET /fidouaf_test/v1/public/authRequest/flexiblePolicy/199 HTTP/1.1" 200 551
10.244.48.148 - - [10/Oct/2016:19:43:22 +0530] "POST /fidouaf_test/v1/public/rpRegRequest HTTP/1.1" 200 44
10.244.48.148 - - [10/Oct/2016:19:43:24 +0530] "POST /fidouaf_test/v1/public/regResponseStatus HTTP/1.1" 200 17
10.244.48.148 - - [10/Oct/2016:19:43:26 +0530] "POST /fidouaf_test/v1/public/regResponseStatus HTTP/1.1" 200 17
10.244.0.10 - - [10/Oct/2016:19:43:28 +0530] "POST /fidouaf_test/v1/public/verifyQRContents HTTP/1.1" 200 38
10.244.48.148 - - [10/Oct/2016:19:43:28 +0530] "POST /fidouaf_test/v1/public/regResponseStatus HTTP/1.1" 200 17
10.244.0.10 - - [10/Oct/2016:19:43:29 +0530] "GET /fidouaf_test/v1/public/regRequest/200 HTTP/1.1" 200 6034
10.244.48.148 - - [10/Oct/2016:19:43:30 +0530] "POST /fidouaf_test/v1/public/regResponseStatus HTTP/1.1" 200 17
10.244.48.148 - - [10/Oct/2016:19:43:32 +0530] "POST /fidouaf_test/v1/public/regResponseStatus HTTP/1.1" 200 17
10.244.0.10 - - [10/Oct/2016:19:43:33 +0530] "POST /fidouaf_test/v1/public/regResponse HTTP/1.1" 200 2322
10.244.48.148 - - [10/Oct/2016:19:43:34 +0530] "POST /fidouaf_test/v1/public/regResponseStatus HTTP/1.1" 200 17
10.244.48.148 - - [10/Oct/2016:19:43:53 +0530] "POST /fidouaf_test/v1/public/notifyAuthenticators HTTP/1.1" 200 18
10.244.48.148 - - [10/Oct/2016:19:43:55 +0530] "POST /fidouaf_test/v1/public/pushNotifyAuthentication HTTP/1.1" 200 17
10.244.0.10 - - [10/Oct/2016:19:43:56 +0530] "GET /fidouaf_test/v1/public/authRequest/flexiblePolicy/200 HTTP/1.1" 200 551
10.244.48.148 - - [10/Oct/2016:19:44:31 +0530] "POST /fidouaf_test/v1/public/notifyAuthenticators HTTP/1.1" 200 18
10.244.48.148 - - [10/Oct/2016:19:44:33 +0530] "POST /fidouaf_test/v1/public/pushNotifyAuthentication HTTP/1.1" 200 17
10.244.48.148 - - [10/Oct/2016:19:44:59 +0530] "POST /fidouaf_test/v1/public/notifyAuthenticators HTTP/1.1" 200 18
10.244.48.148 - - [10/Oct/2016:19:45:00 +0530] "POST /fidouaf_test/v1/public/pushNotifyAuthentication HTTP/1.1" 200 17
10.244.48.148 - - [10/Oct/2016:19:45:02 +0530] "POST /fidouaf_test/v1/public/getAuthResponseStatus HTTP/1.1" 200 17
10.244.0.10 - - [10/Oct/2016:19:45:03 +0530] "GET /fidouaf_test/v1/public/authRequest/flexiblePolicy/200 HTTP/1.1" 200 551
10.244.48.148 - - [10/Oct/2016:19:45:04 +0530] "POST /fidouaf_test/v1/public/getAuthResponseStatus HTTP/1.1" 200 17
10.244.48.148 - - [10/Oct/2016:19:45:06 +0530] "POST /fidouaf_test/v1/public/getAuthResponseStatus HTTP/1.1" 200 17
10.244.48.148 - - [10/Oct/2016:19:45:08 +0530] "POST /fidouaf_test/v1/public/getAuthResponseStatus HTTP/1.1" 200 17
10.244.48.148 - - [10/Oct/2016:19:45:10 +0530] "POST /fidouaf_test/v1/public/getAuthResponseStatus HTTP/1.1" 200 17
10.244.48.148 - - [10/Oct/2016:19:45:12 +0530] "POST /fidouaf_test/v1/public/getAuthResponseStatus HTTP/1.1" 200 17
10.244.48.148 - - [10/Oct/2016:19:45:14 +0530] "POST /fidouaf_test/v1/public/getAuthResponseStatus HTTP/1.1" 200 17
10.244.48.148 - - [10/Oct/2016:19:45:16 +0530] "POST /fidouaf_test/v1/public/getAuthResponseStatus HTTP/1.1" 200 17
10.244.48.148 - - [10/Oct/2016:19:45:18 +0530] "POST /fidouaf_test/v1/public/getAuthResponseStatus HTTP/1.1" 200 17
10.244.48.148 - - [10/Oct/2016:19:45:20 +0530] "POST /fidouaf_test/v1/public/getAuthResponseStatus HTTP/1.1" 200 17
10.244.48.148 - - [10/Oct/2016:19:45:22 +0530] "POST /fidouaf_test/v1/public/getAuthResponseStatus HTTP/1.1" 200 17
10.244.48.148 - - [10/Oct/2016:19:45:24 +0530] "POST /fidouaf_test/v1/public/getAuthResponseStatus HTTP/1.1" 200 17
10.244.48.148 - - [10/Oct/2016:19:45:26 +0530] "POST /fidouaf_test/v1/public/getAuthResponseStatus HTTP/1.1" 200 17
10.244.48.148 - - [10/Oct/2016:19:45:28 +0530] "POST /fidouaf_test/v1/public/getAuthResponseStatus HTTP/1.1" 200 17
10.244.48.148 - - [10/Oct/2016:19:45:30 +0530] "POST /fidouaf_test/v1/public/getAuthResponseStatus HTTP/1.1" 200 17
10.244.48.148 - - [10/Oct/2016:19:45:32 +0530] "POST /fidouaf_test/v1/public/getAuthResponseStatus HTTP/1.1" 200 17
10.244.48.148 - - [10/Oct/2016:19:45:34 +0530] "POST /fidouaf_test/v1/public/getAuthResponseStatus HTTP/1.1" 200 17
10.244.48.148 - - [10/Oct/2016:19:45:36 +0530] "POST /fidouaf_test/v1/public/getAuthResponseStatus HTTP/1.1" 200 17
10.244.48.148 - - [10/Oct/2016:19:45:38 +0530] "POST /fidouaf_test/v1/public/getAuthResponseStatus HTTP/1.1" 200 17
10.244.48.148 - - [10/Oct/2016:19:45:40 +0530] "POST /fidouaf_test/v1/public/getAuthResponseStatus HTTP/1.1" 200 17
10.244.48.148 - - [10/Oct/2016:19:45:42 +0530] "POST /fidouaf_test/v1/public/getAuthResponseStatus HTTP/1.1" 200 17
10.244.48.148 - - [10/Oct/2016:19:45:44 +0530] "POST /fidouaf_test/v1/public/getAuthResponseStatus HTTP/1.1" 200 17
10.244.48.148 - - [10/Oct/2016:19:45:46 +0530] "POST /fidouaf_test/v1/public/getAuthResponseStatus HTTP/1.1" 200 17
10.244.48.148 - - [10/Oct/2016:19:45:48 +0530] "POST /fidouaf_test/v1/public/getAuthResponseStatus HTTP/1.1" 200 17
10.244.48.148 - - [10/Oct/2016:19:45:50 +0530] "POST /fidouaf_test/v1/public/getAuthResponseStatus HTTP/1.1" 200 17
10.244.48.148 - - [10/Oct/2016:19:45:52 +0530] "POST /fidouaf_test/v1/public/getAuthResponseStatus HTTP/1.1" 200 17
10.244.48.148 - - [10/Oct/2016:19:45:54 +0530] "POST /fidouaf_test/v1/public/getAuthResponseStatus HTTP/1.1" 200 17
10.244.48.148 - - [10/Oct/2016:19:45:56 +0530] "POST /fidouaf_test/v1/public/getAuthResponseStatus HTTP/1.1" 200 17
10.244.48.148 - - [10/Oct/2016:19:45:58 +0530] "POST /fidouaf_test/v1/public/getAuthResponseStatus HTTP/1.1" 200 17
10.244.48.148 - - [10/Oct/2016:19:46:00 +0530] "POST /fidouaf_test/v1/public/getAuthResponseStatus HTTP/1.1" 200 17
10.244.48.148 - - [10/Oct/2016:19:46:02 +0530] "POST /fidouaf_test/v1/public/getAuthResponseStatus HTTP/1.1" 200 17
10.244.48.148 - - [10/Oct/2016:19:46:04 +0530] "POST /fidouaf_test/v1/public/getAuthResponseStatus HTTP/1.1" 200 17
10.244.48.148 - - [10/Oct/2016:19:46:06 +0530] "POST /fidouaf_test/v1/public/getAuthResponseStatus HTTP/1.1" 200 17
10.244.48.148 - - [10/Oct/2016:19:46:08 +0530] "POST /fidouaf_test/v1/public/getAuthResponseStatus HTTP/1.1" 200 17
10.244.48.148 - - [10/Oct/2016:19:47:57 +0530] "POST /fidouaf_test/v1/public/notifyAuthenticators HTTP/1.1" 200 18
10.244.0.10 - - [10/Oct/2016:19:47:58 +0530] "GET /fidouaf_test/v1/public/authRequest/flexiblePolicy/199 HTTP/1.1" 200 551
10.244.0.10 - - [10/Oct/2016:19:48:07 +0530] "POST /fidouaf_test/v1/public/authResponse HTTP/1.1" 200 163
10.244.0.10 - - [10/Oct/2016:19:48:07 +0530] "POST /fidouaf_test/v1/public/getSignedContext HTTP/1.1" 200 383
10.244.48.148 - - [10/Oct/2016:19:51:10 +0530] "POST /fidouaf_test/v1/public/appRegRequest HTTP/1.1" 200 44
10.244.0.10 - - [10/Oct/2016:19:51:10 +0530] "POST /fidouaf_test/v1/public/verifyQRContents HTTP/1.1" 200 38
10.244.0.10 - - [10/Oct/2016:19:51:12 +0530] "GET /fidouaf_test/v1/public/regRequest/201 HTTP/1.1" 200 6034
10.244.0.10 - - [10/Oct/2016:19:51:29 +0530] "POST /fidouaf_test/v1/public/regResponse HTTP/1.1" 200 4632
10.244.48.148 - - [10/Oct/2016:19:51:39 +0530] "POST /fidouaf_test/v1/public/notifyAuthenticators HTTP/1.1" 200 18
10.244.0.10 - - [10/Oct/2016:19:51:40 +0530] "GET /fidouaf_test/v1/public/authRequest/flexiblePolicy/201 HTTP/1.1" 200 551
10.244.0.10 - - [10/Oct/2016:19:52:08 +0530] "POST /fidouaf_test/v1/public/authResponse HTTP/1.1" 200 163
10.244.0.10 - - [10/Oct/2016:19:52:08 +0530] "POST /fidouaf_test/v1/public/getSignedContext HTTP/1.1" 200 383
10.244.48.148 - - [10/Oct/2016:19:52:17 +0530] "POST /fidouaf_test/v1/public/notifyAuthenticators HTTP/1.1" 200 18
10.244.0.10 - - [10/Oct/2016:19:52:17 +0530] "GET /fidouaf_test/v1/public/authRequest/flexiblePolicy/201 HTTP/1.1" 200 551
10.244.0.10 - - [10/Oct/2016:19:52:24 +0530] "POST /fidouaf_test/v1/public/authResponse HTTP/1.1" 200 163
10.244.0.10 - - [10/Oct/2016:19:52:24 +0530] "POST /fidouaf_test/v1/public/getSignedContext HTTP/1.1" 200 382
10.244.48.148 - - [10/Oct/2016:19:53:50 +0530] "POST /fidouaf_test/v1/public/notifyAuthenticators HTTP/1.1" 200 18
10.244.0.10 - - [10/Oct/2016:19:53:50 +0530] "GET /fidouaf_test/v1/public/authRequest/flexiblePolicy/201 HTTP/1.1" 200 551
10.244.0.10 - - [10/Oct/2016:19:55:35 +0530] "POST /fidouaf_test/v1/public/authResponse HTTP/1.1" 200 163
10.244.0.10 - - [10/Oct/2016:19:55:35 +0530] "POST /fidouaf_test/v1/public/getSignedContext HTTP/1.1" 200 383
10.244.48.148 - - [10/Oct/2016:19:55:43 +0530] "POST /fidouaf_test/v1/public/notifyAuthenticators HTTP/1.1" 200 18
10.244.0.10 - - [10/Oct/2016:19:55:43 +0530] "GET /fidouaf_test/v1/public/authRequest/flexiblePolicy/201 HTTP/1.1" 200 551
10.244.0.10 - - [10/Oct/2016:19:56:01 +0530] "POST /fidouaf_test/v1/public/authResponse HTTP/1.1" 200 163
10.244.0.10 - - [10/Oct/2016:19:56:01 +0530] "POST /fidouaf_test/v1/public/getSignedContext HTTP/1.1" 200 383
10.244.48.148 - - [10/Oct/2016:19:56:46 +0530] "POST /fidouaf_test/v1/public/notifyAuthenticators HTTP/1.1" 200 18
10.244.0.10 - - [10/Oct/2016:19:56:47 +0530] "GET /fidouaf_test/v1/public/authRequest/flexiblePolicy/201 HTTP/1.1" 200 551
10.244.48.148 - - [10/Oct/2016:19:56:58 +0530] "POST /fidouaf_test/v1/public/notifyAuthenticators HTTP/1.1" 200 18
10.244.0.10 - - [10/Oct/2016:19:56:59 +0530] "GET /fidouaf_test/v1/public/authRequest/flexiblePolicy/201 HTTP/1.1" 200 551
10.244.48.148 - - [10/Oct/2016:19:58:21 +0530] "POST /fidouaf_test/v1/public/notifyAuthenticators HTTP/1.1" 200 18
10.244.0.10 - - [10/Oct/2016:19:58:21 +0530] "GET /fidouaf_test/v1/public/authRequest/flexiblePolicy/201 HTTP/1.1" 200 551
10.244.48.148 - - [10/Oct/2016:20:01:27 +0530] "POST /fidouaf_test/v1/public/notifyAuthenticators HTTP/1.1" 200 18
10.244.0.10 - - [10/Oct/2016:20:01:28 +0530] "GET /fidouaf_test/v1/public/authRequest/flexiblePolicy/201 HTTP/1.1" 200 551
10.244.48.148 - - [10/Oct/2016:20:02:35 +0530] "POST /fidouaf_test/v1/public/notifyAuthenticators HTTP/1.1" 200 18
10.244.0.10 - - [10/Oct/2016:20:02:36 +0530] "GET /fidouaf_test/v1/public/authRequest/flexiblePolicy/201 HTTP/1.1" 200 551
10.244.48.148 - - [10/Oct/2016:20:06:34 +0530] "POST /fidouaf_test/v1/public/notifyAuthenticators HTTP/1.1" 200 18
10.244.0.10 - - [10/Oct/2016:20:06:34 +0530] "GET /fidouaf_test/v1/public/authRequest/flexiblePolicy/201 HTTP/1.1" 200 551
10.244.0.10 - - [10/Oct/2016:20:06:41 +0530] "POST /fidouaf_test/v1/public/authResponse HTTP/1.1" 200 163
10.244.0.10 - - [10/Oct/2016:20:06:41 +0530] "POST /fidouaf_test/v1/public/getSignedContext HTTP/1.1" 200 382
10.244.48.148 - - [10/Oct/2016:20:06:49 +0530] "POST /fidouaf_test/v1/public/notifyAuthenticators HTTP/1.1" 200 18
10.244.0.10 - - [10/Oct/2016:20:06:49 +0530] "GET /fidouaf_test/v1/public/authRequest/flexiblePolicy/201 HTTP/1.1" 200 551
10.244.0.10 - - [10/Oct/2016:20:07:29 +0530] "POST /fidouaf_test/v1/public/authResponse HTTP/1.1" 200 163
10.244.0.10 - - [10/Oct/2016:20:07:29 +0530] "POST /fidouaf_test/v1/public/getSignedContext HTTP/1.1" 200 383
10.244.48.148 - - [10/Oct/2016:20:09:42 +0530] "POST /fidouaf_test/v1/public/appRegRequest HTTP/1.1" 200 44
10.244.0.10 - - [10/Oct/2016:20:09:43 +0530] "POST /fidouaf_test/v1/public/verifyQRContents HTTP/1.1" 200 38
10.244.0.10 - - [10/Oct/2016:20:09:44 +0530] "GET /fidouaf_test/v1/public/regRequest/202 HTTP/1.1" 200 6034
10.244.0.10 - - [10/Oct/2016:20:10:01 +0530] "POST /fidouaf_test/v1/public/regResponse HTTP/1.1" 200 2322
10.244.48.148 - - [10/Oct/2016:20:10:09 +0530] "POST /fidouaf_test/v1/public/notifyAuthenticators HTTP/1.1" 200 18
10.244.0.10 - - [10/Oct/2016:20:10:10 +0530] "GET /fidouaf_test/v1/public/authRequest/flexiblePolicy/202 HTTP/1.1" 200 551
10.244.0.10 - - [10/Oct/2016:20:10:39 +0530] "POST /fidouaf_test/v1/public/authResponse HTTP/1.1" 200 163
10.244.0.10 - - [10/Oct/2016:20:10:39 +0530] "POST /fidouaf_test/v1/public/getSignedContext HTTP/1.1" 200 383
10.244.48.148 - - [10/Oct/2016:20:10:59 +0530] "POST /fidouaf_test/v1/public/notifyAuthenticators HTTP/1.1" 200 18
10.244.0.10 - - [10/Oct/2016:20:10:59 +0530] "GET /fidouaf_test/v1/public/authRequest/flexiblePolicy/202 HTTP/1.1" 200 695
10.244.0.10 - - [10/Oct/2016:20:11:02 +0530] "GET /fidouaf_test/v1/public/authRequest/flexiblePolicy/202 HTTP/1.1" 200 695
10.244.48.148 - - [10/Oct/2016:20:11:04 +0530] "POST /fidouaf_test/v1/public/notifyAuthenticators HTTP/1.1" 200 18
10.244.0.10 - - [10/Oct/2016:20:11:05 +0530] "GET /fidouaf_test/v1/public/authRequest/flexiblePolicy/202 HTTP/1.1" 200 551
10.244.0.10 - - [10/Oct/2016:20:11:45 +0530] "GET /fidouaf_test/v1/public/authRequest/flexiblePolicy/202 HTTP/1.1" 200 551
10.244.0.10 - - [10/Oct/2016:20:11:46 +0530] "GET /fidouaf_test/v1/public/authRequest/flexiblePolicy/202 HTTP/1.1" 200 551
10.244.48.148 - - [10/Oct/2016:20:15:54 +0530] "POST /fidouaf_test/v1/public/appRegRequest HTTP/1.1" 200 44
10.244.0.10 - - [10/Oct/2016:20:15:55 +0530] "POST /fidouaf_test/v1/public/verifyQRContents HTTP/1.1" 200 38
10.244.0.10 - - [10/Oct/2016:20:15:56 +0530] "GET /fidouaf_test/v1/public/regRequest/203 HTTP/1.1" 200 6034
10.244.0.10 - - [10/Oct/2016:20:16:17 +0530] "POST /fidouaf_test/v1/public/regResponse HTTP/1.1" 500 3256
10.244.48.148 - - [10/Oct/2016:20:17:28 +0530] "POST /fidouaf_test/v1/public/appRegRequest HTTP/1.1" 500 3244
