127.0.0.1 - - [28/Sep/2016:10:20:12 +0530] "GET / HTTP/1.1" 404 951
127.0.0.1 - - [28/Sep/2016:11:19:55 +0530] "GET / HTTP/1.1" 404 951
10.244.48.148 - - [28/Sep/2016:11:38:34 +0530] "POST /fidouaf_test/v1/public/appRegRequest HTTP/1.1" 200 44
10.244.48.139 - - [28/Sep/2016:14:14:15 +0530] "GET /fidouaf_test/v1/public/regRequest/amogh HTTP/1.1" 200 5242
10.244.48.139 - - [28/Sep/2016:14:14:16 +0530] "GET /favicon.ico HTTP/1.1" 404 973
10.244.0.10 - - [28/Sep/2016:14:19:06 +0530] "POST /fidouaf_test/v1/public/enablePushNotifications HTTP/1.1" 200 42
10.244.48.148 - - [28/Sep/2016:14:22:56 +0530] "POST /fidouaf_test/v1/public/appRegRequest HTTP/1.1" 200 44
10.244.0.10 - - [28/Sep/2016:14:23:12 +0530] "POST /fidouaf_test/v1/public/verifyQRContents HTTP/1.1" 200 38
10.244.0.10 - - [28/Sep/2016:14:23:18 +0530] "GET /fidouaf_test/v1/public/regRequest/125 HTTP/1.1" 200 5236
127.0.0.1 - - [28/Sep/2016:14:29:12 +0530] "GET / HTTP/1.1" 404 951
127.0.0.1 - - [28/Sep/2016:14:29:12 +0530] "GET /fidouaf_test/ HTTP/1.1" 404 967
10.244.48.148 - - [28/Sep/2016:14:37:05 +0530] "POST /fidouaf_test/v1/public/appRegRequest HTTP/1.1" 200 44
10.244.0.10 - - [28/Sep/2016:14:37:16 +0530] "POST /fidouaf_test/v1/public/verifyQRContents HTTP/1.1" 200 38
10.244.0.10 - - [28/Sep/2016:14:37:20 +0530] "GET /fidouaf_test/v1/public/regRequest/126 HTTP/1.1" 200 5768
10.244.48.148 - - [28/Sep/2016:14:46:34 +0530] "POST /fidouaf_test/v1/public/appRegRequest HTTP/1.1" 200 44
10.244.0.10 - - [28/Sep/2016:14:46:43 +0530] "POST /fidouaf_test/v1/public/verifyQRContents HTTP/1.1" 200 39
10.244.48.148 - - [28/Sep/2016:14:47:24 +0530] "POST /fidouaf_test/v1/public/appRegRequest HTTP/1.1" 200 44
10.244.0.10 - - [28/Sep/2016:14:47:28 +0530] "POST /fidouaf_test/v1/public/verifyQRContents HTTP/1.1" 200 38
10.244.0.10 - - [28/Sep/2016:14:47:35 +0530] "GET /fidouaf_test/v1/public/regRequest/127 HTTP/1.1" 200 5768
10.244.48.148 - - [28/Sep/2016:14:50:21 +0530] "POST /fidouaf_test/v1/public/appRegRequest HTTP/1.1" 200 44
10.244.0.10 - - [28/Sep/2016:14:50:28 +0530] "POST /fidouaf_test/v1/public/verifyQRContents HTTP/1.1" 200 38
10.244.0.10 - - [28/Sep/2016:14:50:35 +0530] "GET /fidouaf_test/v1/public/regRequest/128 HTTP/1.1" 200 5768
10.244.48.148 - - [28/Sep/2016:15:01:50 +0530] "POST /fidouaf_test/v1/public/appRegRequest HTTP/1.1" 200 44
10.244.0.10 - - [28/Sep/2016:15:02:03 +0530] "POST /fidouaf_test/v1/public/verifyQRContents HTTP/1.1" 200 38
10.244.0.10 - - [28/Sep/2016:15:02:04 +0530] "GET /fidouaf_test/v1/public/regRequest/129 HTTP/1.1" 200 5768
10.244.48.148 - - [28/Sep/2016:15:08:45 +0530] "POST /fidouaf_test/v1/public/appRegRequest HTTP/1.1" 200 44
10.244.0.10 - - [28/Sep/2016:15:08:45 +0530] "POST /fidouaf_test/v1/public/verifyQRContents HTTP/1.1" 200 38
10.244.0.10 - - [28/Sep/2016:15:08:46 +0530] "GET /fidouaf_test/v1/public/regRequest/130 HTTP/1.1" 200 5768
10.244.48.148 - - [28/Sep/2016:15:11:18 +0530] "POST /fidouaf_test/v1/public/appRegRequest HTTP/1.1" 200 44
10.244.0.10 - - [28/Sep/2016:15:11:18 +0530] "POST /fidouaf_test/v1/public/verifyQRContents HTTP/1.1" 200 38
10.244.0.10 - - [28/Sep/2016:15:11:19 +0530] "GET /fidouaf_test/v1/public/regRequest/131 HTTP/1.1" 200 5768
10.244.48.148 - - [28/Sep/2016:15:12:54 +0530] "POST /fidouaf_test/v1/public/appRegRequest HTTP/1.1" 200 44
10.244.0.10 - - [28/Sep/2016:15:12:55 +0530] "POST /fidouaf_test/v1/public/verifyQRContents HTTP/1.1" 200 38
10.244.0.10 - - [28/Sep/2016:15:12:56 +0530] "GET /fidouaf_test/v1/public/regRequest/132 HTTP/1.1" 200 5768
10.244.0.10 - - [28/Sep/2016:15:14:24 +0530] "POST /fidouaf_test/v1/public/regResponse HTTP/1.1" 200 4631
10.244.48.148 - - [28/Sep/2016:15:21:07 +0530] "POST /fidouaf_test/v1/public/appRegRequest HTTP/1.1" 200 44
10.244.0.10 - - [28/Sep/2016:15:21:08 +0530] "POST /fidouaf_test/v1/public/verifyQRContents HTTP/1.1" 200 38
10.244.0.10 - - [28/Sep/2016:15:21:09 +0530] "GET /fidouaf_test/v1/public/regRequest/133 HTTP/1.1" 200 5768
10.244.0.10 - - [28/Sep/2016:15:21:34 +0530] "POST /fidouaf_test/v1/public/regResponse HTTP/1.1" 200 4631
10.244.48.148 - - [28/Sep/2016:15:23:03 +0530] "POST /fidouaf_test/v1/public/appRegRequest HTTP/1.1" 200 44
10.244.0.10 - - [28/Sep/2016:15:23:04 +0530] "POST /fidouaf_test/v1/public/verifyQRContents HTTP/1.1" 200 38
10.244.0.10 - - [28/Sep/2016:15:23:05 +0530] "GET /fidouaf_test/v1/public/regRequest/134 HTTP/1.1" 200 5768
10.244.0.10 - - [28/Sep/2016:15:23:23 +0530] "POST /fidouaf_test/v1/public/regResponse HTTP/1.1" 200 4634
127.0.0.1 - - [28/Sep/2016:15:31:21 +0530] "GET / HTTP/1.1" 404 951
127.0.0.1 - - [28/Sep/2016:15:31:21 +0530] "GET /fidouaf_test/ HTTP/1.1" 404 967
10.244.0.10 - - [28/Sep/2016:15:33:31 +0530] "POST /fidouaf_test/v1/public/enablePushNotifications HTTP/1.1" 200 42
10.244.48.148 - - [28/Sep/2016:15:34:07 +0530] "POST /fidouaf_test/v1/public/appRegRequest HTTP/1.1" 200 44
10.244.0.10 - - [28/Sep/2016:15:34:07 +0530] "POST /fidouaf_test/v1/public/verifyQRContents HTTP/1.1" 200 38
10.244.0.10 - - [28/Sep/2016:15:34:09 +0530] "GET /fidouaf_test/v1/public/regRequest/135 HTTP/1.1" 200 5768
10.244.0.10 - - [28/Sep/2016:15:34:23 +0530] "POST /fidouaf_test/v1/public/regResponse HTTP/1.1" 200 4632
127.0.0.1 - - [28/Sep/2016:15:43:12 +0530] "GET / HTTP/1.1" 404 951
127.0.0.1 - - [28/Sep/2016:15:45:18 +0530] "GET / HTTP/1.1" 404 951
127.0.0.1 - - [28/Sep/2016:15:51:46 +0530] "GET / HTTP/1.1" 404 951
127.0.0.1 - - [28/Sep/2016:15:51:47 +0530] "GET /fidouaf_test/ HTTP/1.1" 404 967
10.244.0.10 - - [28/Sep/2016:16:02:12 +0530] "POST /fidouaf_test/v1/public/enablePushNotifications HTTP/1.1" 200 42
10.244.48.148 - - [28/Sep/2016:16:02:36 +0530] "POST /fidouaf_test/v1/public/appRegRequest HTTP/1.1" 200 44
10.244.0.10 - - [28/Sep/2016:16:02:37 +0530] "POST /fidouaf_test/v1/public/verifyQRContents HTTP/1.1" 200 38
10.244.0.10 - - [28/Sep/2016:16:02:38 +0530] "GET /fidouaf_test/v1/public/regRequest/136 HTTP/1.1" 200 5768
10.244.0.10 - - [28/Sep/2016:16:03:11 +0530] "POST /fidouaf_test/v1/public/regResponse HTTP/1.1" 200 4631
10.244.48.148 - - [28/Sep/2016:16:11:09 +0530] "POST /fidouaf_test/v1/public/notifyAuthenticators HTTP/1.1" 200 18
10.244.48.148 - - [28/Sep/2016:16:14:12 +0530] "POST /fidouaf_test/v1/public/notifyAuthenticators HTTP/1.1" 200 18
10.244.0.10 - - [28/Sep/2016:16:14:12 +0530] "GET /fidouaf_test/v1/public/regRequest/136 HTTP/1.1" 200 5768
10.244.48.148 - - [28/Sep/2016:16:16:07 +0530] "POST /fidouaf_test/v1/public/notifyAuthenticators HTTP/1.1" 200 18
10.244.0.10 - - [28/Sep/2016:16:16:19 +0530] "GET /fidouaf_test/v1/public/authRequest/flexiblePolicy/136 HTTP/1.1" 200 408
10.244.48.148 - - [28/Sep/2016:16:22:22 +0530] "POST /fidouaf_test/v1/public/notifyAuthenticators HTTP/1.1" 200 18
127.0.0.1 - - [28/Sep/2016:16:23:17 +0530] "GET / HTTP/1.1" 404 951
10.244.48.148 - - [28/Sep/2016:16:25:04 +0530] "GET /fidouaf_test/v1/public/authRequest HTTP/1.1" 200 3287
127.0.0.1 - - [28/Sep/2016:17:25:08 +0530] "GET / HTTP/1.1" 404 951
127.0.0.1 - - [28/Sep/2016:17:25:09 +0530] "GET /fidouaf_test/ HTTP/1.1" 404 967
10.244.48.148 - - [28/Sep/2016:17:26:56 +0530] "GET /fidouaf_test/v1/public/authRequest/flexiblePolicy/136 HTTP/1.1" 200 553
127.0.0.1 - - [28/Sep/2016:17:29:24 +0530] "GET / HTTP/1.1" 404 951
127.0.0.1 - - [28/Sep/2016:17:29:24 +0530] "GET /fidouaf_test/ HTTP/1.1" 404 967
10.244.48.148 - - [28/Sep/2016:17:30:28 +0530] "GET /fidouaf_test/v1/public/authRequest/flexiblePolicy/136 HTTP/1.1" 200 551
10.244.48.148 - - [28/Sep/2016:17:32:14 +0530] "POST /fidouaf_test/v1/public/notifyAuthenticators HTTP/1.1" 200 18
10.244.48.148 - - [28/Sep/2016:17:32:55 +0530] "GET /fidouaf_test/v1/public/authRequest/flexiblePolicy/136 HTTP/1.1" 200 408
127.0.0.1 - - [28/Sep/2016:17:35:43 +0530] "GET / HTTP/1.1" 404 951
127.0.0.1 - - [28/Sep/2016:17:35:43 +0530] "GET /fidouaf_test/ HTTP/1.1" 404 967
127.0.0.1 - - [28/Sep/2016:17:38:06 +0530] "GET / HTTP/1.1" 404 951
127.0.0.1 - - [28/Sep/2016:17:38:06 +0530] "GET /fidouaf_test/ HTTP/1.1" 404 967
10.244.48.148 - - [28/Sep/2016:17:38:53 +0530] "GET /fidouaf_test/v1/public/authRequest/flexiblePolicy/136 HTTP/1.1" 200 695
10.244.48.148 - - [28/Sep/2016:17:39:41 +0530] "POST /fidouaf_test/v1/public/notifyAuthenticators HTTP/1.1" 200 18
10.244.48.148 - - [28/Sep/2016:17:41:16 +0530] "GET /fidouaf_test/v1/public/authRequest HTTP/1.1" 200 3287
10.244.48.148 - - [28/Sep/2016:17:42:01 +0530] "GET /fidouaf_test/v1/public/authRequest/flexiblePolicy/136 HTTP/1.1" 200 551
127.0.0.1 - - [28/Sep/2016:17:42:30 +0530] "GET / HTTP/1.1" 404 951
10.244.48.148 - - [28/Sep/2016:17:46:47 +0530] "POST /fidouaf_test/v1/public/appRegRequest HTTP/1.1" 200 44
10.244.0.10 - - [28/Sep/2016:17:46:48 +0530] "POST /fidouaf_test/v1/public/verifyQRContents HTTP/1.1" 200 38
10.244.0.10 - - [28/Sep/2016:17:46:49 +0530] "GET /fidouaf_test/v1/public/regRequest/137 HTTP/1.1" 200 5768
10.244.0.10 - - [28/Sep/2016:17:47:31 +0530] "POST /fidouaf_test/v1/public/regResponse HTTP/1.1" 200 4632
10.244.48.148 - - [28/Sep/2016:17:47:47 +0530] "POST /fidouaf_test/v1/public/notifyAuthenticators HTTP/1.1" 200 18
10.244.0.10 - - [28/Sep/2016:17:47:47 +0530] "GET /fidouaf_test/v1/public/authRequest/flexiblePolicy/137 HTTP/1.1" 200 551
10.244.48.148 - - [28/Sep/2016:18:00:15 +0530] "POST /fidouaf_test/v1/public/notifyAuthenticators HTTP/1.1" 200 18
10.244.0.10 - - [28/Sep/2016:18:00:25 +0530] "GET /fidouaf_test/v1/public/authRequest/flexiblePolicy/137 HTTP/1.1" 200 551
10.244.48.148 - - [28/Sep/2016:18:07:23 +0530] "POST /fidouaf_test/v1/public/notifyAuthenticators HTTP/1.1" 200 18
10.244.0.10 - - [28/Sep/2016:18:07:32 +0530] "GET /fidouaf_test/v1/public/authRequest/flexiblePolicy/137 HTTP/1.1" 200 695
