127.0.0.1 - - [29/Nov/2016:09:25:40 +0530] "GET / HTTP/1.1" 404 951
127.0.0.1 - - [29/Nov/2016:09:25:40 +0530] "GET /fidouaf_test/ HTTP/1.1" 404 949
127.0.0.1 - - [29/Nov/2016:09:25:59 +0530] "GET / HTTP/1.1" 404 951
0:0:0:0:0:0:0:1 - - [29/Nov/2016:09:29:42 +0530] "POST /fidouaf_test/v1/public/regResponse HTTP/1.1" 500 3950
127.0.0.1 - - [29/Nov/2016:10:03:23 +0530] "GET / HTTP/1.1" 404 951
127.0.0.1 - - [29/Nov/2016:10:03:24 +0530] "GET /fidouaf_test/ HTTP/1.1" 500 15238
127.0.0.1 - - [29/Nov/2016:10:09:46 +0530] "GET / HTTP/1.1" 404 951
127.0.0.1 - - [29/Nov/2016:10:09:47 +0530] "GET /fidouaf_test/ HTTP/1.1" 500 15238
127.0.0.1 - - [29/Nov/2016:10:11:45 +0530] "GET / HTTP/1.1" 404 951
127.0.0.1 - - [29/Nov/2016:10:11:46 +0530] "GET /fidouaf_test/ HTTP/1.1" 404 949
127.0.0.1 - - [29/Nov/2016:10:12:28 +0530] "GET / HTTP/1.1" 404 951
0:0:0:0:0:0:0:1 - - [29/Nov/2016:10:16:15 +0530] "POST /fidouaf_test/v1/public/regResponse HTTP/1.1" 500 3950
127.0.0.1 - - [29/Nov/2016:10:16:55 +0530] "GET / HTTP/1.1" 404 951
127.0.0.1 - - [29/Nov/2016:10:25:25 +0530] "GET / HTTP/1.1" 404 951
127.0.0.1 - - [29/Nov/2016:10:25:26 +0530] "GET /fidouaf_test/ HTTP/1.1" 404 949
0:0:0:0:0:0:0:1 - - [29/Nov/2016:10:25:42 +0530] "POST /fidouaf_test/v1/public/regResponse HTTP/1.1" 500 3950
127.0.0.1 - - [29/Nov/2016:10:26:28 +0530] "GET / HTTP/1.1" 404 951
127.0.0.1 - - [29/Nov/2016:10:34:50 +0530] "GET / HTTP/1.1" 404 951
127.0.0.1 - - [29/Nov/2016:10:34:50 +0530] "GET /fidouaf_test/ HTTP/1.1" 404 949
127.0.0.1 - - [29/Nov/2016:10:35:11 +0530] "GET / HTTP/1.1" 404 951
0:0:0:0:0:0:0:1 - - [29/Nov/2016:10:36:40 +0530] "POST /fidouaf_test/v1/public/regResponse HTTP/1.1" 500 3864
127.0.0.1 - - [29/Nov/2016:10:41:17 +0530] "GET / HTTP/1.1" 404 951
127.0.0.1 - - [29/Nov/2016:10:41:18 +0530] "GET /fidouaf_test/ HTTP/1.1" 404 949
127.0.0.1 - - [29/Nov/2016:10:41:37 +0530] "GET / HTTP/1.1" 404 951
0:0:0:0:0:0:0:1 - - [29/Nov/2016:10:42:31 +0530] "POST /fidouaf_test/v1/public/regResponse HTTP/1.1" 500 3864
127.0.0.1 - - [29/Nov/2016:10:44:07 +0530] "GET / HTTP/1.1" 404 951
127.0.0.1 - - [29/Nov/2016:10:44:08 +0530] "GET /fidouaf_test/ HTTP/1.1" 404 949
127.0.0.1 - - [29/Nov/2016:10:44:26 +0530] "GET / HTTP/1.1" 404 951
127.0.0.1 - - [29/Nov/2016:11:04:36 +0530] "GET / HTTP/1.1" 404 951
127.0.0.1 - - [29/Nov/2016:11:04:37 +0530] "GET /fidouaf_test/ HTTP/1.1" 404 949
127.0.0.1 - - [29/Nov/2016:11:04:56 +0530] "GET / HTTP/1.1" 404 951
0:0:0:0:0:0:0:1 - - [29/Nov/2016:11:07:10 +0530] "POST /fidouaf_test/v1/public/regResponse HTTP/1.1" 500 3971
127.0.0.1 - - [29/Nov/2016:11:07:50 +0530] "GET / HTTP/1.1" 404 951
127.0.0.1 - - [29/Nov/2016:11:11:40 +0530] "GET / HTTP/1.1" 404 951
127.0.0.1 - - [29/Nov/2016:11:11:40 +0530] "GET /fidouaf_test/ HTTP/1.1" 404 949
127.0.0.1 - - [29/Nov/2016:11:11:58 +0530] "GET / HTTP/1.1" 404 951
0:0:0:0:0:0:0:1 - - [29/Nov/2016:11:14:43 +0530] "POST /fidouaf_test/v1/public/rpRegRequest HTTP/1.1" 200 33
0:0:0:0:0:0:0:1 - - [29/Nov/2016:11:16:47 +0530] "POST /fidouaf_test/v1/public/getMakeCredentialDetails HTTP/1.1" 200 102
127.0.0.1 - - [29/Nov/2016:11:20:49 +0530] "GET / HTTP/1.1" 404 951
127.0.0.1 - - [29/Nov/2016:11:20:49 +0530] "GET /fidouaf_test/ HTTP/1.1" 404 949
127.0.0.1 - - [29/Nov/2016:11:21:10 +0530] "GET / HTTP/1.1" 404 951
0:0:0:0:0:0:0:1 - - [29/Nov/2016:12:08:29 +0530] "POST /fidouaf_test/v1/public/verifyQRContents HTTP/1.1" 200 27
0:0:0:0:0:0:0:1 - - [29/Nov/2016:12:16:36 +0530] "GET /fidouaf_test/v1/public/authRequest HTTP/1.1" 200 6031
0:0:0:0:0:0:0:1 - - [29/Nov/2016:12:27:35 +0530] "GET /fidouaf_test/v1/public/authRequest/customPolicy?deviceid=eeeyythgh&accountid=11123 HTTP/1.1" 200 715
127.0.0.1 - - [29/Nov/2016:12:28:09 +0530] "GET / HTTP/1.1" 404 951
0:0:0:0:0:0:0:1 - - [29/Nov/2016:12:28:44 +0530] "GET /fidouaf_test/v1/public/authRequest/customPolicy?deviceid=eeeyythgh&accountid=11123 HTTP/1.1" 200 715
127.0.0.1 - - [29/Nov/2016:12:31:18 +0530] "GET / HTTP/1.1" 404 951
127.0.0.1 - - [29/Nov/2016:13:51:27 +0530] "GET / HTTP/1.1" 404 951
0:0:0:0:0:0:0:1 - - [29/Nov/2016:13:51:35 +0530] "GET /fidouaf_test/v1/public/authRequest/customPolicy?deviceid=eeeyythgh&accountid=11123 HTTP/1.1" 200 976
0:0:0:0:0:0:0:1 - - [29/Nov/2016:13:52:37 +0530] "GET /fidouaf_test/v1/public/authRequest/customPolicy?deviceid=eeeyythgh&accountid=11123 HTTP/1.1" 200 976
0:0:0:0:0:0:0:1 - - [29/Nov/2016:13:55:20 +0530] "GET /fidouaf_test/v1/public/authRequest?appId=android:apk-key-hash:Df+2X53Z0UscvUu6obxC3rIfFyk HTTP/1.1" 200 6031
127.0.0.1 - - [29/Nov/2016:14:00:46 +0530] "GET / HTTP/1.1" 404 951
127.0.0.1 - - [29/Nov/2016:14:00:47 +0530] "GET /fidouaf_test/ HTTP/1.1" 404 949
127.0.0.1 - - [29/Nov/2016:14:01:06 +0530] "GET / HTTP/1.1" 404 951
127.0.0.1 - - [29/Nov/2016:14:03:47 +0530] "GET / HTTP/1.1" 404 951
0:0:0:0:0:0:0:1 - - [29/Nov/2016:14:04:19 +0530] "GET /fidouaf_test/v1/public/authRequest?appId=android:apk-key-hash:Df+2X53Z0UscvUu6obxC3rIfFyk HTTP/1.1" 200 6031
127.0.0.1 - - [29/Nov/2016:14:08:57 +0530] "GET / HTTP/1.1" 404 951
127.0.0.1 - - [29/Nov/2016:14:08:57 +0530] "GET /fidouaf_test/ HTTP/1.1" 404 949
127.0.0.1 - - [29/Nov/2016:14:10:30 +0530] "GET / HTTP/1.1" 404 951
0:0:0:0:0:0:0:1 - - [29/Nov/2016:14:11:01 +0530] "GET /fidouaf_test/v1/public/authRequest?appId=android:apk-key-hash:Df+2X53Z0UscvUu6obxC3rIfFyk HTTP/1.1" 200 6031
0:0:0:0:0:0:0:1 - - [29/Nov/2016:14:34:15 +0530] "GET /fidouaf_test/v1/public/authRequest?appId=android:apk-key-hash:Df+2X53Z0UscvUu6obxC3rIfFyk&trxContent=Hi%20this%20is%20transaction HTTP/1.1" 200 6092
0:0:0:0:0:0:0:1 - - [29/Nov/2016:14:37:03 +0530] "GET /fidouaf_test/v1/public/authRequest/customPolicy?deviceid=eeeyythgh&accountid=11123&appId=android:apk-key-hash:Df+2X53Z0UscvUu6obxC3rIfFyk&trxContent=Hi%20this%20is%20a%20transaction HTTP/1.1" 200 1039
0:0:0:0:0:0:0:1 - - [29/Nov/2016:14:41:22 +0530] "POST /fidouaf_test/v1/public/authResponse HTTP/1.1" 400 968
127.0.0.1 - - [29/Nov/2016:14:42:49 +0530] "GET / HTTP/1.1" 404 951
0:0:0:0:0:0:0:1 - - [29/Nov/2016:14:43:34 +0530] "POST /fidouaf_test/v1/public/authResponse HTTP/1.1" 500 3952
127.0.0.1 - - [29/Nov/2016:14:44:09 +0530] "GET / HTTP/1.1" 404 951
0:0:0:0:0:0:0:1 - - [29/Nov/2016:14:47:32 +0530] "POST /fidouaf_test/v1/public/authResponse HTTP/1.1" 500 3952
127.0.0.1 - - [29/Nov/2016:14:48:30 +0530] "GET / HTTP/1.1" 404 951
0:0:0:0:0:0:0:1 - - [29/Nov/2016:14:49:20 +0530] "POST /fidouaf_test/v1/public/pushNotifyAuthentication HTTP/1.1" 406 1067
127.0.0.1 - - [29/Nov/2016:14:49:52 +0530] "GET / HTTP/1.1" 404 951
0:0:0:0:0:0:0:1 - - [29/Nov/2016:14:50:13 +0530] "POST /fidouaf_test/v1/public/pushNotifyAuthentication HTTP/1.1" 200 7
127.0.0.1 - - [29/Nov/2016:14:53:06 +0530] "GET / HTTP/1.1" 404 951
127.0.0.1 - - [29/Nov/2016:14:53:07 +0530] "GET /fidouaf_test/ HTTP/1.1" 404 949
127.0.0.1 - - [29/Nov/2016:14:53:35 +0530] "GET / HTTP/1.1" 404 951
0:0:0:0:0:0:0:1 - - [29/Nov/2016:14:56:58 +0530] "POST /fidouaf_test/v1/public/pushNotifyAuthentication HTTP/1.1" 200 7
0:0:0:0:0:0:0:1 - - [29/Nov/2016:14:59:19 +0530] "POST /fidouaf_test/v1/public/appRegRequest HTTP/1.1" 200 33
0:0:0:0:0:0:0:1 - - [29/Nov/2016:15:03:22 +0530] "POST /fidouaf_test/v1/public/enablePushNotifications HTTP/1.1" 200 31
127.0.0.1 - - [29/Nov/2016:15:10:53 +0530] "GET / HTTP/1.1" 404 951
127.0.0.1 - - [29/Nov/2016:15:10:54 +0530] "GET /fidouaf_test/ HTTP/1.1" 404 949
127.0.0.1 - - [29/Nov/2016:15:11:12 +0530] "GET / HTTP/1.1" 404 951
0:0:0:0:0:0:0:1 - - [29/Nov/2016:15:13:02 +0530] "POST /fidouaf_test/v1/public/sendTransactions HTTP/1.1" 200 7
127.0.0.1 - - [29/Nov/2016:15:15:21 +0530] "GET / HTTP/1.1" 404 951
127.0.0.1 - - [29/Nov/2016:15:15:21 +0530] "GET /fidouaf_test/ HTTP/1.1" 404 949
0:0:0:0:0:0:0:1 - - [29/Nov/2016:15:15:33 +0530] "POST /fidouaf_test/v1/public/sendTransactions HTTP/1.1" 406 1067
127.0.0.1 - - [29/Nov/2016:15:16:03 +0530] "GET / HTTP/1.1" 404 951
0:0:0:0:0:0:0:1 - - [29/Nov/2016:15:16:14 +0530] "POST /fidouaf_test/v1/public/sendTransactions HTTP/1.1" 406 1067
127.0.0.1 - - [29/Nov/2016:15:19:17 +0530] "GET / HTTP/1.1" 404 951
127.0.0.1 - - [29/Nov/2016:15:19:17 +0530] "GET /fidouaf_test/ HTTP/1.1" 404 949
127.0.0.1 - - [29/Nov/2016:15:19:38 +0530] "GET / HTTP/1.1" 404 951
0:0:0:0:0:0:0:1 - - [29/Nov/2016:15:19:52 +0530] "POST /fidouaf_test/v1/public/sendTransactions HTTP/1.1" 406 1067
127.0.0.1 - - [29/Nov/2016:15:25:55 +0530] "GET / HTTP/1.1" 404 951
127.0.0.1 - - [29/Nov/2016:15:26:43 +0530] "GET / HTTP/1.1" 404 951
0:0:0:0:0:0:0:1 - - [29/Nov/2016:15:27:08 +0530] "POST /fidouaf_test/v1/public/processPushNotificationAck HTTP/1.1" 500 6464
127.0.0.1 - - [29/Nov/2016:15:27:51 +0530] "GET / HTTP/1.1" 404 951
0:0:0:0:0:0:0:1 - - [29/Nov/2016:15:30:14 +0530] "POST /fidouaf_test/v1/public/notifyAuthenticators HTTP/1.1" 406 1067
127.0.0.1 - - [29/Nov/2016:15:30:40 +0530] "GET / HTTP/1.1" 404 951
127.0.0.1 - - [29/Nov/2016:15:34:31 +0530] "GET / HTTP/1.1" 404 951
127.0.0.1 - - [29/Nov/2016:15:34:32 +0530] "GET /fidouaf_test/ HTTP/1.1" 404 949
127.0.0.1 - - [29/Nov/2016:15:34:51 +0530] "GET / HTTP/1.1" 404 951
127.0.0.1 - - [29/Nov/2016:15:35:56 +0530] "GET / HTTP/1.1" 404 951
0:0:0:0:0:0:0:1 - - [29/Nov/2016:15:37:11 +0530] "POST /fidouaf_test/v1/public/notifyAuthenticators HTTP/1.1" 200 8
0:0:0:0:0:0:0:1 - - [29/Nov/2016:15:40:26 +0530] "GET /fidouaf_test/v1/public/authRequest/flexiblePolicy?accountid=11123 HTTP/1.1" 200 979
127.0.0.1 - - [29/Nov/2016:15:48:42 +0530] "GET / HTTP/1.1" 404 951
127.0.0.1 - - [29/Nov/2016:15:48:42 +0530] "GET /fidouaf_test/ HTTP/1.1" 404 949
127.0.0.1 - - [29/Nov/2016:15:49:01 +0530] "GET / HTTP/1.1" 404 951
0:0:0:0:0:0:0:1 - - [29/Nov/2016:15:50:28 +0530] "GET /fidouaf_test/v1/public/authRequest/flexiblePolicy?accountid=11123 HTTP/1.1" 200 976
127.0.0.1 - - [29/Nov/2016:15:59:21 +0530] "GET / HTTP/1.1" 404 951
127.0.0.1 - - [29/Nov/2016:16:03:34 +0530] "GET / HTTP/1.1" 404 951
127.0.0.1 - - [29/Nov/2016:16:03:35 +0530] "GET /fidouaf_test/ HTTP/1.1" 404 949
127.0.0.1 - - [29/Nov/2016:16:03:57 +0530] "GET / HTTP/1.1" 404 951
127.0.0.1 - - [29/Nov/2016:16:12:39 +0530] "GET / HTTP/1.1" 404 951
127.0.0.1 - - [29/Nov/2016:16:12:39 +0530] "GET /fidouaf_test/ HTTP/1.1" 404 949
127.0.0.1 - - [29/Nov/2016:16:13:01 +0530] "GET / HTTP/1.1" 404 951
127.0.0.1 - - [29/Nov/2016:16:16:05 +0530] "GET / HTTP/1.1" 404 951
127.0.0.1 - - [29/Nov/2016:16:16:06 +0530] "GET /fidouaf_test/ HTTP/1.1" 404 949
127.0.0.1 - - [29/Nov/2016:16:16:26 +0530] "GET / HTTP/1.1" 404 951
127.0.0.1 - - [29/Nov/2016:16:17:12 +0530] "GET / HTTP/1.1" 404 951
127.0.0.1 - - [29/Nov/2016:16:20:36 +0530] "GET / HTTP/1.1" 404 951
127.0.0.1 - - [29/Nov/2016:16:20:36 +0530] "GET /fidouaf_test/ HTTP/1.1" 404 949
127.0.0.1 - - [29/Nov/2016:16:20:57 +0530] "GET / HTTP/1.1" 404 951
127.0.0.1 - - [29/Nov/2016:16:23:41 +0530] "GET / HTTP/1.1" 404 951
127.0.0.1 - - [29/Nov/2016:16:23:42 +0530] "GET /fidouaf_test/ HTTP/1.1" 404 949
127.0.0.1 - - [29/Nov/2016:16:24:00 +0530] "GET / HTTP/1.1" 404 951
127.0.0.1 - - [29/Nov/2016:16:25:32 +0530] "GET / HTTP/1.1" 404 951
127.0.0.1 - - [29/Nov/2016:16:29:14 +0530] "GET / HTTP/1.1" 404 951
127.0.0.1 - - [29/Nov/2016:16:29:14 +0530] "GET /fidouaf_test/ HTTP/1.1" 404 949
127.0.0.1 - - [29/Nov/2016:16:29:38 +0530] "GET / HTTP/1.1" 404 951
127.0.0.1 - - [29/Nov/2016:16:31:05 +0530] "GET / HTTP/1.1" 404 951
127.0.0.1 - - [29/Nov/2016:16:54:43 +0530] "GET / HTTP/1.1" 404 951
127.0.0.1 - - [29/Nov/2016:16:54:44 +0530] "GET /fidouaf_test/ HTTP/1.1" 404 949
127.0.0.1 - - [29/Nov/2016:16:55:04 +0530] "GET / HTTP/1.1" 404 951
127.0.0.1 - - [29/Nov/2016:16:56:08 +0530] "GET / HTTP/1.1" 404 951
0:0:0:0:0:0:0:1 - - [29/Nov/2016:16:58:03 +0530] "POST /fidouaf_test/v1/public/getSignedContext HTTP/1.1" 500 12492
127.0.0.1 - - [29/Nov/2016:17:13:37 +0530] "GET / HTTP/1.1" 404 951
127.0.0.1 - - [29/Nov/2016:17:13:38 +0530] "GET /fidouaf_test/ HTTP/1.1" 500 9991
127.0.0.1 - - [29/Nov/2016:17:33:13 +0530] "GET / HTTP/1.1" 404 951
127.0.0.1 - - [29/Nov/2016:17:33:14 +0530] "GET /fidouaf_test/ HTTP/1.1" 500 9991
127.0.0.1 - - [29/Nov/2016:17:36:18 +0530] "GET / HTTP/1.1" 404 951
127.0.0.1 - - [29/Nov/2016:17:36:20 +0530] "GET /fidouaf_test/ HTTP/1.1" 404 949
127.0.0.1 - - [29/Nov/2016:17:36:54 +0530] "GET / HTTP/1.1" 404 951
0:0:0:0:0:0:0:1 - - [29/Nov/2016:17:42:25 +0530] "POST /fidouaf_test/v1/public/getSignedContext HTTP/1.1" 500 12492
127.0.0.1 - - [29/Nov/2016:17:47:17 +0530] "GET / HTTP/1.1" 404 951
127.0.0.1 - - [29/Nov/2016:17:47:18 +0530] "GET /fidouaf_test/ HTTP/1.1" 404 949
127.0.0.1 - - [29/Nov/2016:17:47:40 +0530] "GET / HTTP/1.1" 404 951
127.0.0.1 - - [29/Nov/2016:17:48:32 +0530] "GET / HTTP/1.1" 404 951
0:0:0:0:0:0:0:1 - - [29/Nov/2016:17:48:58 +0530] "POST /fidouaf_test/v1/public/getSignedContext HTTP/1.1" 500 12492
127.0.0.1 - - [29/Nov/2016:17:49:26 +0530] "GET / HTTP/1.1" 404 951
0:0:0:0:0:0:0:1 - - [29/Nov/2016:17:50:31 +0530] "POST /fidouaf_test/v1/public/getSignedContext HTTP/1.1" 500 4268
127.0.0.1 - - [29/Nov/2016:17:51:01 +0530] "GET / HTTP/1.1" 404 951
0:0:0:0:0:0:0:1 - - [29/Nov/2016:17:51:58 +0530] "POST /fidouaf_test/v1/public/getSignedContext HTTP/1.1" 200 370
0:0:0:0:0:0:0:1 - - [29/Nov/2016:17:53:19 +0530] "POST /fidouaf_test/v1/public/notifyAppAuthentication HTTP/1.1" 500 4116
127.0.0.1 - - [29/Nov/2016:17:53:46 +0530] "GET / HTTP/1.1" 404 951
127.0.0.1 - - [29/Nov/2016:17:57:44 +0530] "GET / HTTP/1.1" 404 951
0:0:0:0:0:0:0:1 - - [29/Nov/2016:17:58:20 +0530] "POST /fidouaf_test/v1/public/notifyAppAuthentication HTTP/1.1" 500 4116
127.0.0.1 - - [29/Nov/2016:20:46:38 +0530] "GET / HTTP/1.1" 404 951
127.0.0.1 - - [29/Nov/2016:20:46:39 +0530] "GET /fidouaf_test/ HTTP/1.1" 404 949
127.0.0.1 - - [29/Nov/2016:20:47:00 +0530] "GET / HTTP/1.1" 404 951
0:0:0:0:0:0:0:1 - - [29/Nov/2016:20:48:44 +0530] "POST /fidouaf_test/v1/public/notifyAppAuthentication HTTP/1.1" 500 4116
127.0.0.1 - - [29/Nov/2016:20:49:14 +0530] "GET / HTTP/1.1" 404 951
127.0.0.1 - - [29/Nov/2016:20:52:11 +0530] "GET / HTTP/1.1" 404 951
127.0.0.1 - - [29/Nov/2016:20:52:12 +0530] "GET /fidouaf_test/ HTTP/1.1" 404 949
127.0.0.1 - - [29/Nov/2016:20:52:35 +0530] "GET / HTTP/1.1" 404 951
127.0.0.1 - - [29/Nov/2016:20:57:46 +0530] "GET / HTTP/1.1" 404 951
127.0.0.1 - - [29/Nov/2016:20:57:47 +0530] "GET /fidouaf_test/ HTTP/1.1" 404 949
127.0.0.1 - - [29/Nov/2016:20:58:09 +0530] "GET / HTTP/1.1" 404 951
127.0.0.1 - - [29/Nov/2016:21:03:36 +0530] "GET / HTTP/1.1" 404 951
127.0.0.1 - - [29/Nov/2016:21:03:38 +0530] "GET /fidouaf_test/ HTTP/1.1" 404 949
127.0.0.1 - - [29/Nov/2016:21:04:08 +0530] "GET / HTTP/1.1" 404 951
0:0:0:0:0:0:0:1 - - [29/Nov/2016:21:06:45 +0530] "POST /fidouaf_test/v1/public/notifyAppAuthentication HTTP/1.1" 200 65
0:0:0:0:0:0:0:1 - - [29/Nov/2016:21:07:22 +0530] "POST /fidouaf_test/v1/public/notifyAppAuthentication HTTP/1.1" 200 65
0:0:0:0:0:0:0:1 - - [29/Nov/2016:21:07:38 +0530] "POST /fidouaf_test/v1/public/notifyAppAuthentication HTTP/1.1" 200 65
0:0:0:0:0:0:0:1 - - [29/Nov/2016:21:08:15 +0530] "POST /fidouaf_test/v1/public/notifyAppAuthentication HTTP/1.1" 200 65
127.0.0.1 - - [29/Nov/2016:21:10:30 +0530] "GET / HTTP/1.1" 404 951
127.0.0.1 - - [29/Nov/2016:21:10:33 +0530] "GET /fidouaf_test/ HTTP/1.1" 404 949
127.0.0.1 - - [29/Nov/2016:21:10:57 +0530] "GET / HTTP/1.1" 404 951
0:0:0:0:0:0:0:1 - - [29/Nov/2016:21:11:57 +0530] "POST /fidouaf_test/v1/public/notifyAppAuthentication HTTP/1.1" 200 65
127.0.0.1 - - [29/Nov/2016:21:25:14 +0530] "GET / HTTP/1.1" 404 951
127.0.0.1 - - [29/Nov/2016:21:25:16 +0530] "GET /fidouaf_test/ HTTP/1.1" 404 949
127.0.0.1 - - [29/Nov/2016:21:25:46 +0530] "GET / HTTP/1.1" 404 951
0:0:0:0:0:0:0:1 - - [29/Nov/2016:21:25:54 +0530] "POST /fidouaf_test/v1/public/deregRequest HTTP/1.1" 200 49
127.0.0.1 - - [29/Nov/2016:21:27:11 +0530] "GET / HTTP/1.1" 404 951
0:0:0:0:0:0:0:1 - - [29/Nov/2016:21:28:47 +0530] "POST /fidouaf_test/v1/public/deregRequest HTTP/1.1" 200 49
127.0.0.1 - - [29/Nov/2016:21:52:38 +0530] "GET / HTTP/1.1" 404 951
0:0:0:0:0:0:0:1 - - [29/Nov/2016:21:55:20 +0530] "POST /fidouaf_test/v1/public/deregRequest HTTP/1.1" 200 49
0:0:0:0:0:0:0:1 - - [29/Nov/2016:21:58:10 +0530] "POST /fidouaf_test/v1/public/deregRequest HTTP/1.1" 200 49
0:0:0:0:0:0:0:1 - - [29/Nov/2016:21:59:58 +0530] "POST /fidouaf_test/v1/public/deregRequest HTTP/1.1" 200 49
127.0.0.1 - - [29/Nov/2016:22:05:54 +0530] "GET / HTTP/1.1" 404 951
127.0.0.1 - - [29/Nov/2016:22:05:55 +0530] "GET /fidouaf_test/ HTTP/1.1" 404 949
127.0.0.1 - - [29/Nov/2016:22:06:22 +0530] "GET / HTTP/1.1" 404 951
0:0:0:0:0:0:0:1 - - [29/Nov/2016:22:08:16 +0530] "POST /fidouaf_test/v1/public/deregRequest HTTP/1.1" 200 49
127.0.0.1 - - [29/Nov/2016:22:14:03 +0530] "GET / HTTP/1.1" 404 951
127.0.0.1 - - [29/Nov/2016:22:14:04 +0530] "GET /fidouaf_test/ HTTP/1.1" 404 949
127.0.0.1 - - [29/Nov/2016:22:14:35 +0530] "GET / HTTP/1.1" 404 951
0:0:0:0:0:0:0:1 - - [29/Nov/2016:22:16:19 +0530] "POST /fidouaf_test/v1/public/deregRequest HTTP/1.1" 200 49
127.0.0.1 - - [29/Nov/2016:22:25:46 +0530] "GET / HTTP/1.1" 404 951
127.0.0.1 - - [29/Nov/2016:22:25:47 +0530] "GET /fidouaf_test/ HTTP/1.1" 404 949
127.0.0.1 - - [29/Nov/2016:22:26:09 +0530] "GET / HTTP/1.1" 404 951
0:0:0:0:0:0:0:1 - - [29/Nov/2016:22:26:46 +0530] "POST /fidouaf_test/v1/public/deregRequest HTTP/1.1" 200 49
127.0.0.1 - - [29/Nov/2016:22:29:04 +0530] "GET / HTTP/1.1" 404 951
0:0:0:0:0:0:0:1 - - [29/Nov/2016:22:29:08 +0530] "POST /fidouaf_test/v1/public/deregRequest HTTP/1.1" 406 1067
0:0:0:0:0:0:0:1 - - [29/Nov/2016:22:29:19 +0530] "POST /fidouaf_test/v1/public/deregRequest HTTP/1.1" 406 1067
127.0.0.1 - - [29/Nov/2016:22:30:54 +0530] "GET / HTTP/1.1" 404 951
127.0.0.1 - - [29/Nov/2016:22:30:55 +0530] "GET /fidouaf_test/ HTTP/1.1" 404 949
127.0.0.1 - - [29/Nov/2016:22:31:13 +0530] "GET / HTTP/1.1" 404 951
0:0:0:0:0:0:0:1 - - [29/Nov/2016:22:31:45 +0530] "POST /fidouaf_test/v1/public/deregRequest HTTP/1.1" 200 49
127.0.0.1 - - [29/Nov/2016:22:34:06 +0530] "GET / HTTP/1.1" 404 951
0:0:0:0:0:0:0:1 - - [29/Nov/2016:22:35:42 +0530] "GET /fidouaf_test/v1/public/dologout HTTP/1.1" 500 4110
127.0.0.1 - - [29/Nov/2016:22:37:46 +0530] "GET / HTTP/1.1" 404 951
127.0.0.1 - - [29/Nov/2016:22:40:59 +0530] "GET / HTTP/1.1" 404 951
127.0.0.1 - - [29/Nov/2016:22:41:00 +0530] "GET /fidouaf_test/ HTTP/1.1" 404 949
127.0.0.1 - - [29/Nov/2016:22:41:22 +0530] "GET / HTTP/1.1" 404 951
0:0:0:0:0:0:0:1 - - [29/Nov/2016:22:42:16 +0530] "POST /fidouaf_test/v1/public/deregRequest HTTP/1.1" 200 49
